******************************************************************************
                  TI ARM Linker PC v20.2.1                     
******************************************************************************
>> Linked Mon Feb  8 14:00:57 2021

OUTPUT FILE NAME:   <event_MSP_EXP432P401R_tirtos_ccs.out>
ENTRY POINT SYMBOL: "_c_int00"  address: 00004019


MEMORY CONFIGURATION

         name            origin    length      used     unused   attr    fill
----------------------  --------  ---------  --------  --------  ----  --------
  MAIN                  00000000   00040000  00007fa9  00038057  R  X
  INFO                  00200000   00004000  00000000  00004000  R  X
  SRAM_CODE             01000000   00010000  000096c8  00006938  RW X
  SRAM_DATA             20000000   00010000  000096c8  00006938  RW  


SEGMENT ALLOCATION MAP

run origin  load origin   length   init length attrs members
----------  ----------- ---------- ----------- ----- -------
00000000    00000000    00007fb0   00007fb0    r-x
  00000000    00000000    0000003c   0000003c    r-- .resetVecs
  00000040    00000040    00005e5a   00005e5a    r-x .text
  00005e9c    00005e9c    00001eeb   00001eeb    r-- .const
  00007d88    00007d88    00000228   00000228    r-- .cinit
20000140    20000140    00008000   00000000    r--
  20000140    20000140    00008000   00000000    r-- .priheap
20008140    20008140    00001188   00000000    rw-
  20008140    20008140    00000c08   00000000    rw- .bss
  20008d48    20008d48    00000580   00000000    rw- .data
2000fc00    2000fc00    00000400   00000000    rw-
  2000fc00    2000fc00    00000400   00000000    rw- .stack


SECTION ALLOCATION MAP

 output                                  attributes/
section   page    origin      length       input sections
--------  ----  ----------  ----------   ----------------
.text      0    00000040    00005e5a     
                  00000040    00000430     sysbios.aem4f : BIOS.obj (.text:ti_sysbios_family_arm_m3_Hwi_excDumpRegs__I)
                  00000470    00000340     ti.targets.arm.rtsarm.aem4f : System.oem4f (.text:xdc_runtime_System_doPrint__I)
                  000007b0    000002f8     drivers_msp432p401x.aem4f : PowerMSP432.oem4f (.text:Power_sleep)
                  00000aa8    0000028a     msp432p4xx_driverlib.lib : pcm.o (.text:__PCM_setPowerStateAdvanced)
                  00000d32    00000002     ti_drivers_config.obj (.text:Board_initHook)
                  00000d34    00000288     drivers_msp432p401x.aem4f : PowerMSP432.oem4f (.text:initPerfControl)
                  00000fbc    000001c4     event.obj (.text:readertask)
                  00001180    00000174     sysbios.aem4f : BIOS.obj (.text:ti_sysbios_family_arm_m3_Hwi_excBusFault__I)
                  000012f4    00000170     event.obj (.text:main)
                  00001464    00000004     msp432p4xx_driverlib.lib : cpu.o (.text:CPU_wfi)
                  00001468    00000164     sysbios.aem4f : BIOS.obj (.text:ti_sysbios_family_arm_m3_Hwi_excUsageFault__I)
                  000015cc    00000004     rtsv7M4_T_le_v4SPD16_eabi.lib : exit.c.obj (.text:abort:abort)
                  000015d0    00000160     sysbios.aem4f : BIOS.obj (.text:ti_sysbios_knl_Semaphore_pend__E)
                  00001730    0000015c     msp432p4xx_driverlib.lib : pcm.o (.text:__PCM_setPowerModeAdvanced)
                  0000188c    00000004     event_pem4f.oem4f (.text:ti_sysbios_BIOS_RtsGateProxy_enter__E)
                  00001890    00000158     sysbios.aem4f : BIOS.obj (.text:ti_sysbios_knl_Event_pend__E)
                  000019e8    00000148                   : BIOS.obj (.text:ti_sysbios_family_arm_m3_Hwi_excMemFault__I)
                  00001b30    0000010c                   : BIOS.obj (.text:ti_sysbios_family_arm_m3_Hwi_excHandlerMax__I)
                  00001c3c    00000108     msp432p4xx_driverlib.lib : pcm.o (.text:__PCM_setCoreVoltageLevelAdvanced)
                  00001d44    00000004     event_pem4f.oem4f (.text:ti_sysbios_BIOS_RtsGateProxy_leave__E)
                  00001d48    00000108     sysbios.aem4f : BIOS.obj (.text:ti_sysbios_family_arm_m3_Hwi_excFillContext__I)
                  00001e50    00000106     event_pem4f.oem4f (.text:xdc_runtime_System_printfExtend__I)
                  00001f56    00000002     dpl_msp432p401x.aem4f : PowerMSP432_tirtos.oem4f (.text:PowerMSP432_initPolicy)
                  00001f58    000000fc     ti.targets.arm.rtsarm.aem4f : Startup.oem4f (.text:xdc_runtime_Startup_startMods__I)
                  00002054    000000f0     sysbios.aem4f : m3_Hwi_asm.obj (.text:ti_sysbios_family_arm_m3_Hwi_dispatch__I)
                  00002144    000000e8     ti.targets.arm.rtsarm.aem4f : Core-mem.oem4f (.text:xdc_runtime_Core_createObject__I)
                  0000222c    000000e8                                 : Error.oem4f (.text:xdc_runtime_Error_policyDefault__E)
                  00002314    000000e4     msp432p4xx_driverlib.lib : cs.o (.text:CS_startHFXTWithTimeout)
                  000023f8    000000e0                              : cs.o (.text:CS_startLFXTWithTimeout)
                  000024d8    000000dc                              : cs.o (.text:_CSGetHFXTFrequency)
                  000025b4    00000004     event_pem4f.oem4f (.text:ti_sysbios_family_arm_m3_TaskSupport_Module__startupDone__S)
                  000025b8    000000d8     sysbios.aem4f : BIOS.obj (.text:ti_sysbios_knl_Mailbox_Instance_init__E)
                  00002690    000000cc     ti.targets.arm.rtsarm.aem4f : Core-smem.oem4f (.text:xdc_runtime_Core_constructObject__I)
                  0000275c    00000004     event_pem4f.oem4f (.text:ti_sysbios_heaps_HeapMem_Module_GateProxy_enter__E)
                  00002760    000000c8     sysbios.aem4f : BIOS.obj (.text:ti_sysbios_family_arm_msp432_init_Boot_setupCS)
                  00002828    000000c4                   : BIOS.obj (.text:ti_sysbios_knl_Task_Instance_init__E)
                  000028ec    00000004     event_pem4f.oem4f (.text:ti_sysbios_heaps_HeapMem_Module_GateProxy_leave__E)
                  000028f0    000000bc     sysbios.aem4f : BIOS.obj (.text:ti_sysbios_family_arm_m3_Hwi_excDebugMon__I)
                  000029ac    00000004     event_pem4f.oem4f (.text:ti_sysbios_knl_Clock_TimerProxy_getMaxTicks__E)
                  000029b0    000000bc     sysbios.aem4f : BIOS.obj (.text:ti_sysbios_family_arm_m3_Hwi_excHardFault__I)
                  00002a6c    00000004     ti.targets.arm.rtsarm.aem4f : Error.oem4f (.text:xdc_runtime_Error_getSite__E)
                  00002a70    000000b4     sysbios.aem4f : BIOS.obj (.text:ti_sysbios_knl_Task_Instance_finalize__E)
                  00002b24    00000004     event_pem4f.oem4f (.text:xdc_runtime_System_Module_GateProxy_enter__E)
                  00002b28    000000b4     sysbios.aem4f : BIOS.obj (.text:ti_sysbios_knl_Task_checkStacks__E)
                  00002bdc    00000004     event_pem4f.oem4f (.text:xdc_runtime_System_Module_GateProxy_leave__E)
                  00002be0    000000ac     sysbios.aem4f : BIOS.obj (.text:ti_sysbios_family_arm_m3_Hwi_Instance_init__E)
                  00002c8c    00000004     ti.targets.arm.rtsarm.aem4f : System.oem4f (.text:xdc_runtime_System_aprintf_va__F)
                  00002c90    000000a8     sysbios.aem4f : BIOS.obj (.text:ti_sysbios_family_arm_msp432_Timer_periodicStub__E)
                  00002d38    000000a2     ti.targets.arm.rtsarm.aem4f : Text.oem4f (.text:xdc_runtime_Text_putSite__E)
                  00002dda    00000002     rtsv7M4_T_le_v4SPD16_eabi.lib : _lock.c.obj (.text:_nop)
                  00002ddc    000000a0     auto_init.aem4f : auto_init.oem4f (.text)
                  00002e7c    0000009c     drivers_msp432p401x.aem4f : PowerMSP432.oem4f (.text:Power_init)
                  00002f18    0000009c     rtsv7M4_T_le_v4SPD16_eabi.lib : memcpy_t2.asm.obj (.text)
                  00002fb4    00000004     ti.targets.arm.rtsarm.aem4f : System.oem4f (.text:xdc_runtime_System_printf_va__F)
                  00002fb8    00000094     sysbios.aem4f : BIOS.obj (.text:ti_sysbios_family_arm_m3_Hwi_initNVIC__E)
                  0000304c    0000008c                   : m3_TaskSupport_asm.obj (.text:ti_sysbios_family_arm_m3_TaskSupport_buildTaskStack)
                  000030d8    0000008c                   : BIOS.obj (.text:ti_sysbios_knl_Event_post__E)
                  00003164    00000002     rtsv7M4_T_le_v4SPD16_eabi.lib : div0.asm.obj (.text)
                  00003166    00000002     event_pem4f.oem4f (.text:ti_sysbios_BIOS_nullFunc__I)
                  00003168    0000008c     sysbios.aem4f : BIOS.obj (.text:ti_sysbios_knl_Task_postInit__I)
                  000031f4    0000008c     event.obj (.text:writertask)
                  00003280    00000088     sysbios.aem4f : BIOS.obj (.text:ti_sysbios_knl_Mailbox_post__E)
                  00003308    00000084     msp432p4xx_driverlib.lib : pcm.o (.text:PCM_gotoLPM3)
                  0000338c    00000084     drivers_msp432p401x.aem4f : PowerMSP432.oem4f (.text:restartHFXT)
                  00003410    00000084     sysbios.aem4f : BIOS.obj (.text:ti_sysbios_family_arm_m3_Hwi_postInit__I)
                  00003494    00000004     --HOLE-- [fill = 0]
                  00003498    00000084                   : BIOS.obj (.text:ti_sysbios_heaps_HeapMem_free__E)
                  0000351c    00000004     --HOLE-- [fill = 0]
                  00003520    00000080                   : BIOS.obj (.text:ti_sysbios_knl_Clock_workFunc__E)
                  000035a0    0000007c                   : BIOS.obj (.text:ti_sysbios_knl_Semaphore_post__E)
                  0000361c    0000007a     rtsv7M4_T_le_v4SPD16_eabi.lib : memset_t2.asm.obj (.text)
                  00003696    00000002     --HOLE-- [fill = 0]
                  00003698    0000007a     sysbios.aem4f : BIOS.obj (.text:ti_sysbios_heaps_HeapMem_allocUnprotected__E)
                  00003712    00000006     ti.targets.arm.rtsarm.aem4f : System.oem4f (.text:xdc_runtime_System_Module_startup__E)
                  00003718    00000078     sysbios.aem4f : BIOS.obj (.text:ti_sysbios_heaps_HeapMem_initPrimary__I)
                  00003790    00000074                   : BIOS.obj (.text:ti_sysbios_knl_Mailbox_pend__E)
                  00003804    00000074     ti.targets.arm.rtsarm.aem4f : Error.oem4f (.text:xdc_runtime_Error_print__E)
                  00003878    00000074                                 : Text.oem4f (.text:xdc_runtime_Text_putMod__E)
                  000038ec    00000004     --HOLE-- [fill = 0]
                  000038f0    00000070     sysbios.aem4f : BIOS.obj (.text:ti_sysbios_knl_Mailbox_Instance_finalize__E)
                  00003960    00000070                   : BIOS.obj (.text:ti_sysbios_knl_Semaphore_Instance_init__E)
                  000039d0    00000070                   : BIOS.obj (.text:ti_sysbios_knl_Task_exit__E)
                  00003a40    00000070     ti.targets.arm.rtsarm.aem4f : Memory.oem4f (.text:xdc_runtime_Memory_alloc__E)
                  00003ab0    0000006d                                 : System.oem4f (.text:xdc_runtime_System_formatNum__I)
                  00003b1d    00000003     --HOLE-- [fill = 0]
                  00003b20    0000006c     sysbios.aem4f : BIOS.obj (.text:ti_sysbios_knl_Swi_restoreHwi__E)
                  00003b8c    00000068     rtsv7M4_T_le_v4SPD16_eabi.lib : copy_decompress_lzss.c.obj (.text:decompress:lzss:__TI_decompress_lzss)
                  00003bf4    00000066     ti.targets.arm.rtsarm.aem4f : Core-mem.oem4f (.text:xdc_runtime_Core_deleteObject__I)
                  00003c5a    00000006     --HOLE-- [fill = 0]
                  00003c60    00000064     sysbios.aem4f : BIOS.obj (.text:ti_sysbios_family_arm_m3_Hwi_dispatchC__I)
                  00003cc4    00000004     --HOLE-- [fill = 0]
                  00003cc8    00000060                   : BIOS.obj (.text:ti_sysbios_knl_Task_schedule__I)
                  00003d28    0000005f     ti.targets.arm.rtsarm.aem4f : Text.oem4f (.text:xdc_runtime_Text_putLab__E)
                  00003d87    00000001     --HOLE-- [fill = 0]
                  00003d88    0000005e     msp432p4xx_driverlib.lib : pcm.o (.text:PCM_getCoreVoltageLevel)
                  00003de6    00000002     --HOLE-- [fill = 0]
                  00003de8    0000005c     sysbios.aem4f : BIOS.obj (.text:ti_sysbios_knl_Swi_run__I)
                  00003e44    00000004     --HOLE-- [fill = 0]
                  00003e48    0000005c                   : BIOS.obj (.text:ti_sysbios_knl_Swi_schedule__I)
                  00003ea4    00000004     --HOLE-- [fill = 0]
                  00003ea8    0000005c                   : BIOS.obj (.text:ti_sysbios_knl_Task_Module_startup__E)
                  00003f04    00000004     --HOLE-- [fill = 0]
                  00003f08    0000005c                   : BIOS.obj (.text:ti_sysbios_knl_Task_startCore__E)
                  00003f64    0000005a     msp432p4xx_driverlib.lib : pcm.o (.text:PCM_getPowerMode)
                  00003fbe    00000002     --HOLE-- [fill = 0]
                  00003fc0    00000058     rtsv7M4_T_le_v4SPD16_eabi.lib : hostwrite.c.obj (.text:HOSTwrite)
                  00004018    00000058     boot.aem4f : boot.oem4f (.text)
                  00004070    00000058     sysbios.aem4f : m3_Hwi_asm_switch.obj (.text:ti_sysbios_family_arm_m3_Hwi_initStacks__E)
                  000040c8    00000058                   : BIOS.obj (.text:ti_sysbios_heaps_HeapMem_alloc__E)
                  00004120    00000054     msp432p4xx_driverlib.lib : pcm.o (.text:PCM_shutdownDevice)
                  00004174    00000054     event_pem4f.oem4f (.text:ti_sysbios_family_arm_m3_Hwi_create)
                  000041c8    00000054     sysbios.aem4f : BIOS.obj (.text:ti_sysbios_family_arm_msp432_Timer_initDevice__I)
                  0000421c    00000004     --HOLE-- [fill = 0]
                  00004220    00000050                   : BIOS.obj (.text:ti_sysbios_family_arm_m3_Hwi_Module_startup__E)
                  00004270    00000050     event_pem4f.oem4f (.text:ti_sysbios_knl_Mailbox_construct)
                  000042c0    00000050     ti.targets.arm.rtsarm.aem4f : Startup.oem4f (.text:xdc_runtime_Startup_exec__E)
                  00004310    00000050                                 : Text.oem4f (.text:xdc_runtime_Text_visitRope2__I)
                  00004360    0000004c     dpl_msp432p401x.aem4f : PowerMSP432_tirtos.oem4f (.text:PowerMSP432_sleepPolicy)
                  000043ac    0000004c     rtsv7M4_T_le_v4SPD16_eabi.lib : cpy_tbl.c.obj (.text:copy_in)
                  000043f8    0000004c     sysbios.aem4f : BIOS.obj (.text:ti_sysbios_family_arm_msp432_Timer_start__E)
                  00004444    00000004     --HOLE-- [fill = 0]
                  00004448    0000004c                   : BIOS.obj (.text:ti_sysbios_heaps_HeapMem_getStats__E)
                  00004494    00000004     --HOLE-- [fill = 0]
                  00004498    0000004c                   : BIOS.obj (.text:ti_sysbios_knl_Swi_runLoop__I)
                  000044e4    00000004     --HOLE-- [fill = 0]
                  000044e8    0000004c                   : BIOS.obj (.text:ti_sysbios_knl_Task_allBlockedFunction__I)
                  00004534    0000004c     event_pem4f.oem4f (.text:ti_sysbios_knl_Task_construct)
                  00004580    0000004c     ti.targets.arm.rtsarm.aem4f : Assert.oem4f (.text:xdc_runtime_Assert_raise__I)
                  000045cc    00000004     --HOLE-- [fill = 0]
                  000045d0    00000048     sysbios.aem4f : BIOS.obj (.text:ti_sysbios_family_arm_m3_Hwi_disableInterrupt__E)
                  00004618    00000048                   : BIOS.obj (.text:ti_sysbios_family_arm_m3_Hwi_enableInterrupt__E)
                  00004660    00000048                   : BIOS.obj (.text:ti_sysbios_family_arm_m3_Hwi_excReserved__I)
                  000046a8    00000048                   : BIOS.obj (.text:ti_sysbios_knl_Mailbox_Module_startup__E)
                  000046f0    00000048     ti.targets.arm.rtsarm.aem4f : Core-params.oem4f (.text:xdc_runtime_Core_assignParams__I)
                  00004738    00000044     sysbios.aem4f : BIOS.obj (.text:ti_sysbios_family_arm_m3_Hwi_getStackInfo__E)
                  0000477c    00000004     --HOLE-- [fill = 0]
                  00004780    00000044                   : BIOS.obj (.text:ti_sysbios_knl_Swi_post__E)
                  000047c4    00000044     ti.targets.arm.rtsarm.aem4f : Error.oem4f (.text:xdc_runtime_Error_setX__E)
                  00004808    00000044                                 : SysMin.oem4f (.text:xdc_runtime_SysMin_flush__E)
                  0000484c    00000044                                 : Text.oem4f (.text:xdc_runtime_Text_xprintf__I)
                  00004890    00000040     dpl_msp432p401x.aem4f : HwiP_tirtos.oem4f (.text:HwiP_create)
                  000048d0    00000040     rtsv7M4_T_le_v4SPD16_eabi.lib : u_divt2.asm.obj (.text)
                  00004910    00000040     sysbios.aem4f : BIOS.obj (.text:ti_sysbios_family_arm_msp432_Timer_Module_startup__E)
                  00004950    00000040                   : BIOS.obj (.text:ti_sysbios_family_arm_msp432_Timer_startup__E)
                  00004990    00000040                   : BIOS.obj (.text:ti_sysbios_heaps_HeapMem_Instance_init__E)
                  000049d0    0000003c                   : BIOS.obj (.text:ti_sysbios_family_arm_m3_Hwi_Instance_finalize__E)
                  00004a0c    00000004     --HOLE-- [fill = 0]
                  00004a10    0000003c                   : BIOS.obj (.text:ti_sysbios_family_arm_m3_Hwi_excSvCall__I)
                  00004a4c    00000004     --HOLE-- [fill = 0]
                  00004a50    0000003c                   : BIOS.obj (.text:ti_sysbios_knl_Clock_Instance_init__E)
                  00004a8c    00000004     --HOLE-- [fill = 0]
                  00004a90    0000003c                   : BIOS.obj (.text:ti_sysbios_knl_Swi_restore__E)
                  00004acc    00000038     rtsv7M4_T_le_v4SPD16_eabi.lib : trgmsg.c.obj (.text:__TI_writemsg)
                  00004b04    00000038     drivers_msp432p401x.aem4f : PowerMSP432.oem4f (.text:notify)
                  00004b3c    00000004     --HOLE-- [fill = 0]
                  00004b40    00000038     sysbios.aem4f : BIOS.obj (.text:ti_sysbios_family_arm_m3_Hwi_excNoIsr__I)
                  00004b78    00000038                   : BIOS.obj (.text:ti_sysbios_knl_Task_processVitalTaskFlag__I)
                  00004bb0    00000038     ti.targets.arm.rtsarm.aem4f : System.oem4f (.text:xdc_runtime_System_atexit__E)
                  00004be8    00000034     rtsv7M4_T_le_v4SPD16_eabi.lib : trgmsg.c.obj (.text:__TI_readmsg)
                  00004c1c    00000004     --HOLE-- [fill = 0]
                  00004c20    00000034     sysbios.aem4f : BIOS.obj (.text:ti_sysbios_family_arm_m3_Hwi_excNmi__I)
                  00004c54    00000004     --HOLE-- [fill = 0]
                  00004c58    00000034                   : BIOS.obj (.text:ti_sysbios_family_arm_msp432_init_Boot_configureClocksHigh)
                  00004c8c    00000004     --HOLE-- [fill = 0]
                  00004c90    00000034                   : BIOS.obj (.text:ti_sysbios_hal_Hwi_checkStack)
                  00004cc4    00000034     ti.targets.arm.rtsarm.aem4f : SysMin.oem4f (.text:xdc_runtime_SysMin_abort__E)
                  00004cf8    00000034                                 : SysMin.oem4f (.text:xdc_runtime_SysMin_putch__E)
                  00004d2c    00000004     --HOLE-- [fill = 0]
                  00004d30    00000032     sysbios.aem4f : BIOS.obj (.text:ti_sysbios_hal_Hwi_initStack)
                  00004d62    00000002     --HOLE-- [fill = 0]
                  00004d64    00000030     event_pem4f.oem4f (.text:ti_sysbios_BIOS_atExitFunc__I)
                  00004d94    00000030     event_pem4f.oem4f (.text:ti_sysbios_BIOS_startFunc__I)
                  00004dc4    00000004     --HOLE-- [fill = 0]
                  00004dc8    00000030     sysbios.aem4f : BIOS.obj (.text:ti_sysbios_family_arm_m3_TaskSupport_start__E)
                  00004df8    00000030                   : BIOS.obj (.text:ti_sysbios_family_arm_msp432_Timer_setPeriod__E)
                  00004e28    00000030     event_pem4f.oem4f (.text:ti_sysbios_gates_GateHwi_Object__create__S)
                  00004e58    00000030     event_pem4f.oem4f (.text:ti_sysbios_gates_GateMutex_Object__create__S)
                  00004e88    00000030     sysbios.aem4f : BIOS.obj (.text:ti_sysbios_gates_GateMutex_enter__E)
                  00004eb8    00000030     event_pem4f.oem4f (.text:ti_sysbios_heaps_HeapMem_Object__create__S)
                  00004ee8    00000030     event_pem4f.oem4f (.text:ti_sysbios_knl_Clock_construct)
                  00004f18    00000030     sysbios.aem4f : BIOS.obj (.text:ti_sysbios_knl_Event_pendTimeout__I)
                  00004f48    00000030                   : BIOS.obj (.text:ti_sysbios_knl_Mailbox_postInit__I)
                  00004f78    00000030     event_pem4f.oem4f (.text:ti_sysbios_knl_Semaphore_construct)
                  00004fa8    00000030     sysbios.aem4f : BIOS.obj (.text:ti_sysbios_knl_Semaphore_pendTimeout__I)
                  00004fd8    00000030                   : BIOS.obj (.text:ti_sysbios_knl_Task_restore__E)
                  00005008    00000030                   : BIOS.obj (.text:ti_sysbios_knl_Task_unblockI__E)
                  00005038    00000030     event_pem4f.oem4f (.text:xdc_runtime_Error_policyLog__I)
                  00005068    00000030     ti.targets.arm.rtsarm.aem4f : System.oem4f (.text:xdc_runtime_System_processAtExit__E)
                  00005098    0000002f                                 : Text.oem4f (.text:xdc_runtime_Text_printVisFxn__I)
                  000050c7    00000001     --HOLE-- [fill = 0]
                  000050c8    0000002c     dpl_msp432p401x.aem4f : PowerMSP432_tirtos.oem4f (.text:PowerMSP432_updateFreqs)
                  000050f4    0000002c     msp432p4xx_driverlib.lib : rtc_c.o (.text:RTC_C_holdClock)
                  00005120    0000002c     event_pem4f.oem4f (.text:ti_sysbios_family_arm_m3_Hwi_Handle__label__S)
                  0000514c    0000002c     event_pem4f.oem4f (.text:ti_sysbios_gates_GateHwi_Handle__label__S)
                  00005178    0000002c     event_pem4f.oem4f (.text:ti_sysbios_gates_GateMutex_Handle__label__S)
                  000051a4    0000002c     event_pem4f.oem4f (.text:ti_sysbios_heaps_HeapMem_Handle__label__S)
                  000051d0    0000002c     event_pem4f.oem4f (.text:ti_sysbios_knl_Clock_doTick__I)
                  000051fc    0000002c     event_pem4f.oem4f (.text:ti_sysbios_knl_Event_construct)
                  00005228    0000002c     event_pem4f.oem4f (.text:ti_sysbios_knl_Queue_construct)
                  00005254    0000002c     event_pem4f.oem4f (.text:ti_sysbios_knl_Swi_Handle__label__S)
                  00005280    0000002c     event_pem4f.oem4f (.text:ti_sysbios_knl_Task_Handle__label__S)
                  000052ac    0000002c     ti.targets.arm.rtsarm.aem4f : System.oem4f (.text:xdc_runtime_System_putchar__I)
                  000052d8    00000028     msp432p4xx_driverlib.lib : pcm.o (.text:PCM_gotoLPM0)
                  00005300    00000028     drivers_msp432p401x.aem4f : PowerMSP432.oem4f (.text:disableFaultCounter)
                  00005328    00000028                               : PowerMSP432.oem4f (.text:disableHFXT)
                  00005350    00000028     sysbios.aem4f : m3_Hwi_asm.obj (.text:ti_sysbios_family_arm_m3_Hwi_excHandlerAsm__I)
                  00005378    00000028                   : BIOS.obj (.text:ti_sysbios_knl_Clock_addI__E)
                  000053a0    00000028                   : BIOS.obj (.text:ti_sysbios_knl_Semaphore_Instance_finalize__E)
                  000053c8    00000028                   : BIOS.obj (.text:ti_sysbios_knl_Swi_Module_startup__E)
                  000053f0    00000028     ti.targets.arm.rtsarm.aem4f : System.oem4f (.text:xdc_runtime_System_avprintf__E)
                  00005418    00000026     sysbios.aem4f : m3_Hwi_asm.obj (.text:ti_sysbios_family_arm_m3_Hwi_pendSV__I)
                  0000543e    00000026     ti.targets.arm.rtsarm.aem4f : System.oem4f (.text:xdc_runtime_System_vprintf__E)
                  00005464    00000024     msp432p4xx_driverlib.lib : wdt_a.o (.text:WDT_A_holdTimer)
                  00005488    00000024     event.obj (.text:clk0Fxn)
                  000054ac    00000024     event_pem4f.oem4f (.text:ti_sysbios_BIOS_errorRaiseHook__I)
                  000054d0    00000024     event_pem4f.oem4f (.text:ti_sysbios_BIOS_registerRTSLock__I)
                  000054f4    00000024     event_pem4f.oem4f (.text:ti_sysbios_BIOS_removeRTSLock__I)
                  00005518    00000024     sysbios.aem4f : BIOS.obj (.text:ti_sysbios_family_arm_msp432_ClockFreqs_setFrequency__E)
                  0000553c    00000004     --HOLE-- [fill = 0]
                  00005540    00000024                   : BIOS.obj (.text:ti_sysbios_family_arm_msp432_Timer_postInit__I)
                  00005564    00000024     event_pem4f.oem4f (.text:ti_sysbios_gates_GateMutex_Object__delete__S)
                  00005588    00000024     sysbios.aem4f : BIOS.obj (.text:ti_sysbios_knl_Clock_Module_startup__E)
                  000055ac    00000004     --HOLE-- [fill = 0]
                  000055b0    00000024                   : BIOS.obj (.text:ti_sysbios_knl_Clock_start__E)
                  000055d4    00000004     --HOLE-- [fill = 0]
                  000055d8    00000024                   : BIOS.obj (.text:ti_sysbios_knl_Task_restoreHwi__E)
                  000055fc    00000022     event_pem4f.oem4f (.text:xdc_runtime_SysMin_output__I)
                  0000561e    00000002     --HOLE-- [fill = 0]
                  00005620    00000020     msp432p4xx_driverlib.lib : cs.o (.text:CS_setExternalClockSourceFrequency)
                  00005640    00000020     event_pem4f.oem4f (.text:ti_sysbios_BIOS_rtsLock__I)
                  00005660    00000020     event_pem4f.oem4f (.text:ti_sysbios_gates_GateHwi_Object__delete__S)
                  00005680    00000020     event_pem4f.oem4f (.text:ti_sysbios_heaps_HeapMem_Object__delete__S)
                  000056a0    00000020     sysbios.aem4f : BIOS.obj (.text:ti_sysbios_knl_Idle_run__E)
                  000056c0    00000020     event_pem4f.oem4f (.text:ti_sysbios_knl_Semaphore_destruct)
                  000056e0    00000020     ti.targets.arm.rtsarm.aem4f : SysMin.oem4f (.text:xdc_runtime_SysMin_Module_startup__E)
                  00005700    0000001e     sysbios.aem4f : m3_Hwi_asm_switch.obj (.text:ti_sysbios_family_xxx_Hwi_switchAndRunFunc)
                  0000571e    00000002     --HOLE-- [fill = 0]
                  00005720    0000001c                   : BIOS.obj (.text:ti_sysbios_family_arm_m3_Hwi_excHandler__I)
                  0000573c    00000004     --HOLE-- [fill = 0]
                  00005740    0000001c                   : BIOS.obj (.text:ti_sysbios_gates_GateMutex_Instance_init__E)
                  0000575c    0000001c     event_pem4f.oem4f (.text:ti_sysbios_knl_Queue_destruct)
                  00005778    0000001c     sysbios.aem4f : BIOS.obj (.text:ti_sysbios_knl_Queue_get__E)
                  00005794    00000004     --HOLE-- [fill = 0]
                  00005798    0000001c                   : BIOS.obj (.text:ti_sysbios_knl_Queue_put__E)
                  000057b4    00000004     --HOLE-- [fill = 0]
                  000057b8    0000001c                   : BIOS.obj (.text:ti_sysbios_knl_Task_enter__I)
                  000057d4    0000001c     ti.targets.arm.rtsarm.aem4f : Error.oem4f (.text:xdc_runtime_Error_check__E)
                  000057f0    0000001c                                 : Error.oem4f (.text:xdc_runtime_Error_raiseX__E)
                  0000580c    0000001c                                 : Memory.oem4f (.text:xdc_runtime_Memory_valloc__E)
                  00005828    0000001c                                 : Registry.oem4f (.text:xdc_runtime_Registry_findById__E)
                  00005844    0000001c                                 : SysMin.oem4f (.text:xdc_runtime_SysMin_exit__E)
                  00005860    0000001c                                 : System.oem4f (.text:xdc_runtime_System_abort__E)
                  0000587c    0000001c                                 : Text.oem4f (.text:xdc_runtime_Text_ropeText__E)
                  00005898    0000001a     event_pem4f.oem4f (.text:xdc_runtime_System_aprintf__E)
                  000058b2    0000001a     event_pem4f.oem4f (.text:xdc_runtime_System_printf__E)
                  000058cc    00000018     event_pem4f.oem4f (.text:.bootCodeSection:ti_sysbios_family_arm_msp432_init_Boot_init__I)
                  000058e4    00000018     msp432p4xx_driverlib.lib : sysctl_a.o (.text:SysCtl_A_disableNMISource)
                  000058fc    00000018                              : sysctl_a.o (.text:SysCtl_A_enableNMISource)
                  00005914    00000018     rtsv7M4_T_le_v4SPD16_eabi.lib : args_main.c.obj (.text:_args_main)
                  0000592c    00000018     event_pem4f.oem4f (.text:ti_sysbios_BIOS_rtsUnlock__I)
                  00005944    00000018     event_pem4f.oem4f (.text:ti_sysbios_family_arm_m3_Hwi_Module__startupDone__F)
                  0000595c    00000018     sysbios.aem4f : m3_TaskSupport_asm.obj (.text:ti_sysbios_family_arm_m3_TaskSupport_swap__E)
                  00005974    00000018     event_pem4f.oem4f (.text:ti_sysbios_family_arm_msp432_Timer_Module__startupDone__F)
                  0000598c    00000004     --HOLE-- [fill = 0]
                  00005990    00000018     sysbios.aem4f : BIOS.obj (.text:ti_sysbios_gates_GateMutex_leave__E)
                  000059a8    00000018     ti.targets.arm.rtsarm.aem4f : Error.oem4f (.text:xdc_runtime_Error_init__E)
                  000059c0    00000018                                 : System.oem4f (.text:xdc_runtime_System_exit__E)
                  000059d8    00000016     event_pem4f.oem4f (.text:ti_sysbios_BIOS_exitFunc__I)
                  000059ee    00000016     event.obj (.text:ti_sysbios_knl_Clock_Params_init)
                  00005a04    00000016     event.obj (.text:ti_sysbios_knl_Mailbox_Params_init)
                  00005a1a    00000016     event.obj (.text:ti_sysbios_knl_Semaphore_Params_init)
                  00005a30    00000016     event.obj (.text:ti_sysbios_knl_Task_Params_init)
                  00005a46    00000002     --HOLE-- [fill = 0]
                  00005a48    00000016     sysbios.aem4f : BIOS.obj (.text:ti_sysbios_knl_Task_unblock__E)
                  00005a5e    00000002     --HOLE-- [fill = 0]
                  00005a60    00000014     msp432p4xx_driverlib.lib : pcm.o (.text:PCM_getPowerState)
                  00005a74    00000014     drivers_msp432p401x.aem4f : PowerMSP432.oem4f (.text:Power_idleFunc)
                  00005a88    00000014     event.obj (.text:clk1Fxn)
                  00005a9c    00000014     rtsv7M4_T_le_v4SPD16_eabi.lib : strlen.c.obj (.text:strlen)
                  00005ab0    00000014     event_pem4f.oem4f (.text:ti_sysbios_family_arm_m3_Hwi_Object__get__S)
                  00005ac4    00000004     --HOLE-- [fill = 0]
                  00005ac8    00000014     sysbios.aem4f : BIOS.obj (.text:ti_sysbios_family_arm_m3_Hwi_switchFromBootStack__E)
                  00005adc    00000014     event_pem4f.oem4f (.text:ti_sysbios_heaps_HeapMem_Object__get__S)
                  00005af0    00000014     sysbios.aem4f : BIOS.obj (.text:ti_sysbios_knl_Event_Instance_init__E)
                  00005b04    00000014     event_pem4f.oem4f (.text:ti_sysbios_knl_Swi_Object__get__S)
                  00005b18    00000012     sysbios.aem4f : BIOS.obj (.text:ti_sysbios_hal_Hwi_Module_startup__E)
                  00005b2a    00000006     --HOLE-- [fill = 0]
                  00005b30    00000012                   : BIOS.obj (.text:ti_sysbios_knl_Event_sync__E)
                  00005b42    00000012     event_pem4f.oem4f (.text:xdc_runtime_Startup_exec__I)
                  00005b54    00000010     dpl_msp432p401x.aem4f : HwiP_tirtos.oem4f (.text:HwiP_Params_init)
                  00005b64    00000010     msp432p4xx_driverlib.lib : pcm.o (.text:PCM_gotoLPM4)
                  00005b74    00000010                              : pcm.o (.text:PCM_setPowerMode)
                  00005b84    00000010                              : pcm.o (.text:PCM_setPowerState)
                  00005b94    00000010                              : sysctl_a.o (.text:SysCtl_A_getNMISourceStatus)
                  00005ba4    00000010                              : sysctl.o (.text:SysCtl_getNMISourceStatus)
                  00005bb4    00000004     --HOLE-- [fill = 0]
                  00005bb8    00000010     sysbios.aem4f : BIOS.obj (.text:ti_sysbios_BIOS_setCpuFreq__E)
                  00005bc8    00000010                   : BIOS.obj (.text:ti_sysbios_BIOS_setThreadType__E)
                  00005bd8    00000010                   : BIOS.obj (.text:ti_sysbios_BIOS_start__E)
                  00005be8    00000010                   : m3_TaskSupport_asm.obj (.text:ti_sysbios_family_arm_m3_TaskSupport_glue)
                  00005bf8    00000010                   : BIOS.obj (.text:ti_sysbios_family_arm_msp432_init_Boot_disableWatchdog)
                  00005c08    00000010                   : BIOS.obj (.text:ti_sysbios_gates_GateMutex_Instance_finalize__E)
                  00005c18    00000010     event_pem4f.oem4f (.text:ti_sysbios_knl_Mailbox_Object__get__S)
                  00005c28    00000010     sysbios.aem4f : BIOS.obj (.text:ti_sysbios_knl_Swi_disable__E)
                  00005c38    00000010     event_pem4f.oem4f (.text:ti_sysbios_knl_Task_Object__get__S)
                  00005c48    00000010     sysbios.aem4f : BIOS.obj (.text:ti_sysbios_knl_Task_disable__E)
                  00005c58    00000010     ti.targets.arm.rtsarm.aem4f : Gate.oem4f (.text:xdc_runtime_Gate_leaveSystem__E)
                  00005c68    00000010                                 : Memory.oem4f (.text:xdc_runtime_Memory_free__E)
                  00005c78    00000010                                 : SysMin.oem4f (.text:xdc_runtime_SysMin_ready__E)
                  00005c88    00000010                                 : System.oem4f (.text:xdc_runtime_System_vsnprintf__E)
                  00005c98    00000010     event_pem4f.oem4f (.text:xdc_runtime_Text_visitRope__I)
                  00005ca8    0000000e     rtsv7M4_T_le_v4SPD16_eabi.lib : copy_decompress_none.c.obj (.text:decompress:none:__TI_decompress_none)
                  00005cb6    00000002     --HOLE-- [fill = 0]
                  00005cb8    0000000e     sysbios.aem4f : BIOS.obj (.text:ti_sysbios_knl_Clock_removeI__E)
                  00005cc6    00000002     --HOLE-- [fill = 0]
                  00005cc8    0000000e                   : BIOS.obj (.text:ti_sysbios_knl_Idle_loop__E)
                  00005cd6    00000002     --HOLE-- [fill = 0]
                  00005cd8    0000000e                   : BIOS.obj (.text:ti_sysbios_knl_Queue_empty__E)
                  00005ce6    0000000c     ti_drivers_config.obj (.text:Board_init)
                  00005cf2    0000000c     msp432p4xx_driverlib.lib : cpu.o (.text:CPU_cpsid)
                  00005cfe    0000000c                              : cpu.o (.text:CPU_cpsie)
                  00005d0a    00000002     --HOLE-- [fill = 0]
                  00005d0c    0000000c     drivers_msp432p401x.aem4f : PowerMSP432.oem4f (.text:Power_getConstraintMask)
                  00005d18    0000000c     rtsv7M4_T_le_v4SPD16_eabi.lib : _lock.c.obj (.text:_register_lock)
                  00005d24    0000000c                                   : _lock.c.obj (.text:_register_unlock)
                  00005d30    0000000c                                   : copy_zero_init.c.obj (.text:decompress:ZI:__TI_zero_init)
                  00005d3c    0000000c     event_pem4f.oem4f (.text:ti_sysbios_family_arm_m3_Hwi_Params__init__S)
                  00005d48    0000000c     sysbios.aem4f : BIOS.obj (.text:ti_sysbios_family_arm_m3_TaskSupport_checkStack__E)
                  00005d54    00000004     --HOLE-- [fill = 0]
                  00005d58    0000000c                   : BIOS.obj (.text:ti_sysbios_family_arm_m3_TaskSupport_getStackAlignment__E)
                  00005d64    00000004     --HOLE-- [fill = 0]
                  00005d68    0000000c                   : BIOS.obj (.text:ti_sysbios_family_arm_msp432_Timer_getMaxTicks__E)
                  00005d74    00000004     --HOLE-- [fill = 0]
                  00005d78    0000000c                   : BIOS.obj (.text:ti_sysbios_gates_GateHwi_enter__E)
                  00005d84    0000000c     event_pem4f.oem4f (.text:ti_sysbios_knl_Clock_Params__init__S)
                  00005d90    0000000c     event.obj (.text:ti_sysbios_knl_Clock_handle)
                  00005d9c    0000000c     event.obj (.text:ti_sysbios_knl_Event_handle)
                  00005da8    0000000c     event_pem4f.oem4f (.text:ti_sysbios_knl_Mailbox_Params__init__S)
                  00005db4    0000000c     event.obj (.text:ti_sysbios_knl_Mailbox_handle)
                  00005dc0    0000000c     event_pem4f.oem4f (.text:ti_sysbios_knl_Queue_Object__get__S)
                  00005dcc    0000000c     event_pem4f.oem4f (.text:ti_sysbios_knl_Semaphore_Params__init__S)
                  00005dd8    0000000c     event.obj (.text:ti_sysbios_knl_Semaphore_handle)
                  00005de4    0000000c     event_pem4f.oem4f (.text:ti_sysbios_knl_Task_Params__init__S)
                  00005df0    0000000c     ti.targets.arm.rtsarm.aem4f : Gate.oem4f (.text:xdc_runtime_Gate_enterSystem__E)
                  00005dfc    0000000c                                 : Memory.oem4f (.text:xdc_runtime_Memory_calloc__E)
                  00005e08    0000000c                                 : Memory.oem4f (.text:xdc_runtime_Memory_getMaxDefaultTypeAlign__E)
                  00005e14    0000000c                                 : Startup.oem4f (.text:xdc_runtime_Startup_rtsDone__E)
                  00005e20    0000000a     event_pem4f.oem4f (.text:xdc_runtime_IHeap_alloc)
                  00005e2a    0000000a     event_pem4f.oem4f (.text:xdc_runtime_IHeap_free)
                  00005e34    00000004     --HOLE-- [fill = 0]
                  00005e38    00000008     sysbios.aem4f : BIOS.obj (.text:ti_sysbios_family_arm_m3_Hwi_doSwiRestore__I)
                  00005e40    00000008                   : BIOS.obj (.text:ti_sysbios_family_arm_m3_Hwi_startup__E)
                  00005e48    00000006                   : BIOS.obj (.text:ti_sysbios_family_arm_m3_Hwi_doTaskRestore__I)
                  00005e4e    00000002     --HOLE-- [fill = 0]
                  00005e50    00000006                   : BIOS.obj (.text:ti_sysbios_gates_GateHwi_leave__E)
                  00005e56    00000002     --HOLE-- [fill = 0]
                  00005e58    00000006                   : BIOS.obj (.text:ti_sysbios_heaps_HeapMem_isBlocking__E)
                  00005e5e    00000002     --HOLE-- [fill = 0]
                  00005e60    00000006                   : BIOS.obj (.text:ti_sysbios_knl_Queue_Instance_init__E)
                  00005e66    00000002     --HOLE-- [fill = 0]
                  00005e68    00000006                   : BIOS.obj (.text:ti_sysbios_knl_Swi_startup__E)
                  00005e6e    00000002     --HOLE-- [fill = 0]
                  00005e70    00000004                   : BIOS.obj (.text:ti_sysbios_gates_GateHwi_query__E)
                  00005e74    00000004     --HOLE-- [fill = 0]
                  00005e78    00000004                   : BIOS.obj (.text:ti_sysbios_gates_GateMutex_query__E)
                  00005e7c    00000004     --HOLE-- [fill = 0]
                  00005e80    00000004                   : BIOS.obj (.text:ti_sysbios_knl_Task_startup__E)
                  00005e84    00000004     --HOLE-- [fill = 0]
                  00005e88    00000002                   : BIOS.obj (.text:ti_sysbios_BIOS_linkedWithIncorrectBootLibrary__E)
                  00005e8a    00000006     --HOLE-- [fill = 0]
                  00005e90    00000002                   : BIOS.obj (.text:ti_sysbios_gates_GateHwi_Instance_init__E)
                  00005e92    00000006     --HOLE-- [fill = 0]
                  00005e98    00000002                   : BIOS.obj (.text:ti_sysbios_knl_Clock_logTick__E)

.const     0    00005e9c    00001eeb     
                  00005e9c    0000191c     event_pem4f.oem4f (.const:xdc_runtime_Text_charTab__A)
                  000077b8    000000bc     event_pem4f.oem4f (.const:xdc_runtime_Text_nodeTab__A)
                  00007874    0000003c     event_pem4f.oem4f (.const:ti_sysbios_knl_Task_Object__PARAMS__C)
                  000078b0    00000038     ti_drivers_config.obj (.const:PowerMSP432_config)
                  000078e8    00000034     event_pem4f.oem4f (.const:ti_sysbios_knl_Mailbox_Object__PARAMS__C)
                  0000791c    00000030     event_pem4f.oem4f (.const:ti_sysbios_family_arm_m3_Hwi_Object__PARAMS__C)
                  0000794c    00000028     event_pem4f.oem4f (.const:ti_sysbios_heaps_HeapMem_Module__FXNS__C)
                  00007974    00000024     event_pem4f.oem4f (.const:ti_sysbios_gates_GateHwi_Module__FXNS__C)
                  00007998    00000024     event_pem4f.oem4f (.const:ti_sysbios_gates_GateMutex_Module__FXNS__C)
                  000079bc    00000024     event_pem4f.oem4f (.const:ti_sysbios_heaps_HeapMem_Object__PARAMS__C)
                  000079e0    00000024     event_pem4f.oem4f (.const:ti_sysbios_knl_Clock_Object__PARAMS__C)
                  00007a04    00000024     event_pem4f.oem4f (.const:ti_sysbios_knl_Semaphore_Object__PARAMS__C)
                  00007a28    00000024     event_pem4f.oem4f (.const:xdc_runtime_Startup_sfxnTab__A)
                  00007a4c    00000020     event_pem4f.oem4f (.const:ti_sysbios_family_arm_m3_Hwi_Object__DESC__C)
                  00007a6c    00000020     event_pem4f.oem4f (.const:ti_sysbios_gates_GateHwi_Object__DESC__C)
                  00007a8c    00000020     event_pem4f.oem4f (.const:ti_sysbios_gates_GateMutex_Object__DESC__C)
                  00007aac    00000020     event_pem4f.oem4f (.const:ti_sysbios_heaps_HeapMem_Object__DESC__C)
                  00007acc    00000020     event_pem4f.oem4f (.const:ti_sysbios_knl_Clock_Object__DESC__C)
                  00007aec    00000020     event_pem4f.oem4f (.const:ti_sysbios_knl_Event_Object__DESC__C)
                  00007b0c    00000020     event_pem4f.oem4f (.const:ti_sysbios_knl_Mailbox_Object__DESC__C)
                  00007b2c    00000020     event_pem4f.oem4f (.const:ti_sysbios_knl_Queue_Object__DESC__C)
                  00007b4c    00000020     event_pem4f.oem4f (.const:ti_sysbios_knl_Semaphore_Object__DESC__C)
                  00007b6c    00000020     event_pem4f.oem4f (.const:ti_sysbios_knl_Task_Object__DESC__C)
                  00007b8c    00000018     event_pem4f.oem4f (.const:ti_sysbios_gates_GateHwi_Object__PARAMS__C)
                  00007ba4    00000018     event_pem4f.oem4f (.const:ti_sysbios_gates_GateMutex_Object__PARAMS__C)
                  00007bbc    00000018     event_pem4f.oem4f (.const:ti_sysbios_knl_Event_Object__PARAMS__C)
                  00007bd4    00000018     event_pem4f.oem4f (.const:ti_sysbios_knl_Queue_Object__PARAMS__C)
                  00007bec    00000012     event_pem4f.oem4f (.const:xdc_runtime_Startup_sfxnRts__A)
                  00007bfe    00000002     event_pem4f.oem4f (.const:ti_sysbios_family_arm_m3_Hwi_Module__id__C)
                  00007c00    0000000c     event_pem4f.oem4f (.const:xdc_runtime_Startup_firstFxns__A)
                  00007c0c    00000008     event_pem4f.oem4f (.const:ti_sysbios_family_arm_m3_Hwi_excHookFuncs__A)
                  00007c14    00000008     event_pem4f.oem4f (.const:ti_sysbios_knl_Idle_funcList__A)
                  00007c1c    00000008     event_pem4f.oem4f (.const:ti_sysbios_knl_Idle_funcList__C)
                  00007c24    00000008     event_pem4f.oem4f (.const:xdc_runtime_Startup_firstFxns__C)
                  00007c2c    00000008     event_pem4f.oem4f (.const:xdc_runtime_Startup_lastFxns__C)
                  00007c34    00000004     event_pem4f.oem4f (.const:ti_sysbios_family_arm_m3_Hwi_E_NMI__C)
                  00007c38    00000004     event_pem4f.oem4f (.const:ti_sysbios_family_arm_m3_Hwi_E_alreadyDefined__C)
                  00007c3c    00000004     event_pem4f.oem4f (.const:ti_sysbios_family_arm_m3_Hwi_E_badIntNum__C)
                  00007c40    00000004     event_pem4f.oem4f (.const:ti_sysbios_family_arm_m3_Hwi_E_busFault__C)
                  00007c44    00000004     event_pem4f.oem4f (.const:ti_sysbios_family_arm_m3_Hwi_E_debugMon__C)
                  00007c48    00000004     event_pem4f.oem4f (.const:ti_sysbios_family_arm_m3_Hwi_E_hardFault__C)
                  00007c4c    00000004     event_pem4f.oem4f (.const:ti_sysbios_family_arm_m3_Hwi_E_memFault__C)
                  00007c50    00000004     event_pem4f.oem4f (.const:ti_sysbios_family_arm_m3_Hwi_E_noIsr__C)
                  00007c54    00000004     event_pem4f.oem4f (.const:ti_sysbios_family_arm_m3_Hwi_E_reserved__C)
                  00007c58    00000004     event_pem4f.oem4f (.const:ti_sysbios_family_arm_m3_Hwi_E_svCall__C)
                  00007c5c    00000004     event_pem4f.oem4f (.const:ti_sysbios_family_arm_m3_Hwi_E_usageFault__C)
                  00007c60    00000004     event_pem4f.oem4f (.const:ti_sysbios_family_arm_m3_Hwi_NUM_INTERRUPTS__C)
                  00007c64    00000004     event_pem4f.oem4f (.const:ti_sysbios_family_arm_m3_Hwi_Object__count__C)
                  00007c68    00000004     event_pem4f.oem4f (.const:ti_sysbios_family_arm_m3_Hwi_ccr__C)
                  00007c6c    00000004     event_pem4f.oem4f (.const:ti_sysbios_family_arm_m3_Hwi_excHandlerFunc__C)
                  00007c70    00000004     event_pem4f.oem4f (.const:ti_sysbios_family_arm_m3_Hwi_excHookFuncs__C)
                  00007c74    00000004     event_pem4f.oem4f (.const:ti_sysbios_family_arm_m3_Hwi_nullIsrFunc__C)
                  00007c78    00000004     event_pem4f.oem4f (.const:ti_sysbios_family_arm_m3_Hwi_priGroup__C)
                  00007c7c    00000004     event_pem4f.oem4f (.const:ti_sysbios_family_arm_m3_Hwi_swiDisable__C)
                  00007c80    00000004     event_pem4f.oem4f (.const:ti_sysbios_family_arm_m3_Hwi_swiRestore__C)
                  00007c84    00000004     event_pem4f.oem4f (.const:ti_sysbios_family_arm_m3_TaskSupport_stackAlignment__C)
                  00007c88    00000004     event_pem4f.oem4f (.const:ti_sysbios_family_arm_msp432_Timer_numTimerDevices__C)
                  00007c8c    00000004     event_pem4f.oem4f (.const:ti_sysbios_family_arm_msp432_Timer_startupNeeded__C)
                  00007c90    00000004     event_pem4f.oem4f (.const:ti_sysbios_gates_GateMutex_Instance_State_sem__O)
                  00007c94    00000004     event_pem4f.oem4f (.const:ti_sysbios_hal_Hwi_E_stackOverflow__C)
                  00007c98    00000004     event_pem4f.oem4f (.const:ti_sysbios_heaps_HeapMem_E_memory__C)
                  00007c9c    00000004     event_pem4f.oem4f (.const:ti_sysbios_heaps_HeapMem_Module__gateObj__C)
                  00007ca0    00000004     event_pem4f.oem4f (.const:ti_sysbios_heaps_HeapMem_Object__count__C)
                  00007ca4    00000004     event_pem4f.oem4f (.const:ti_sysbios_heaps_HeapMem_primaryHeapBaseAddr__C)
                  00007ca8    00000004     event_pem4f.oem4f (.const:ti_sysbios_heaps_HeapMem_primaryHeapEndAddr__C)
                  00007cac    00000004     event_pem4f.oem4f (.const:ti_sysbios_heaps_HeapMem_reqAlign__C)
                  00007cb0    00000004     event_pem4f.oem4f (.const:ti_sysbios_knl_Clock_Module_State_clockQ__O)
                  00007cb4    00000004     event_pem4f.oem4f (.const:ti_sysbios_knl_Event_Instance_State_pendQ__O)
                  00007cb8    00000004     event_pem4f.oem4f (.const:ti_sysbios_knl_Mailbox_Instance_State_dataQue__O)
                  00007cbc    00000004     event_pem4f.oem4f (.const:ti_sysbios_knl_Mailbox_Instance_State_dataSem__O)
                  00007cc0    00000004     event_pem4f.oem4f (.const:ti_sysbios_knl_Mailbox_Instance_State_freeQue__O)
                  00007cc4    00000004     event_pem4f.oem4f (.const:ti_sysbios_knl_Mailbox_Instance_State_freeSem__O)
                  00007cc8    00000004     event_pem4f.oem4f (.const:ti_sysbios_knl_Mailbox_Object__count__C)
                  00007ccc    00000004     event_pem4f.oem4f (.const:ti_sysbios_knl_Mailbox_maxTypeAlign__C)
                  00007cd0    00000004     event_pem4f.oem4f (.const:ti_sysbios_knl_Semaphore_Instance_State_pendQ__O)
                  00007cd4    00000004     event_pem4f.oem4f (.const:ti_sysbios_knl_Semaphore_eventPost__C)
                  00007cd8    00000004     event_pem4f.oem4f (.const:ti_sysbios_knl_Semaphore_eventSync__C)
                  00007cdc    00000004     event_pem4f.oem4f (.const:ti_sysbios_knl_Swi_Object__count__C)
                  00007ce0    00000004     event_pem4f.oem4f (.const:ti_sysbios_knl_Task_E_spOutOfBounds__C)
                  00007ce4    00000004     event_pem4f.oem4f (.const:ti_sysbios_knl_Task_E_stackOverflow__C)
                  00007ce8    00000004     event_pem4f.oem4f (.const:ti_sysbios_knl_Task_Module_State_inactiveQ__O)
                  00007cec    00000004     event_pem4f.oem4f (.const:ti_sysbios_knl_Task_Object__count__C)
                  00007cf0    00000004     event_pem4f.oem4f (.const:ti_sysbios_knl_Task_allBlockedFunc__C)
                  00007cf4    00000004     event_pem4f.oem4f (.const:ti_sysbios_knl_Task_defaultStackHeap__C)
                  00007cf8    00000004     event_pem4f.oem4f (.const:ti_sysbios_knl_Task_defaultStackSize__C)
                  00007cfc    00000004     event_pem4f.oem4f (.const:ti_sysbios_knl_Task_numConstructedTasks__C)
                  00007d00    00000004     event_pem4f.oem4f (.const:xdc_runtime_Assert_E_assertFailed__C)
                  00007d04    00000004     event_pem4f.oem4f (.const:xdc_runtime_Core_A_initializedParams__C)
                  00007d08    00000004     event_pem4f.oem4f (.const:xdc_runtime_Core_Module__diagsEnabled__C)
                  00007d0c    00000004     event_pem4f.oem4f (.const:xdc_runtime_Core_Module__diagsIncluded__C)
                  00007d10    00000004     event_pem4f.oem4f (.const:xdc_runtime_Core_Module__diagsMask__C)
                  00007d14    00000004     event_pem4f.oem4f (.const:xdc_runtime_Error_E_memory__C)
                  00007d18    00000004     event_pem4f.oem4f (.const:xdc_runtime_Error_policyFxn__C)
                  00007d1c    00000004     event_pem4f.oem4f (.const:xdc_runtime_Error_raiseHook__C)
                  00007d20    00000004     event_pem4f.oem4f (.const:xdc_runtime_IGateProvider_Interface__BASE__C)
                  00007d24    00000004     event_pem4f.oem4f (.const:xdc_runtime_IHeap_Interface__BASE__C)
                  00007d28    00000004     event_pem4f.oem4f (.const:xdc_runtime_IModule_Interface__BASE__C)
                  00007d2c    00000004     event_pem4f.oem4f (.const:xdc_runtime_Memory_defaultHeapInstance__C)
                  00007d30    00000004     event_pem4f.oem4f (.const:xdc_runtime_Startup_execImpl__C)
                  00007d34    00000004     event_pem4f.oem4f (.const:xdc_runtime_Startup_maxPasses__C)
                  00007d38    00000004     event_pem4f.oem4f (.const:xdc_runtime_Startup_sfxnRts__C)
                  00007d3c    00000004     event_pem4f.oem4f (.const:xdc_runtime_Startup_sfxnTab__C)
                  00007d40    00000004     event_pem4f.oem4f (.const:xdc_runtime_SysMin_bufSize__C)
                  00007d44    00000004     event_pem4f.oem4f (.const:xdc_runtime_SysMin_outputFunc__C)
                  00007d48    00000004     event_pem4f.oem4f (.const:xdc_runtime_System_Module__gateObj__C)
                  00007d4c    00000004     event_pem4f.oem4f (.const:xdc_runtime_System_abortFxn__C)
                  00007d50    00000004     event_pem4f.oem4f (.const:xdc_runtime_System_exitFxn__C)
                  00007d54    00000004     event_pem4f.oem4f (.const:xdc_runtime_System_extendFxn__C)
                  00007d58    00000004     event_pem4f.oem4f (.const:xdc_runtime_System_maxAtexitHandlers__C)
                  00007d5c    00000004     event_pem4f.oem4f (.const:xdc_runtime_Text_charTab__C)
                  00007d60    00000004     event_pem4f.oem4f (.const:xdc_runtime_Text_nodeTab__C)
                  00007d64    00000004     event_pem4f.oem4f (.const:xdc_runtime_Text_visitRopeFxn__C)
                  00007d68    00000002     event_pem4f.oem4f (.const:ti_sysbios_family_arm_msp432_init_Boot_bypassHFXT__C)
                  00007d6a    00000002     event_pem4f.oem4f (.const:ti_sysbios_family_arm_msp432_init_Boot_bypassLFXT__C)
                  00007d6c    00000002     event_pem4f.oem4f (.const:ti_sysbios_family_arm_msp432_init_Boot_enableHFXT__C)
                  00007d6e    00000002     event_pem4f.oem4f (.const:ti_sysbios_family_arm_msp432_init_Boot_enableLFXT__C)
                  00007d70    00000002     event_pem4f.oem4f (.const:ti_sysbios_hal_Hwi_Module__id__C)
                  00007d72    00000002     event_pem4f.oem4f (.const:ti_sysbios_heaps_HeapMem_Module__id__C)
                  00007d74    00000002     event_pem4f.oem4f (.const:ti_sysbios_knl_Task_Module__id__C)
                  00007d76    00000002     event_pem4f.oem4f (.const:xdc_runtime_Core_Module__id__C)
                  00007d78    00000002     event_pem4f.oem4f (.const:xdc_runtime_Error_Module__loggerDefined__C)
                  00007d7a    00000002     event_pem4f.oem4f (.const:xdc_runtime_Error_maxDepth__C)
                  00007d7c    00000002     event_pem4f.oem4f (.const:xdc_runtime_Memory_Module__id__C)
                  00007d7e    00000002     event_pem4f.oem4f (.const:xdc_runtime_SysMin_flushAtExit__C)
                  00007d80    00000002     event_pem4f.oem4f (.const:xdc_runtime_Text_isLoaded__C)
                  00007d82    00000002     event_pem4f.oem4f (.const:xdc_runtime_Text_registryModsLastId__C)
                  00007d84    00000002     event_pem4f.oem4f (.const:xdc_runtime_Text_unnamedModsLastId__C)
                  00007d86    00000001     event_pem4f.oem4f (.const:xdc_runtime_Error_policy__C)

.cinit     0    00007d88    00000228     
                  00007d88    00000201     (.cinit..data.load) [load image, compression = lzss]
                  00007f89    00000003     --HOLE-- [fill = 0]
                  00007f8c    0000000c     (__TI_handler_table)
                  00007f98    00000008     (.cinit..bss.load) [load image, compression = zero_init]
                  00007fa0    00000010     (__TI_cinit_table)

.init_array 
*          0    00000000    00000000     UNINITIALIZED

.bss       0    20008140    00000c08     UNINITIALIZED
                  20008140    00000200     event_pem4f.oem4f (.bss:taskStackSection)
                  20008340    00000200     (.common:task0Stack)
                  20008540    00000200     (.common:task1Stack)
                  20008740    00000200     (.common:xdc_runtime_SysMin_Module_State_0_outbuf__A)
                  20008940    00000140     (.common:ti_sysbios_family_arm_m3_Hwi_dispatchTable)
                  20008a80    00000120     rtsv7M4_T_le_v4SPD16_eabi.lib : trgmsg.c.obj (.bss:_CIOBUF_)
                  20008ba0    0000006c     (.common:mbxStruct)
                  20008c0c    00000050     (.common:task0Struct)
                  20008c5c    00000050     (.common:task1Struct)
                  20008cac    00000024     (.common:clk0Struct)
                  20008cd0    00000024     (.common:clk1Struct)
                  20008cf4    0000001c     (.common:sem0Struct)
                  20008d10    00000014     (.common:evtStruct)
                  20008d24    00000008     msp432p4xx_driverlib.lib : cs.o (.bss)
                  20008d2c    00000008     (.common:parmbuf)
                  20008d34    00000004     (.common:clk0Handle)
                  20008d38    00000004     (.common:clk1Handle)
                  20008d3c    00000004     (.common:evtHandle)
                  20008d40    00000004     (.common:mbxHandle)
                  20008d44    00000004     (.common:semHandle)

.data      0    20008d48    00000580     UNINITIALIZED
                  20008d48    00000140     drivers_msp432p401x.aem4f : PowerMSP432.oem4f (.data:PowerMSP432_perfLevels)
                  20008e88    00000080     event_pem4f.oem4f (.data:ti_sysbios_knl_Swi_Module_State_0_readyQ__A)
                  20008f08    00000080     event_pem4f.oem4f (.data:ti_sysbios_knl_Task_Module_State_0_readyQ__A)
                  20008f88    0000004c     event_pem4f.oem4f (.data:ti_sysbios_knl_Task_Object__table__V)
                  20008fd4    00000044     event_pem4f.oem4f (.data:ti_sysbios_family_arm_msp432_Timer_Object__table__V)
                  20009018    00000044     event_pem4f.oem4f (.data:ti_sysbios_knl_Task_Module__state__V)
                  2000905c    00000038     event_pem4f.oem4f (.data:ti_sysbios_gates_GateMutex_Object__table__V)
                  20009094    00000034     event_pem4f.oem4f (.data:ti_sysbios_family_arm_m3_Hwi_Module__state__V)
                  200090c8    00000030     event_pem4f.oem4f (.data:ti_sysbios_knl_Swi_Object__table__V)
                  200090f8    0000002c     drivers_msp432p401x.aem4f : PowerMSP432.oem4f (.data:PowerMSP432_module)
                  20009124    0000002c     event_pem4f.oem4f (.data:ti_sysbios_knl_Clock_Module__state__V)
                  20009150    00000024     event_pem4f.oem4f (.data:ti_sysbios_BIOS_Module__state__V)
                  20009174    00000020     event_pem4f.oem4f (.data:ti_sysbios_family_arm_msp432_Timer_Module_State_0_device__A)
                  20009194    00000020     event_pem4f.oem4f (.data:xdc_runtime_Error_IgnoreBlock)
                  200091b4    0000001c     event_pem4f.oem4f (.data:ti_sysbios_knl_Swi_Module__state__V)
                  200091d0    00000018     event_pem4f.oem4f (.data:ti_sysbios_family_arm_m3_Hwi_Object__table__V)
                  200091e8    00000018     event_pem4f.oem4f (.data:ti_sysbios_heaps_HeapMem_Object__table__V)
                  20009200    00000010     event_pem4f.oem4f (.data:ti_sysbios_family_arm_msp432_Timer_Module_State_0_handles__A)
                  20009210    0000000c     event_pem4f.oem4f (.data:ti_sysbios_family_arm_msp432_ClockFreqs_Module__state__V)
                  2000921c    0000000c     event_pem4f.oem4f (.data:ti_sysbios_family_arm_msp432_Timer_Module__state__V)
                  20009228    0000000c     event_pem4f.oem4f (.data:xdc_runtime_SysMin_Module__state__V)
                  20009234    00000008     rtsv7M4_T_le_v4SPD16_eabi.lib : _lock.c.obj (.data:$O1$$)
                  2000923c    00000008     event_pem4f.oem4f (.data:ti_sysbios_family_arm_m3_Hwi_Module__root__V)
                  20009244    00000008     event_pem4f.oem4f (.data:ti_sysbios_gates_GateHwi_Module__root__V)
                  2000924c    00000008     event_pem4f.oem4f (.data:ti_sysbios_gates_GateMutex_Module__root__V)
                  20009254    00000008     event_pem4f.oem4f (.data:ti_sysbios_heaps_HeapMem_Module__root__V)
                  2000925c    00000008     event_pem4f.oem4f (.data:ti_sysbios_knl_Clock_Module__root__V)
                  20009264    00000008     event_pem4f.oem4f (.data:ti_sysbios_knl_Event_Module__root__V)
                  2000926c    00000008     event_pem4f.oem4f (.data:ti_sysbios_knl_Mailbox_Module__root__V)
                  20009274    00000008     event_pem4f.oem4f (.data:ti_sysbios_knl_Queue_Module__root__V)
                  2000927c    00000008     event_pem4f.oem4f (.data:ti_sysbios_knl_Semaphore_Module__root__V)
                  20009284    00000008     event_pem4f.oem4f (.data:ti_sysbios_knl_Task_Module__root__V)
                  2000928c    00000008     event_pem4f.oem4f (.data:xdc_runtime_Registry_Module__state__V)
                  20009294    00000008     event_pem4f.oem4f (.data:xdc_runtime_Startup_Module__state__V)
                  2000929c    00000008     event_pem4f.oem4f (.data:xdc_runtime_System_Module_State_0_atexitHandlers__A)
                  200092a4    00000008     event_pem4f.oem4f (.data:xdc_runtime_System_Module__state__V)
                  200092ac    00000004     rtsv7M4_T_le_v4SPD16_eabi.lib : stkdepth_vars.c.obj (.data)
                  200092b0    00000004     event_pem4f.oem4f (.data:ti_sysbios_family_arm_m3_Hwi_Module_State_0_excContext__A)
                  200092b4    00000004     event_pem4f.oem4f (.data:ti_sysbios_family_arm_m3_Hwi_Module_State_0_excStack__A)
                  200092b8    00000004     event_pem4f.oem4f (.data:ti_sysbios_gates_GateHwi_Object__table__V)
                  200092bc    00000004     event_pem4f.oem4f (.data:ti_sysbios_knl_Task_Module_State_0_idleTask__A)
                  200092c0    00000004     event_pem4f.oem4f (.data:xdc_runtime_Memory_Module__state__V)
                  200092c4    00000002     event_pem4f.oem4f (.data:ti_sysbios_family_arm_m3_Hwi_Module_State_0_excActive__A)
                  200092c6    00000002     event_pem4f.oem4f (.data:xdc_runtime_Error_Module__state__V)

.priheap   0    20000140    00008000     UNINITIALIZED
                  20000140    00008000     --HOLE--

.stack     0    2000fc00    00000400     UNINITIALIZED
                  2000fc00    00000400     --HOLE--

.bootVecs 
*          0    00000000    00000008     DSECT
                  00000000    00000008     boot.aem4f : boot.oem4f (.bootVecs)

.resetVecs 
*          0    00000000    0000003c     
                  00000000    0000003c     event_pem4f.oem4f (.resetVecs)

.vecs      0    20000000    00000140     NOLOAD SECTION
                  20000000    00000140     event_pem4f.oem4f (.vecs)

xdc.meta   0    00000000    000000e7     COPY SECTION
                  00000000    000000e7     event_pem4f.oem4f (xdc.meta)

__llvm_prf_cnts 
*          0    20000000    00000000     UNINITIALIZED

.binit     0    00000000    00000000     

MODULE SUMMARY

       Module                       code    ro data   rw data
       ------                       ----    -------   -------
    .\
       event.obj                    1152    0         2864   
    +--+----------------------------+-------+---------+---------+
       Total:                       1152    0         2864   
                                                             
    .\syscfg\
       ti_drivers_config.obj        14      56        0      
    +--+----------------------------+-------+---------+---------+
       Total:                       14      56        0      
                                                             
    C:\advembed_labs\event_MSP_EXP432P401R_tirtos_ccs\Debug\configPkg\package\cfg\
       event_pem4f.oem4f            2038    7919      5392   
    +--+----------------------------+-------+---------+---------+
       Total:                       2038    7919      5392   
                                                             
    C:/ti/simplelink_msp432p4_sdk_3_40_01_02/kernel/tirtos/packages/ti/dpl/lib/dpl_msp432p401x.aem4f
       PowerMSP432_tirtos.oem4f     122     0         0      
       HwiP_tirtos.oem4f            80      0         0      
    +--+----------------------------+-------+---------+---------+
       Total:                       202     0         0      
                                                             
    C:/ti/simplelink_msp432p4_sdk_3_40_01_02/source/ti/devices/msp432p4xx/driverlib/ccs/msp432p4xx_driverlib.lib
       pcm.o                        1770    0         0      
       cs.o                         704     0         16     
       sysctl_a.o                   64      0         0      
       rtc_c.o                      44      0         0      
       wdt_a.o                      36      0         0      
       cpu.o                        28      0         0      
       sysctl.o                     16      0         0      
    +--+----------------------------+-------+---------+---------+
       Total:                       2662    0         16     
                                                             
    C:/ti/simplelink_msp432p4_sdk_3_40_01_02/source/ti/drivers/lib/drivers_msp432p401x.aem4f
       PowerMSP432.oem4f            1864    0         728    
    +--+----------------------------+-------+---------+---------+
       Total:                       1864    0         728    
                                                             
    C:\advembed_labs\event_MSP_EXP432P401R_tirtos_ccs\src\sysbios\sysbios.aem4f
       BIOS.obj                     10464   0         0      
       m3_Hwi_asm.obj               318     0         0      
       m3_TaskSupport_asm.obj       180     0         0      
       m3_Hwi_asm_switch.obj        118     0         0      
    +--+----------------------------+-------+---------+---------+
       Total:                       11080   0         0      
                                                             
    C:\ti\ccs1011\ccs\tools\compiler\ti-cgt-arm_20.2.1.LTS\lib\rtsv7M4_T_le_v4SPD16_eabi.lib
       trgmsg.c.obj                 108     0         576    
       memcpy_t2.asm.obj            156     0         0      
       memset_t2.asm.obj            122     0         0      
       copy_decompress_lzss.c.obj   104     0         0      
       hostwrite.c.obj              88      0         0      
       cpy_tbl.c.obj                76      0         0      
       u_divt2.asm.obj              64      0         0      
       _lock.c.obj                  26      0         16     
       args_main.c.obj              24      0         0      
       strlen.c.obj                 20      0         0      
       hostopen.c.obj               0       0         16     
       copy_decompress_none.c.obj   14      0         0      
       copy_zero_init.c.obj         12      0         0      
       stkdepth_vars.c.obj          0       0         8      
       exit.c.obj                   4       0         0      
       div0.asm.obj                 2       0         0      
    +--+----------------------------+-------+---------+---------+
       Total:                       820     0         616    
                                                             
    C:\ti\simplelink_msp432p4_sdk_3_40_01_02\kernel\tirtos\packages\ti\targets\arm\rtsarm\lib\auto_init.aem4f
       auto_init.oem4f              160     0         0      
    +--+----------------------------+-------+---------+---------+
       Total:                       160     0         0      
                                                             
    C:\ti\simplelink_msp432p4_sdk_3_40_01_02\kernel\tirtos\packages\ti\targets\arm\rtsarm\lib\boot.aem4f
       boot.oem4f                   88      0         0      
    +--+----------------------------+-------+---------+---------+
       Total:                       88      0         0      
                                                             
    C:\ti\simplelink_msp432p4_sdk_3_40_01_02\kernel\tirtos\packages\ti\targets\arm\rtsarm\lib\ti.targets.arm.rtsarm.aem4f
       System.oem4f                 1249    0         0      
       Text.oem4f                   596     0         0      
       Error.oem4f                  500     0         0      
       Startup.oem4f                344     0         0      
       Core-mem.oem4f               334     0         0      
       SysMin.oem4f                 248     0         0      
       Core-smem.oem4f              204     0         0      
       Memory.oem4f                 180     0         0      
       Assert.oem4f                 76      0         0      
       Core-params.oem4f            72      0         0      
       Gate.oem4f                   28      0         0      
       Registry.oem4f               28      0         0      
    +--+----------------------------+-------+---------+---------+
       Total:                       3859    0         0      
                                                             
       Stack:                       0       0         2048   
       Linker Generated:            0       549       0      
    +--+----------------------------+-------+---------+---------+
       Grand Total:                 23939   8524      11664  


LINKER GENERATED COPY TABLES

__TI_cinit_table @ 00007fa0 records: 2, size/record: 8, table size: 16
	.data: load addr=00007d88, load size=00000201 bytes, run addr=20008d48, run size=00000580 bytes, compression=lzss
	.bss: load addr=00007f98, load size=00000008 bytes, run addr=20008140, run size=00000c08 bytes, compression=zero_init


LINKER GENERATED HANDLER TABLE

__TI_handler_table @ 00007f8c records: 3, size/record: 4, table size: 12
	index: 0, handler: __TI_decompress_lzss
	index: 1, handler: __TI_decompress_none
	index: 2, handler: __TI_zero_init


GLOBAL SYMBOLS: SORTED ALPHABETICALLY BY Name 

address   name                                                            
-------   ----                                                            
00005ce7  Board_init                                                      
00000d33  Board_initHook                                                  
000015cd  C$$EXIT                                                         
00004afb  C$$IO$$                                                         
00005cf3  CPU_cpsid                                                       
00005cff  CPU_cpsie                                                       
00001465  CPU_wfi                                                         
00005621  CS_setExternalClockSourceFrequency                              
00002315  CS_startHFXTWithTimeout                                         
000023f9  CS_startLFXTWithTimeout                                         
00008000  HEAPSIZE                                                        
00003fc1  HOSTwrite                                                       
00005b55  HwiP_Params_init                                                
00004891  HwiP_create                                                     
00003d89  PCM_getCoreVoltageLevel                                         
00003f65  PCM_getPowerMode                                                
00005a61  PCM_getPowerState                                               
000052d9  PCM_gotoLPM0                                                    
00003309  PCM_gotoLPM3                                                    
00005b65  PCM_gotoLPM4                                                    
00005b75  PCM_setPowerMode                                                
00005b85  PCM_setPowerState                                               
00004121  PCM_shutdownDevice                                              
000078b0  PowerMSP432_config                                              
00001f57  PowerMSP432_initPolicy                                          
200090f8  PowerMSP432_module                                              
20008d48  PowerMSP432_perfLevels                                          
00004361  PowerMSP432_sleepPolicy                                         
000050c9  PowerMSP432_updateFreqs                                         
00005d0d  Power_getConstraintMask                                         
00005a75  Power_idleFunc                                                  
00002e7d  Power_init                                                      
000007b1  Power_sleep                                                     
000050f5  RTC_C_holdClock                                                 
UNDEFED   SHT$$INIT_ARRAY$$Base                                           
UNDEFED   SHT$$INIT_ARRAY$$Limit                                          
000058e5  SysCtl_A_disableNMISource                                       
000058fd  SysCtl_A_enableNMISource                                        
00005b95  SysCtl_A_getNMISourceStatus                                     
00005ba5  SysCtl_getNMISourceStatus                                       
4000480c  WDTCTL_SYM                                                      
00005465  WDT_A_holdTimer                                                 
00000000  __ASM__                                                         
20008a80  __CIOBUF_                                                       
00000068  __ISA__                                                         
0000007b  __PLAT__                                                        
20010000  __STACK_END                                                     
00000400  __STACK_SIZE                                                    
0000009e  __TARG__                                                        
00007fa0  __TI_CINIT_Base                                                 
00007fb0  __TI_CINIT_Limit                                                
00007f8c  __TI_Handler_Table_Base                                         
00007f98  __TI_Handler_Table_Limit                                        
00002ddd  __TI_auto_init                                                  
00003b8d  __TI_decompress_lzss                                            
00005ca9  __TI_decompress_none                                            
ffffffff  __TI_pprof_out_hndl                                             
ffffffff  __TI_prof_data_size                                             
ffffffff  __TI_prof_data_start                                            
00004be9  __TI_readmsg                                                    
00007d88  __TI_static_base__                                              
00004acd  __TI_writemsg                                                   
00005d31  __TI_zero_init                                                  
000000c4  __TRDR__                                                        
00003165  __aeabi_idiv0                                                   
00003165  __aeabi_ldiv0                                                   
0000361d  __aeabi_memclr                                                  
0000361d  __aeabi_memclr4                                                 
0000361d  __aeabi_memclr8                                                 
00002f19  __aeabi_memcpy                                                  
00002f19  __aeabi_memcpy4                                                 
00002f19  __aeabi_memcpy8                                                 
0000361f  __aeabi_memset                                                  
0000361f  __aeabi_memset4                                                 
0000361f  __aeabi_memset8                                                 
000048d1  __aeabi_uidiv                                                   
000048d1  __aeabi_uidivmod                                                
ffffffff  __binit__                                                       
ffffffff  __c_args__                                                      
20008140  __primary_heap_end__                                            
20000140  __primary_heap_start__                                          
2000fc00  __stack                                                         
20000000  __start___llvm_prf_cnts                                         
20000000  __stop___llvm_prf_cnts                                          
00005915  _args_main                                                      
00004019  _c_int00                                                        
20009234  _lock                                                           
00002ddb  _nop                                                            
00005d19  _register_lock                                                  
00005d25  _register_unlock                                                
20009238  _unlock                                                         
000015cd  abort                                                           
ffffffff  binit                                                           
00005489  clk0Fxn                                                         
20008d34  clk0Handle                                                      
20008cac  clk0Struct                                                      
00005a89  clk1Fxn                                                         
20008d38  clk1Handle                                                      
20008cd0  clk1Struct                                                      
000043ad  copy_in                                                         
20008d3c  evtHandle                                                       
20008d10  evtStruct                                                       
000012f5  main                                                            
200092ac  main_func_sp                                                    
20008d40  mbxHandle                                                       
20008ba0  mbxStruct                                                       
00002f19  memcpy                                                          
00003625  memset                                                          
20008d2c  parmbuf                                                         
00000fbd  readertask                                                      
20008cf4  sem0Struct                                                      
20008d44  semHandle                                                       
00005a9d  strlen                                                          
20008340  task0Stack                                                      
20008c0c  task0Struct                                                     
20008540  task1Stack                                                      
20008c5c  task1Struct                                                     
20009150  ti_sysbios_BIOS_Module__state__V                                
00005179  ti_sysbios_BIOS_RtsGateProxy_Handle__label__S                   
0000188d  ti_sysbios_BIOS_RtsGateProxy_enter__E                           
00001d45  ti_sysbios_BIOS_RtsGateProxy_leave__E                           
00005e79  ti_sysbios_BIOS_RtsGateProxy_query__E                           
00004d65  ti_sysbios_BIOS_atExitFunc__I                                   
000054ad  ti_sysbios_BIOS_errorRaiseHook__I                               
000059d9  ti_sysbios_BIOS_exitFunc__I                                     
00005e89  ti_sysbios_BIOS_linkedWithIncorrectBootLibrary__E               
00003167  ti_sysbios_BIOS_nullFunc__I                                     
000054d1  ti_sysbios_BIOS_registerRTSLock__I                              
000054f5  ti_sysbios_BIOS_removeRTSLock__I                                
00005641  ti_sysbios_BIOS_rtsLock__I                                      
0000592d  ti_sysbios_BIOS_rtsUnlock__I                                    
00005bb9  ti_sysbios_BIOS_setCpuFreq__E                                   
00005bc9  ti_sysbios_BIOS_setThreadType__E                                
00004d95  ti_sysbios_BIOS_startFunc__I                                    
00005bd9  ti_sysbios_BIOS_start__E                                        
00007c34  ti_sysbios_family_arm_m3_Hwi_E_NMI__C                           
00007c38  ti_sysbios_family_arm_m3_Hwi_E_alreadyDefined__C                
[...]
00005c89  xdc_runtime_System_vsnprintf__E                                 
00005c99  xdc_runtime_Text_visitRope__I                                   
00005ca9  __TI_decompress_none                                            
00005cb9  ti_sysbios_knl_Clock_removeI__E                                 
00005cc9  ti_sysbios_knl_Idle_loop__E                                     
00005cd9  ti_sysbios_knl_Queue_empty__E                                   
00005ce7  Board_init                                                      
00005cf3  CPU_cpsid                                                       
00005cff  CPU_cpsie                                                       
00005d0d  Power_getConstraintMask                                         
00005d19  _register_lock                                                  
00005d25  _register_unlock                                                
00005d31  __TI_zero_init                                                  
00005d3d  ti_sysbios_family_arm_m3_Hwi_Params__init__S                    
00005d3d  ti_sysbios_hal_Hwi_HwiProxy_Params__init__S                     
00005d49  ti_sysbios_family_arm_m3_TaskSupport_checkStack__E              
00005d49  ti_sysbios_knl_Task_SupportProxy_checkStack__E                  
00005d59  ti_sysbios_family_arm_m3_TaskSupport_getStackAlignment__E       
00005d59  ti_sysbios_knl_Task_SupportProxy_getStackAlignment__E           
00005d69  ti_sysbios_family_arm_msp432_Timer_getMaxTicks__E               
00005d79  ti_sysbios_gates_GateHwi_enter__E                               
00005d85  ti_sysbios_knl_Clock_Params__init__S                            
00005da9  ti_sysbios_knl_Mailbox_Params__init__S                          
00005dc1  ti_sysbios_knl_Queue_Object__get__S                             
00005dcd  ti_sysbios_knl_Semaphore_Params__init__S                        
00005de5  ti_sysbios_knl_Task_Params__init__S                             
00005df1  xdc_runtime_Gate_enterSystem__E                                 
00005dfd  xdc_runtime_Memory_calloc__E                                    
00005e09  xdc_runtime_Memory_getMaxDefaultTypeAlign__E                    
00005e15  xdc_runtime_Startup_rtsDone__E                                  
00005e21  xdc_runtime_Memory_HeapProxy_alloc__E                           
00005e2b  xdc_runtime_Memory_HeapProxy_free__E                            
00005e39  ti_sysbios_family_arm_m3_Hwi_doSwiRestore__I                    
00005e41  ti_sysbios_family_arm_m3_Hwi_startup__E                         
00005e41  ti_sysbios_hal_Hwi_HwiProxy_startup__E                          
00005e41  ti_sysbios_hal_Hwi_startup__E                                   
00005e49  ti_sysbios_family_arm_m3_Hwi_doTaskRestore__I                   
00005e51  ti_sysbios_gates_GateHwi_leave__E                               
00005e59  ti_sysbios_heaps_HeapMem_isBlocking__E                          
00005e61  ti_sysbios_knl_Queue_Instance_init__E                           
00005e69  ti_sysbios_knl_Swi_startup__E                                   
00005e71  ti_sysbios_gates_GateHwi_query__E                               
00005e71  xdc_runtime_Main_Module_GateProxy_query__E                      
00005e71  xdc_runtime_System_Module_GateProxy_query__E                    
00005e79  ti_sysbios_BIOS_RtsGateProxy_query__E                           
00005e79  ti_sysbios_gates_GateMutex_query__E                             
00005e79  ti_sysbios_heaps_HeapMem_Module_GateProxy_query__E              
00005e81  ti_sysbios_knl_Task_startup__E                                  
00005e89  ti_sysbios_BIOS_linkedWithIncorrectBootLibrary__E               
00005e91  ti_sysbios_gates_GateHwi_Instance_init__E                       
00005e99  ti_sysbios_knl_Clock_logTick__E                                 
00005e9c  xdc_runtime_Text_charTab__A                                     
000077b8  xdc_runtime_Text_nodeTab__A                                     
00007874  ti_sysbios_knl_Task_Object__PARAMS__C                           
000078b0  PowerMSP432_config                                              
000078e8  ti_sysbios_knl_Mailbox_Object__PARAMS__C                        
0000791c  ti_sysbios_family_arm_m3_Hwi_Object__PARAMS__C                  
0000794c  ti_sysbios_heaps_HeapMem_Module__FXNS__C                        
00007974  ti_sysbios_gates_GateHwi_Module__FXNS__C                        
00007998  ti_sysbios_gates_GateMutex_Module__FXNS__C                      
000079bc  ti_sysbios_heaps_HeapMem_Object__PARAMS__C                      
000079e0  ti_sysbios_knl_Clock_Object__PARAMS__C                          
00007a04  ti_sysbios_knl_Semaphore_Object__PARAMS__C                      
00007a28  xdc_runtime_Startup_sfxnTab__A                                  
00007a4c  ti_sysbios_family_arm_m3_Hwi_Object__DESC__C                    
00007a6c  ti_sysbios_gates_GateHwi_Object__DESC__C                        
00007a8c  ti_sysbios_gates_GateMutex_Object__DESC__C                      
00007aac  ti_sysbios_heaps_HeapMem_Object__DESC__C                        
00007acc  ti_sysbios_knl_Clock_Object__DESC__C                            
00007aec  ti_sysbios_knl_Event_Object__DESC__C                            
00007b0c  ti_sysbios_knl_Mailbox_Object__DESC__C                          
00007b2c  ti_sysbios_knl_Queue_Object__DESC__C                            
00007b4c  ti_sysbios_knl_Semaphore_Object__DESC__C                        
00007b6c  ti_sysbios_knl_Task_Object__DESC__C                             
00007b8c  ti_sysbios_gates_GateHwi_Object__PARAMS__C                      
00007ba4  ti_sysbios_gates_GateMutex_Object__PARAMS__C                    
00007bbc  ti_sysbios_knl_Event_Object__PARAMS__C                          
00007bd4  ti_sysbios_knl_Queue_Object__PARAMS__C                          
00007bec  xdc_runtime_Startup_sfxnRts__A                                  
00007bfe  ti_sysbios_family_arm_m3_Hwi_Module__id__C                      
00007c00  xdc_runtime_Startup_firstFxns__A                                
00007c0c  ti_sysbios_family_arm_m3_Hwi_excHookFuncs__A                    
00007c14  ti_sysbios_knl_Idle_funcList__A                                 
00007c1c  ti_sysbios_knl_Idle_funcList__C                                 
00007c24  xdc_runtime_Startup_firstFxns__C                                
00007c2c  xdc_runtime_Startup_lastFxns__C                                 
00007c34  ti_sysbios_family_arm_m3_Hwi_E_NMI__C                           
00007c38  ti_sysbios_family_arm_m3_Hwi_E_alreadyDefined__C                
00007c3c  ti_sysbios_family_arm_m3_Hwi_E_badIntNum__C                     
00007c40  ti_sysbios_family_arm_m3_Hwi_E_busFault__C                      
00007c44  ti_sysbios_family_arm_m3_Hwi_E_debugMon__C                      
00007c48  ti_sysbios_family_arm_m3_Hwi_E_hardFault__C                     
00007c4c  ti_sysbios_family_arm_m3_Hwi_E_memFault__C                      
00007c50  ti_sysbios_family_arm_m3_Hwi_E_noIsr__C                         
00007c54  ti_sysbios_family_arm_m3_Hwi_E_reserved__C                      
00007c58  ti_sysbios_family_arm_m3_Hwi_E_svCall__C                        
00007c5c  ti_sysbios_family_arm_m3_Hwi_E_usageFault__C                    
00007c60  ti_sysbios_family_arm_m3_Hwi_NUM_INTERRUPTS__C                  
00007c64  ti_sysbios_family_arm_m3_Hwi_Object__count__C                   
00007c68  ti_sysbios_family_arm_m3_Hwi_ccr__C                             
00007c6c  ti_sysbios_family_arm_m3_Hwi_excHandlerFunc__C                  
00007c70  ti_sysbios_family_arm_m3_Hwi_excHookFuncs__C                    
00007c74  ti_sysbios_family_arm_m3_Hwi_nullIsrFunc__C                     
00007c78  ti_sysbios_family_arm_m3_Hwi_priGroup__C                        
00007c7c  ti_sysbios_family_arm_m3_Hwi_swiDisable__C                      
00007c80  ti_sysbios_family_arm_m3_Hwi_swiRestore__C                      
00007c84  ti_sysbios_family_arm_m3_TaskSupport_stackAlignment__C          
00007c88  ti_sysbios_family_arm_msp432_Timer_numTimerDevices__C           
00007c8c  ti_sysbios_family_arm_msp432_Timer_startupNeeded__C             
00007c90  ti_sysbios_gates_GateMutex_Instance_State_sem__O                
00007c94  ti_sysbios_hal_Hwi_E_stackOverflow__C                           
00007c98  ti_sysbios_heaps_HeapMem_E_memory__C                            
00007c9c  ti_sysbios_heaps_HeapMem_Module__gateObj__C                     
00007ca0  ti_sysbios_heaps_HeapMem_Object__count__C                       
00007ca4  ti_sysbios_heaps_HeapMem_primaryHeapBaseAddr__C                 
00007ca8  ti_sysbios_heaps_HeapMem_primaryHeapEndAddr__C                  
00007cac  ti_sysbios_heaps_HeapMem_reqAlign__C                            
00007cb0  ti_sysbios_knl_Clock_Module_State_clockQ__O                     
00007cb4  ti_sysbios_knl_Event_Instance_State_pendQ__O                    
00007cb8  ti_sysbios_knl_Mailbox_Instance_State_dataQue__O                
00007cbc  ti_sysbios_knl_Mailbox_Instance_State_dataSem__O                
00007cc0  ti_sysbios_knl_Mailbox_Instance_State_freeQue__O                
00007cc4  ti_sysbios_knl_Mailbox_Instance_State_freeSem__O                
00007cc8  ti_sysbios_knl_Mailbox_Object__count__C                         
00007ccc  ti_sysbios_knl_Mailbox_maxTypeAlign__C                          
00007cd0  ti_sysbios_knl_Semaphore_Instance_State_pendQ__O                
00007cd4  ti_sysbios_knl_Semaphore_eventPost__C                           
00007cd8  ti_sysbios_knl_Semaphore_eventSync__C                           
00007cdc  ti_sysbios_knl_Swi_Object__count__C                             
00007ce0  ti_sysbios_knl_Task_E_spOutOfBounds__C                          
00007ce4  ti_sysbios_knl_Task_E_stackOverflow__C                          
00007ce8  ti_sysbios_knl_Task_Module_State_inactiveQ__O                   
00007cec  ti_sysbios_knl_Task_Object__count__C                            
00007cf0  ti_sysbios_knl_Task_allBlockedFunc__C                           
00007cf4  ti_sysbios_knl_Task_defaultStackHeap__C                         
00007cf8  ti_sysbios_knl_Task_defaultStackSize__C                         
00007cfc  ti_sysbios_knl_Task_numConstructedTasks__C                      
00007d00  xdc_runtime_Assert_E_assertFailed__C                            
00007d04  xdc_runtime_Core_A_initializedParams__C                         
00007d08  xdc_runtime_Core_Module__diagsEnabled__C                        
00007d0c  xdc_runtime_Core_Module__diagsIncluded__C                       
00007d10  xdc_runtime_Core_Module__diagsMask__C                           
00007d14  xdc_runtime_Error_E_memory__C                                   
00007d18  xdc_runtime_Error_policyFxn__C                                  
00007d1c  xdc_runtime_Error_raiseHook__C                                  
00007d20  xdc_runtime_IGateProvider_Interface__BASE__C                    
00007d24  xdc_runtime_IHeap_Interface__BASE__C                            
00007d28  xdc_runtime_IModule_Interface__BASE__C                          
00007d2c  xdc_runtime_Memory_defaultHeapInstance__C                       
00007d30  xdc_runtime_Startup_execImpl__C                                 
00007d34  xdc_runtime_Startup_maxPasses__C                                
00007d38  xdc_runtime_Startup_sfxnRts__C                                  
00007d3c  xdc_runtime_Startup_sfxnTab__C                                  
00007d40  xdc_runtime_SysMin_bufSize__C                                   
00007d44  xdc_runtime_SysMin_outputFunc__C                                
00007d48  xdc_runtime_System_Module__gateObj__C                           
00007d4c  xdc_runtime_System_abortFxn__C                                  
00007d50  xdc_runtime_System_exitFxn__C                                   
00007d54  xdc_runtime_System_extendFxn__C                                 
00007d58  xdc_runtime_System_maxAtexitHandlers__C                         
00007d5c  xdc_runtime_Text_charTab__C                                     
00007d60  xdc_runtime_Text_nodeTab__C                                     
00007d64  xdc_runtime_Text_visitRopeFxn__C                                
00007d68  ti_sysbios_family_arm_msp432_init_Boot_bypassHFXT__C            
00007d6a  ti_sysbios_family_arm_msp432_init_Boot_bypassLFXT__C            
00007d6c  ti_sysbios_family_arm_msp432_init_Boot_enableHFXT__C            
00007d6e  ti_sysbios_family_arm_msp432_init_Boot_enableLFXT__C            
00007d70  ti_sysbios_hal_Hwi_Module__id__C                                
00007d72  ti_sysbios_heaps_HeapMem_Module__id__C                          
00007d74  ti_sysbios_knl_Task_Module__id__C                               
00007d76  xdc_runtime_Core_Module__id__C                                  
00007d78  xdc_runtime_Error_Module__loggerDefined__C                      
00007d7a  xdc_runtime_Error_maxDepth__C                                   
00007d7c  xdc_runtime_Memory_Module__id__C                                
00007d7e  xdc_runtime_SysMin_flushAtExit__C                               
00007d80  xdc_runtime_Text_isLoaded__C                                    
00007d82  xdc_runtime_Text_registryModsLastId__C                          
00007d84  xdc_runtime_Text_unnamedModsLastId__C                           
00007d86  xdc_runtime_Error_policy__C                                     
00007d88  __TI_static_base__                                              
00007f8c  __TI_Handler_Table_Base                                         
00007f98  __TI_Handler_Table_Limit                                        
00007fa0  __TI_CINIT_Base                                                 
00007fb0  __TI_CINIT_Limit                                                
00008000  HEAPSIZE                                                        
20000000  __start___llvm_prf_cnts                                         
20000000  __stop___llvm_prf_cnts                                          
20000000  ti_sysbios_family_arm_m3_Hwi_ramVectors                         
20000140  __primary_heap_start__                                          
20008140  __primary_heap_end__                                            
20008140  ti_sysbios_knl_Task_Instance_State_0_stack__A                   
20008340  task0Stack                                                      
20008540  task1Stack                                                      
20008740  xdc_runtime_SysMin_Module_State_0_outbuf__A                     
20008940  ti_sysbios_family_arm_m3_Hwi_dispatchTable                      
20008a80  __CIOBUF_                                                       
20008ba0  mbxStruct                                                       
20008c0c  task0Struct                                                     
20008c5c  task1Struct                                                     
20008cac  clk0Struct                                                      
20008cd0  clk1Struct                                                      
20008cf4  sem0Struct                                                      
20008d10  evtStruct                                                       
20008d2c  parmbuf                                                         
20008d34  clk0Handle                                                      
20008d38  clk1Handle                                                      
20008d3c  evtHandle                                                       
20008d40  mbxHandle                                                       
20008d44  semHandle                                                       
20008d48  PowerMSP432_perfLevels                                          
20008e88  ti_sysbios_knl_Swi_Module_State_0_readyQ__A                     
20008f08  ti_sysbios_knl_Task_Module_State_0_readyQ__A                    
20008f88  ti_sysbios_knl_Task_Object__table__V                            
20008fd4  ti_sysbios_family_arm_msp432_Timer_Object__table__V             
20009018  ti_sysbios_knl_Task_Module__state__V                            
2000905c  ti_sysbios_gates_GateMutex_Object__table__V                     
20009094  ti_sysbios_family_arm_m3_Hwi_Module__state__V                   
200090c8  ti_sysbios_knl_Swi_Object__table__V                             
200090f8  PowerMSP432_module                                              
20009124  ti_sysbios_knl_Clock_Module__state__V                           
20009150  ti_sysbios_BIOS_Module__state__V                                
20009174  ti_sysbios_family_arm_msp432_Timer_Module_State_0_device__A     
20009194  xdc_runtime_Error_IgnoreBlock                                   
200091b4  ti_sysbios_knl_Swi_Module__state__V                             
200091d0  ti_sysbios_family_arm_m3_Hwi_Object__table__V                   
200091e8  ti_sysbios_heaps_HeapMem_Object__table__V                       
20009200  ti_sysbios_family_arm_msp432_Timer_Module_State_0_handles__A    
20009210  ti_sysbios_family_arm_msp432_ClockFreqs_Module__state__V        
2000921c  ti_sysbios_family_arm_msp432_Timer_Module__state__V             
20009228  xdc_runtime_SysMin_Module__state__V                             
20009234  _lock                                                           
20009238  _unlock                                                         
2000923c  ti_sysbios_family_arm_m3_Hwi_Module__root__V                    
20009244  ti_sysbios_gates_GateHwi_Module__root__V                        
2000924c  ti_sysbios_gates_GateMutex_Module__root__V                      
20009254  ti_sysbios_heaps_HeapMem_Module__root__V                        
2000925c  ti_sysbios_knl_Clock_Module__root__V                            
20009264  ti_sysbios_knl_Event_Module__root__V                            
2000926c  ti_sysbios_knl_Mailbox_Module__root__V                          
20009274  ti_sysbios_knl_Queue_Module__root__V                            
2000927c  ti_sysbios_knl_Semaphore_Module__root__V                        
20009284  ti_sysbios_knl_Task_Module__root__V                             
2000928c  xdc_runtime_Registry_Module__state__V                           
20009294  xdc_runtime_Startup_Module__state__V                            
2000929c  xdc_runtime_System_Module_State_0_atexitHandlers__A             
200092a4  xdc_runtime_System_Module__state__V                             
200092ac  main_func_sp                                                    
200092b0  ti_sysbios_family_arm_m3_Hwi_Module_State_0_excContext__A       
200092b4  ti_sysbios_family_arm_m3_Hwi_Module_State_0_excStack__A         
200092b8  ti_sysbios_gates_GateHwi_Object__table__V                       
200092bc  ti_sysbios_knl_Task_Module_State_0_idleTask__A                  
200092c0  xdc_runtime_Memory_Module__state__V                             
200092c4  ti_sysbios_family_arm_m3_Hwi_Module_State_0_excActive__A        
200092c6  xdc_runtime_Error_Module__state__V                              
2000fc00  __stack                                                         
20010000  __STACK_END                                                     
4000480c  WDTCTL_SYM                                                      
e000e000  ti_sysbios_family_arm_m3_Hwi_nvic                               
ffffffff  __TI_pprof_out_hndl                                             
ffffffff  __TI_prof_data_size                                             
ffffffff  __TI_prof_data_start                                            
ffffffff  __binit__                                                       
ffffffff  __c_args__                                                      
ffffffff  binit                                                           
UNDEFED   SHT$$INIT_ARRAY$$Base                                           
UNDEFED   SHT$$INIT_ARRAY$$Limit                                          

[576 symbols]
