******************************************************************************
                  TI ARM Linker PC v20.2.1                     
******************************************************************************
>> Linked Mon Feb 22 09:54:59 2021

OUTPUT FILE NAME:   <bartmanLab6.out>
ENTRY POINT SYMBOL: "_c_int00"  address: 000040b1


MEMORY CONFIGURATION

         name            origin    length      used     unused   attr    fill
----------------------  --------  ---------  --------  --------  ----  --------
  MAIN                  00000000   00040000  00008640  000379c0  R  X
  INFO                  00200000   00004000  00000000  00004000  R  X
  SRAM_CODE             01000000   00010000  00009679  00006987  RW X
  SRAM_DATA             20000000   00010000  00009679  00006987  RW  


SEGMENT ALLOCATION MAP

run origin  load origin   length   init length attrs members
----------  ----------- ---------- ----------- ----- -------
00000000    00000000    00008648   00008648    r-x
  00000000    00000000    0000003c   0000003c    r-- .resetVecs
  00000040    00000040    000062da   000062da    r-x .text
  0000631c    0000631c    000020fa   000020fa    r-- .const
  00008418    00008418    00000230   00000230    r-- .cinit
20000140    20000140    00008000   00000000    r--
  20000140    20000140    00008000   00000000    r-- .priheap
20008140    20008140    00001139   00000000    rw-
  20008140    20008140    00000bb0   00000000    rw- .bss
  20008cf0    20008cf0    00000589   00000000    rw- .data
2000fc00    2000fc00    00000400   00000000    rw-
  2000fc00    2000fc00    00000400   00000000    rw- .stack


SECTION ALLOCATION MAP

 output                                  attributes/
section   page    origin      length       input sections
--------  ----  ----------  ----------   ----------------
.text      0    00000040    000062da     
                  00000040    00000430     sysbios.aem4f : BIOS.obj (.text:ti_sysbios_family_arm_m3_Hwi_excDumpRegs__I)
                  00000470    00000340     ti.targets.arm.rtsarm.aem4f : System.oem4f (.text:xdc_runtime_System_doPrint__I)
                  000007b0    000002f8     drivers_msp432p401x.aem4f : PowerMSP432.oem4f (.text:Power_sleep)
                  00000aa8    0000028a     msp432p4xx_driverlib.lib : pcm.o (.text:__PCM_setPowerStateAdvanced)
                  00000d32    00000002     ti_drivers_config.obj (.text:Board_initHook)
                  00000d34    00000288     drivers_msp432p401x.aem4f : PowerMSP432.oem4f (.text:initPerfControl)
                  00000fbc    000001b6     rtsv7M4_T_le_v4SPD16_eabi.lib : fd_add_t2.asm.obj (.text)
                  00001172    00000006     ti.targets.arm.rtsarm.aem4f : System.oem4f (.text:xdc_runtime_System_Module_startup__E)
                  00001178    00000174     sysbios.aem4f : BIOS.obj (.text:ti_sysbios_family_arm_m3_Hwi_excBusFault__I)
                  000012ec    00000004     msp432p4xx_driverlib.lib : cpu.o (.text:CPU_wfi)
                  000012f0    00000164     sysbios.aem4f : BIOS.obj (.text:ti_sysbios_family_arm_m3_Hwi_excUsageFault__I)
                  00001454    00000004     rtsv7M4_T_le_v4SPD16_eabi.lib : exit.c.obj (.text:abort:abort)
                  00001458    00000160     sysbios.aem4f : BIOS.obj (.text:ti_sysbios_knl_Semaphore_pend__E)
                  000015b8    0000015c     msp432p4xx_driverlib.lib : pcm.o (.text:__PCM_setPowerModeAdvanced)
                  00001714    00000158     main.obj (.text:main)
                  0000186c    00000004     event_pem4f.oem4f (.text:ti_sysbios_BIOS_RtsGateProxy_enter__E)
                  00001870    00000158     sysbios.aem4f : BIOS.obj (.text:ti_sysbios_knl_Event_pend__E)
                  000019c8    00000148                   : BIOS.obj (.text:ti_sysbios_family_arm_m3_Hwi_excMemFault__I)
                  00001b10    0000010c                   : BIOS.obj (.text:ti_sysbios_family_arm_m3_Hwi_excHandlerMax__I)
                  00001c1c    00000108     msp432p4xx_driverlib.lib : pcm.o (.text:__PCM_setCoreVoltageLevelAdvanced)
                  00001d24    00000004     event_pem4f.oem4f (.text:ti_sysbios_BIOS_RtsGateProxy_leave__E)
                  00001d28    00000108     sysbios.aem4f : BIOS.obj (.text:ti_sysbios_family_arm_m3_Hwi_excFillContext__I)
                  00001e30    00000106     event_pem4f.oem4f (.text:xdc_runtime_System_printfExtend__I)
                  00001f36    000000fc     rtsv7M4_T_le_v4SPD16_eabi.lib : fd_mul_t2.asm.obj (.text)
                  00002032    00000002     dpl_msp432p401x.aem4f : PowerMSP432_tirtos.oem4f (.text:PowerMSP432_initPolicy)
                  00002034    000000fc     ti.targets.arm.rtsarm.aem4f : Startup.oem4f (.text:xdc_runtime_Startup_startMods__I)
                  00002130    000000f0     sysbios.aem4f : m3_Hwi_asm.obj (.text:ti_sysbios_family_arm_m3_Hwi_dispatch__I)
                  00002220    000000e8     ti.targets.arm.rtsarm.aem4f : Core-mem.oem4f (.text:xdc_runtime_Core_createObject__I)
                  00002308    000000e8                                 : Error.oem4f (.text:xdc_runtime_Error_policyDefault__E)
                  000023f0    000000e4     msp432p4xx_driverlib.lib : cs.o (.text:CS_startHFXTWithTimeout)
                  000024d4    000000e0                              : cs.o (.text:CS_startLFXTWithTimeout)
                  000025b4    000000dc                              : cs.o (.text:_CSGetHFXTFrequency)
                  00002690    000000cc     ti.targets.arm.rtsarm.aem4f : Core-smem.oem4f (.text:xdc_runtime_Core_constructObject__I)
                  0000275c    00000004     event_pem4f.oem4f (.text:ti_sysbios_family_arm_m3_TaskSupport_Module__startupDone__S)
                  00002760    000000c8     sysbios.aem4f : BIOS.obj (.text:ti_sysbios_family_arm_msp432_init_Boot_setupCS)
                  00002828    000000c4                   : BIOS.obj (.text:ti_sysbios_knl_Task_Instance_init__E)
                  000028ec    00000004     event_pem4f.oem4f (.text:ti_sysbios_hal_Hwi_HwiProxy_create)
                  000028f0    000000bc     sysbios.aem4f : BIOS.obj (.text:ti_sysbios_family_arm_m3_Hwi_excDebugMon__I)
                  000029ac    00000004     event_pem4f.oem4f (.text:ti_sysbios_hal_Hwi_HwiProxy_delete)
                  000029b0    000000bc     sysbios.aem4f : BIOS.obj (.text:ti_sysbios_family_arm_m3_Hwi_excHardFault__I)
                  00002a6c    00000004     event_pem4f.oem4f (.text:ti_sysbios_heaps_HeapMem_Module_GateProxy_enter__E)
                  00002a70    000000b4     sysbios.aem4f : BIOS.obj (.text:ti_sysbios_knl_Task_Instance_finalize__E)
                  00002b24    00000004     event_pem4f.oem4f (.text:ti_sysbios_heaps_HeapMem_Module_GateProxy_leave__E)
                  00002b28    000000b4     sysbios.aem4f : BIOS.obj (.text:ti_sysbios_knl_Task_checkStacks__E)
                  00002bdc    00000004     event_pem4f.oem4f (.text:ti_sysbios_knl_Clock_TimerProxy_getMaxTicks__E)
                  00002be0    000000ac     sysbios.aem4f : BIOS.obj (.text:ti_sysbios_family_arm_m3_Hwi_Instance_init__E)
                  00002c8c    00000004     ti.targets.arm.rtsarm.aem4f : Error.oem4f (.text:xdc_runtime_Error_getSite__E)
                  00002c90    000000a8     sysbios.aem4f : BIOS.obj (.text:ti_sysbios_family_arm_msp432_Timer_periodicStub__E)
                  00002d38    000000a2     ti.targets.arm.rtsarm.aem4f : Text.oem4f (.text:xdc_runtime_Text_putSite__E)
                  00002dda    00000002     rtsv7M4_T_le_v4SPD16_eabi.lib : _lock.c.obj (.text:_nop)
                  00002ddc    000000a0     auto_init.aem4f : auto_init.oem4f (.text)
                  00002e7c    0000009c     drivers_msp432p401x.aem4f : PowerMSP432.oem4f (.text:Power_init)
                  00002f18    0000009c     rtsv7M4_T_le_v4SPD16_eabi.lib : memcpy_t2.asm.obj (.text)
                  00002fb4    00000094     main.obj (.text:LCD_print_udec3)
                  00003048    00000094     sysbios.aem4f : BIOS.obj (.text:ti_sysbios_family_arm_m3_Hwi_initNVIC__E)
                  000030dc    0000008c                   : m3_TaskSupport_asm.obj (.text:ti_sysbios_family_arm_m3_TaskSupport_buildTaskStack)
                  00003168    0000008c                   : BIOS.obj (.text:ti_sysbios_knl_Event_post__E)
                  000031f4    00000004     event_pem4f.oem4f (.text:xdc_runtime_System_Module_GateProxy_enter__E)
                  000031f8    0000008c     sysbios.aem4f : BIOS.obj (.text:ti_sysbios_knl_Task_postInit__I)
                  00003284    00000084     msp432p4xx_driverlib.lib : pcm.o (.text:PCM_gotoLPM3)
                  00003308    00000084     drivers_msp432p401x.aem4f : PowerMSP432.oem4f (.text:restartHFXT)
                  0000338c    00000004     event_pem4f.oem4f (.text:xdc_runtime_System_Module_GateProxy_leave__E)
                  00003390    00000084     sysbios.aem4f : BIOS.obj (.text:ti_sysbios_family_arm_m3_Hwi_postInit__I)
                  00003414    00000004     ti.targets.arm.rtsarm.aem4f : System.oem4f (.text:xdc_runtime_System_aprintf_va__F)
                  00003418    00000084     sysbios.aem4f : BIOS.obj (.text:ti_sysbios_heaps_HeapMem_free__E)
                  0000349c    00000004     ti.targets.arm.rtsarm.aem4f : System.oem4f (.text:xdc_runtime_System_printf_va__F)
                  000034a0    00000080     sysbios.aem4f : BIOS.obj (.text:ti_sysbios_knl_Clock_workFunc__E)
                  00003520    0000007c                   : BIOS.obj (.text:ti_sysbios_knl_Semaphore_post__E)
                  0000359c    0000007a     rtsv7M4_T_le_v4SPD16_eabi.lib : memset_t2.asm.obj (.text)
                  00003616    00000002                                   : div0.asm.obj (.text)
                  00003618    0000007a     sysbios.aem4f : BIOS.obj (.text:ti_sysbios_heaps_HeapMem_allocUnprotected__E)
                  00003692    00000002     event_pem4f.oem4f (.text:ti_sysbios_BIOS_nullFunc__I)
                  00003694    00000004     --HOLE-- [fill = 0]
                  00003698    00000078     sysbios.aem4f : BIOS.obj (.text:ti_sysbios_heaps_HeapMem_initPrimary__I)
                  00003710    00000074     ti.targets.arm.rtsarm.aem4f : Error.oem4f (.text:xdc_runtime_Error_print__E)
                  00003784    00000074                                 : Text.oem4f (.text:xdc_runtime_Text_putMod__E)
                  000037f8    00000070     main.obj (.text:init_lcd)
                  00003868    00000070     sysbios.aem4f : BIOS.obj (.text:ti_sysbios_knl_Semaphore_Instance_init__E)
                  000038d8    00000070                   : BIOS.obj (.text:ti_sysbios_knl_Task_exit__E)
                  00003948    00000070     ti.targets.arm.rtsarm.aem4f : Memory.oem4f (.text:xdc_runtime_Memory_alloc__E)
                  000039b8    0000006d                                 : System.oem4f (.text:xdc_runtime_System_formatNum__I)
                  00003a25    00000003     --HOLE-- [fill = 0]
                  00003a28    0000006c     main.obj (.text:LCD_Config)
                  00003a94    0000006c     main.obj (.text:LCD_contrast)
                  00003b00    0000006c     sysbios.aem4f : BIOS.obj (.text:ti_sysbios_knl_Swi_restoreHwi__E)
                  00003b6c    00000068     rtsv7M4_T_le_v4SPD16_eabi.lib : copy_decompress_lzss.c.obj (.text:decompress:lzss:__TI_decompress_lzss)
                  00003bd4    00000066     ti.targets.arm.rtsarm.aem4f : Core-mem.oem4f (.text:xdc_runtime_Core_deleteObject__I)
                  00003c3a    00000006     --HOLE-- [fill = 0]
                  00003c40    00000064     sysbios.aem4f : BIOS.obj (.text:ti_sysbios_family_arm_m3_Hwi_dispatchC__I)
                  00003ca4    00000004     --HOLE-- [fill = 0]
                  00003ca8    00000060                   : BIOS.obj (.text:ti_sysbios_knl_Task_schedule__I)
                  00003d08    0000005f     ti.targets.arm.rtsarm.aem4f : Text.oem4f (.text:xdc_runtime_Text_putLab__E)
                  00003d67    00000001     --HOLE-- [fill = 0]
                  00003d68    0000005e     msp432p4xx_driverlib.lib : pcm.o (.text:PCM_getCoreVoltageLevel)
                  00003dc6    00000002     --HOLE-- [fill = 0]
                  00003dc8    0000005c     main.obj (.text:init_adc)
                  00003e24    0000005c     main.obj (.text:swiFxn)
                  00003e80    0000005c     sysbios.aem4f : BIOS.obj (.text:ti_sysbios_knl_Swi_run__I)
                  00003edc    00000004     --HOLE-- [fill = 0]
                  00003ee0    0000005c                   : BIOS.obj (.text:ti_sysbios_knl_Swi_schedule__I)
                  00003f3c    00000004     --HOLE-- [fill = 0]
                  00003f40    0000005c                   : BIOS.obj (.text:ti_sysbios_knl_Task_Module_startup__E)
                  00003f9c    00000004     --HOLE-- [fill = 0]
                  00003fa0    0000005c                   : BIOS.obj (.text:ti_sysbios_knl_Task_startCore__E)
                  00003ffc    0000005a     msp432p4xx_driverlib.lib : pcm.o (.text:PCM_getPowerMode)
                  00004056    00000002     --HOLE-- [fill = 0]
                  00004058    00000058     rtsv7M4_T_le_v4SPD16_eabi.lib : hostwrite.c.obj (.text:HOSTwrite)
                  000040b0    00000058     boot.aem4f : boot.oem4f (.text)
                  00004108    00000058     sysbios.aem4f : m3_Hwi_asm_switch.obj (.text:ti_sysbios_family_arm_m3_Hwi_initStacks__E)
                  00004160    00000058                   : BIOS.obj (.text:ti_sysbios_heaps_HeapMem_alloc__E)
                  000041b8    00000054     msp432p4xx_driverlib.lib : pcm.o (.text:PCM_shutdownDevice)
                  0000420c    00000054     event_pem4f.oem4f (.text:ti_sysbios_family_arm_m3_Hwi_create)
                  00004260    00000054     sysbios.aem4f : BIOS.obj (.text:ti_sysbios_family_arm_msp432_Timer_initDevice__I)
                  000042b4    00000050     main.obj (.text:LCD_print_char)
                  00004304    00000004     --HOLE-- [fill = 0]
                  00004308    00000050     sysbios.aem4f : BIOS.obj (.text:ti_sysbios_family_arm_m3_Hwi_Module_startup__E)
                  00004358    00000050     event_pem4f.oem4f (.text:ti_sysbios_hal_Hwi_construct)
                  000043a8    00000050     ti.targets.arm.rtsarm.aem4f : Startup.oem4f (.text:xdc_runtime_Startup_exec__E)
                  000043f8    00000050                                 : Text.oem4f (.text:xdc_runtime_Text_visitRope2__I)
                  00004448    0000004c     dpl_msp432p401x.aem4f : PowerMSP432_tirtos.oem4f (.text:PowerMSP432_sleepPolicy)
                  00004494    0000004c     rtsv7M4_T_le_v4SPD16_eabi.lib : cpy_tbl.c.obj (.text:copy_in)
                  000044e0    0000004c     sysbios.aem4f : BIOS.obj (.text:ti_sysbios_family_arm_msp432_Timer_start__E)
                  0000452c    00000004     --HOLE-- [fill = 0]
                  00004530    0000004c                   : BIOS.obj (.text:ti_sysbios_heaps_HeapMem_getStats__E)
                  0000457c    0000004c     event_pem4f.oem4f (.text:ti_sysbios_knl_Swi_construct)
                  000045c8    0000004c     sysbios.aem4f : BIOS.obj (.text:ti_sysbios_knl_Swi_runLoop__I)
                  00004614    00000004     --HOLE-- [fill = 0]
                  00004618    0000004c                   : BIOS.obj (.text:ti_sysbios_knl_Task_allBlockedFunction__I)
                  00004664    0000004c     event_pem4f.oem4f (.text:ti_sysbios_knl_Task_construct)
                  000046b0    0000004c     ti.targets.arm.rtsarm.aem4f : Assert.oem4f (.text:xdc_runtime_Assert_raise__I)
                  000046fc    00000048     main.obj (.text:lcdTask)
                  00004744    00000048     rtsv7M4_T_le_v4SPD16_eabi.lib : fd_toi_t2.asm.obj (.text)
                  0000478c    00000004     --HOLE-- [fill = 0]
                  00004790    00000048     sysbios.aem4f : BIOS.obj (.text:ti_sysbios_family_arm_m3_Hwi_disableInterrupt__E)
                  000047d8    00000048                   : BIOS.obj (.text:ti_sysbios_family_arm_m3_Hwi_enableInterrupt__E)
                  00004820    00000048                   : BIOS.obj (.text:ti_sysbios_family_arm_m3_Hwi_excReserved__I)
                  00004868    00000048                   : BIOS.obj (.text:ti_sysbios_knl_Mailbox_Module_startup__E)
                  000048b0    00000048                   : BIOS.obj (.text:ti_sysbios_knl_Swi_Instance_init__E)
                  000048f8    00000048     ti.targets.arm.rtsarm.aem4f : Core-params.oem4f (.text:xdc_runtime_Core_assignParams__I)
                  00004940    00000044     sysbios.aem4f : BIOS.obj (.text:ti_sysbios_family_arm_m3_Hwi_getStackInfo__E)
                  00004984    00000004     --HOLE-- [fill = 0]
                  00004988    00000044                   : BIOS.obj (.text:ti_sysbios_knl_Swi_post__E)
                  000049cc    00000044     ti.targets.arm.rtsarm.aem4f : Error.oem4f (.text:xdc_runtime_Error_setX__E)
                  00004a10    00000044                                 : SysMin.oem4f (.text:xdc_runtime_SysMin_flush__E)
                  00004a54    00000044                                 : Text.oem4f (.text:xdc_runtime_Text_xprintf__I)
                  00004a98    00000040     dpl_msp432p401x.aem4f : HwiP_tirtos.oem4f (.text:HwiP_create)
                  00004ad8    00000040     main.obj (.text:LCD_Port_Config)
                  00004b18    00000040     rtsv7M4_T_le_v4SPD16_eabi.lib : u_divt2.asm.obj (.text)
                  00004b58    00000040     sysbios.aem4f : BIOS.obj (.text:ti_sysbios_family_arm_msp432_Timer_Module_startup__E)
                  00004b98    00000040                   : BIOS.obj (.text:ti_sysbios_family_arm_msp432_Timer_startup__E)
                  00004bd8    00000040                   : BIOS.obj (.text:ti_sysbios_heaps_HeapMem_Instance_init__E)
                  00004c18    0000003c     main.obj (.text:LCD_Command_WR)
                  00004c54    0000003c     main.obj (.text:LCD_Data_WR)
                  00004c90    0000003c     main.obj (.text:LCD_SPI_Config)
                  00004ccc    00000004     --HOLE-- [fill = 0]
                  00004cd0    0000003c     sysbios.aem4f : BIOS.obj (.text:ti_sysbios_family_arm_m3_Hwi_Instance_finalize__E)
                  00004d0c    00000004     --HOLE-- [fill = 0]
                  00004d10    0000003c                   : BIOS.obj (.text:ti_sysbios_family_arm_m3_Hwi_excSvCall__I)
                  00004d4c    00000004     --HOLE-- [fill = 0]
                  00004d50    0000003c                   : BIOS.obj (.text:ti_sysbios_knl_Clock_Instance_init__E)
                  00004d8c    00000004     --HOLE-- [fill = 0]
                  00004d90    0000003c                   : BIOS.obj (.text:ti_sysbios_knl_Swi_restore__E)
                  00004dcc    0000003a     main.obj (.text:LCD_clear)
                  00004e06    0000003a     main.obj (.text:pow10)
                  00004e40    00000038     rtsv7M4_T_le_v4SPD16_eabi.lib : trgmsg.c.obj (.text:__TI_writemsg)
                  00004e78    00000038     drivers_msp432p401x.aem4f : PowerMSP432.oem4f (.text:notify)
                  00004eb0    00000038     sysbios.aem4f : BIOS.obj (.text:ti_sysbios_family_arm_m3_Hwi_excNoIsr__I)
                  00004ee8    00000038                   : BIOS.obj (.text:ti_sysbios_knl_Task_processVitalTaskFlag__I)
                  00004f20    00000038     ti.targets.arm.rtsarm.aem4f : System.oem4f (.text:xdc_runtime_System_atexit__E)
                  00004f58    00000034     rtsv7M4_T_le_v4SPD16_eabi.lib : trgmsg.c.obj (.text:__TI_readmsg)
                  00004f8c    00000034     main.obj (.text:inputTask)
                  00004fc0    00000034     sysbios.aem4f : BIOS.obj (.text:ti_sysbios_family_arm_m3_Hwi_excNmi__I)
                  00004ff4    00000004     --HOLE-- [fill = 0]
                  00004ff8    00000034                   : BIOS.obj (.text:ti_sysbios_family_arm_msp432_init_Boot_configureClocksHigh)
                  0000502c    00000004     --HOLE-- [fill = 0]
                  00005030    00000034                   : BIOS.obj (.text:ti_sysbios_hal_Hwi_checkStack)
                  00005064    00000034     ti.targets.arm.rtsarm.aem4f : SysMin.oem4f (.text:xdc_runtime_SysMin_abort__E)
                  00005098    00000034                                 : SysMin.oem4f (.text:xdc_runtime_SysMin_putch__E)
                  000050cc    00000004     --HOLE-- [fill = 0]
                  000050d0    00000032     sysbios.aem4f : BIOS.obj (.text:ti_sysbios_hal_Hwi_initStack)
                  00005102    00000002     --HOLE-- [fill = 0]
                  00005104    00000030     event_pem4f.oem4f (.text:ti_sysbios_BIOS_atExitFunc__I)
                  00005134    00000030     event_pem4f.oem4f (.text:ti_sysbios_BIOS_startFunc__I)
                  00005164    00000004     --HOLE-- [fill = 0]
                  00005168    00000030     sysbios.aem4f : BIOS.obj (.text:ti_sysbios_family_arm_m3_TaskSupport_start__E)
                  00005198    00000030                   : BIOS.obj (.text:ti_sysbios_family_arm_msp432_Timer_setPeriod__E)
                  000051c8    00000030     event_pem4f.oem4f (.text:ti_sysbios_gates_GateHwi_Object__create__S)
                  000051f8    00000030     event_pem4f.oem4f (.text:ti_sysbios_gates_GateMutex_Object__create__S)
                  00005228    00000030     sysbios.aem4f : BIOS.obj (.text:ti_sysbios_gates_GateMutex_enter__E)
                  00005258    00000030     event_pem4f.oem4f (.text:ti_sysbios_heaps_HeapMem_Object__create__S)
                  00005288    00000030     event_pem4f.oem4f (.text:ti_sysbios_knl_Clock_construct)
                  000052b8    00000030     sysbios.aem4f : BIOS.obj (.text:ti_sysbios_knl_Event_pendTimeout__I)
                  000052e8    00000030                   : BIOS.obj (.text:ti_sysbios_knl_Mailbox_postInit__I)
                  00005318    00000030     event_pem4f.oem4f (.text:ti_sysbios_knl_Semaphore_construct)
                  00005348    00000030     sysbios.aem4f : BIOS.obj (.text:ti_sysbios_knl_Semaphore_pendTimeout__I)
                  00005378    00000030                   : BIOS.obj (.text:ti_sysbios_knl_Task_restore__E)
                  000053a8    00000030                   : BIOS.obj (.text:ti_sysbios_knl_Task_unblockI__E)
                  000053d8    00000030     event_pem4f.oem4f (.text:xdc_runtime_Error_policyLog__I)
                  00005408    00000030     ti.targets.arm.rtsarm.aem4f : System.oem4f (.text:xdc_runtime_System_processAtExit__E)
                  00005438    0000002f                                 : Text.oem4f (.text:xdc_runtime_Text_printVisFxn__I)
                  00005467    00000001     --HOLE-- [fill = 0]
                  00005468    0000002c     dpl_msp432p401x.aem4f : PowerMSP432_tirtos.oem4f (.text:PowerMSP432_updateFreqs)
                  00005494    0000002c     msp432p4xx_driverlib.lib : rtc_c.o (.text:RTC_C_holdClock)
                  000054c0    0000002c     event_pem4f.oem4f (.text:ti_sysbios_family_arm_m3_Hwi_Handle__label__S)
                  000054ec    0000002c     event_pem4f.oem4f (.text:ti_sysbios_gates_GateHwi_Handle__label__S)
                  00005518    0000002c     event_pem4f.oem4f (.text:ti_sysbios_gates_GateMutex_Handle__label__S)
                  00005544    0000002c     event_pem4f.oem4f (.text:ti_sysbios_heaps_HeapMem_Handle__label__S)
                  00005570    0000002c     event_pem4f.oem4f (.text:ti_sysbios_knl_Clock_doTick__I)
                  0000559c    0000002c     event_pem4f.oem4f (.text:ti_sysbios_knl_Event_construct)
                  000055c8    0000002c     event_pem4f.oem4f (.text:ti_sysbios_knl_Queue_construct)
                  000055f4    0000002c     event_pem4f.oem4f (.text:ti_sysbios_knl_Swi_Handle__label__S)
                  00005620    0000002c     event_pem4f.oem4f (.text:ti_sysbios_knl_Task_Handle__label__S)
                  0000564c    0000002c     ti.targets.arm.rtsarm.aem4f : System.oem4f (.text:xdc_runtime_System_putchar__I)
                  00005678    0000002a     main.obj (.text:LCD_goto_xy)
                  000056a2    00000002     --HOLE-- [fill = 0]
                  000056a4    00000028     msp432p4xx_driverlib.lib : pcm.o (.text:PCM_gotoLPM0)
                  000056cc    00000028     drivers_msp432p401x.aem4f : PowerMSP432.oem4f (.text:disableFaultCounter)
                  000056f4    00000028                               : PowerMSP432.oem4f (.text:disableHFXT)
                  0000571c    00000028     sysbios.aem4f : m3_Hwi_asm.obj (.text:ti_sysbios_family_arm_m3_Hwi_excHandlerAsm__I)
                  00005744    00000004     --HOLE-- [fill = 0]
                  00005748    00000028                   : BIOS.obj (.text:ti_sysbios_knl_Clock_addI__E)
                  00005770    00000028                   : BIOS.obj (.text:ti_sysbios_knl_Semaphore_Instance_finalize__E)
                  00005798    00000028                   : BIOS.obj (.text:ti_sysbios_knl_Swi_Module_startup__E)
                  000057c0    00000028     ti.targets.arm.rtsarm.aem4f : System.oem4f (.text:xdc_runtime_System_avprintf__E)
                  000057e8    00000026     sysbios.aem4f : m3_Hwi_asm.obj (.text:ti_sysbios_family_arm_m3_Hwi_pendSV__I)
                  0000580e    00000026     ti.targets.arm.rtsarm.aem4f : System.oem4f (.text:xdc_runtime_System_vprintf__E)
                  00005834    00000024     msp432p4xx_driverlib.lib : wdt_a.o (.text:WDT_A_holdTimer)
                  00005858    00000024     event_pem4f.oem4f (.text:ti_sysbios_BIOS_errorRaiseHook__I)
                  0000587c    00000024     event_pem4f.oem4f (.text:ti_sysbios_BIOS_registerRTSLock__I)
                  000058a0    00000024     event_pem4f.oem4f (.text:ti_sysbios_BIOS_removeRTSLock__I)
                  000058c4    00000004     --HOLE-- [fill = 0]
                  000058c8    00000024     sysbios.aem4f : BIOS.obj (.text:ti_sysbios_family_arm_msp432_ClockFreqs_setFrequency__E)
                  000058ec    00000004     --HOLE-- [fill = 0]
                  000058f0    00000024                   : BIOS.obj (.text:ti_sysbios_family_arm_msp432_Timer_postInit__I)
                  00005914    00000024     event_pem4f.oem4f (.text:ti_sysbios_gates_GateMutex_Object__delete__S)
                  00005938    00000024     sysbios.aem4f : BIOS.obj (.text:ti_sysbios_knl_Clock_Module_startup__E)
                  0000595c    00000004     --HOLE-- [fill = 0]
                  00005960    00000024                   : BIOS.obj (.text:ti_sysbios_knl_Clock_start__E)
                  00005984    00000004     --HOLE-- [fill = 0]
                  00005988    00000024                   : BIOS.obj (.text:ti_sysbios_knl_Task_restoreHwi__E)
                  000059ac    00000022     event_pem4f.oem4f (.text:xdc_runtime_SysMin_output__I)
                  000059ce    00000002     --HOLE-- [fill = 0]
                  000059d0    00000020     msp432p4xx_driverlib.lib : cs.o (.text:CS_setExternalClockSourceFrequency)
                  000059f0    00000020     main.obj (.text:init_potentiometer)
                  00005a10    00000020     rtsv7M4_T_le_v4SPD16_eabi.lib : u_tofd_t2.asm.obj (.text)
                  00005a30    00000020     event_pem4f.oem4f (.text:ti_sysbios_BIOS_rtsLock__I)
                  00005a50    00000020     event_pem4f.oem4f (.text:ti_sysbios_family_arm_m3_Hwi_Object__delete__S)
                  00005a70    00000020     event_pem4f.oem4f (.text:ti_sysbios_gates_GateHwi_Object__delete__S)
                  00005a90    00000020     sysbios.aem4f : BIOS.obj (.text:ti_sysbios_hal_Hwi_Instance_init__E)
                  00005ab0    00000020     event_pem4f.oem4f (.text:ti_sysbios_heaps_HeapMem_Object__delete__S)
                  00005ad0    00000020     sysbios.aem4f : BIOS.obj (.text:ti_sysbios_knl_Idle_run__E)
                  00005af0    00000020     event_pem4f.oem4f (.text:ti_sysbios_knl_Semaphore_destruct)
                  00005b10    00000020     ti.targets.arm.rtsarm.aem4f : SysMin.oem4f (.text:xdc_runtime_SysMin_Module_startup__E)
                  00005b30    0000001e     main.obj (.text:LCD_print_str)
                  00005b4e    0000001e     sysbios.aem4f : m3_Hwi_asm_switch.obj (.text:ti_sysbios_family_xxx_Hwi_switchAndRunFunc)
                  00005b6c    0000001c     main.obj (.text:hwiFxn)
                  00005b88    0000001c     sysbios.aem4f : BIOS.obj (.text:ti_sysbios_family_arm_m3_Hwi_excHandler__I)
                  00005ba4    00000004     --HOLE-- [fill = 0]
                  00005ba8    0000001c                   : BIOS.obj (.text:ti_sysbios_gates_GateMutex_Instance_init__E)
                  00005bc4    0000001c     event_pem4f.oem4f (.text:ti_sysbios_knl_Queue_destruct)
                  00005be0    0000001c     sysbios.aem4f : BIOS.obj (.text:ti_sysbios_knl_Queue_put__E)
                  00005bfc    00000004     --HOLE-- [fill = 0]
                  00005c00    0000001c                   : BIOS.obj (.text:ti_sysbios_knl_Task_enter__I)
                  00005c1c    0000001c     ti.targets.arm.rtsarm.aem4f : Error.oem4f (.text:xdc_runtime_Error_check__E)
                  00005c38    0000001c                                 : Error.oem4f (.text:xdc_runtime_Error_raiseX__E)
                  00005c54    0000001c                                 : Memory.oem4f (.text:xdc_runtime_Memory_valloc__E)
                  00005c70    0000001c                                 : Registry.oem4f (.text:xdc_runtime_Registry_findById__E)
                  00005c8c    0000001c                                 : SysMin.oem4f (.text:xdc_runtime_SysMin_exit__E)
                  00005ca8    0000001c                                 : System.oem4f (.text:xdc_runtime_System_abort__E)
                  00005cc4    0000001c                                 : Text.oem4f (.text:xdc_runtime_Text_ropeText__E)
                  00005ce0    0000001a     event_pem4f.oem4f (.text:xdc_runtime_System_aprintf__E)
                  00005cfa    0000001a     event_pem4f.oem4f (.text:xdc_runtime_System_printf__E)
                  00005d14    00000018     event_pem4f.oem4f (.text:.bootCodeSection:ti_sysbios_family_arm_msp432_init_Boot_init__I)
                  00005d2c    00000018     msp432p4xx_driverlib.lib : sysctl_a.o (.text:SysCtl_A_disableNMISource)
                  00005d44    00000018                              : sysctl_a.o (.text:SysCtl_A_enableNMISource)
                  00005d5c    00000018     rtsv7M4_T_le_v4SPD16_eabi.lib : args_main.c.obj (.text:_args_main)
                  00005d74    00000018     main.obj (.text:clkFxn)
                  00005d8c    00000018     event_pem4f.oem4f (.text:ti_sysbios_BIOS_rtsUnlock__I)
                  00005da4    00000018     event_pem4f.oem4f (.text:ti_sysbios_family_arm_m3_Hwi_Module__startupDone__F)
                  00005dbc    00000018     sysbios.aem4f : m3_TaskSupport_asm.obj (.text:ti_sysbios_family_arm_m3_TaskSupport_swap__E)
                  00005dd4    00000018     event_pem4f.oem4f (.text:ti_sysbios_family_arm_msp432_Timer_Module__startupDone__F)
                  00005dec    00000004     --HOLE-- [fill = 0]
                  00005df0    00000018     sysbios.aem4f : BIOS.obj (.text:ti_sysbios_gates_GateMutex_leave__E)
                  00005e08    00000018     ti.targets.arm.rtsarm.aem4f : Error.oem4f (.text:xdc_runtime_Error_init__E)
                  00005e20    00000018                                 : System.oem4f (.text:xdc_runtime_System_exit__E)
                  00005e38    00000016     event_pem4f.oem4f (.text:ti_sysbios_BIOS_exitFunc__I)
                  00005e4e    00000016     main.obj (.text:ti_sysbios_hal_Hwi_Params_init)
                  00005e64    00000016     main.obj (.text:ti_sysbios_knl_Clock_Params_init)
                  00005e7a    00000016     main.obj (.text:ti_sysbios_knl_Swi_Params_init)
                  00005e90    00000016     main.obj (.text:ti_sysbios_knl_Task_Params_init)
                  00005ea6    00000002     --HOLE-- [fill = 0]
                  00005ea8    00000016     sysbios.aem4f : BIOS.obj (.text:ti_sysbios_knl_Task_unblock__E)
                  00005ebe    00000002     --HOLE-- [fill = 0]
                  00005ec0    00000014     msp432p4xx_driverlib.lib : pcm.o (.text:PCM_getPowerState)
                  00005ed4    00000014     drivers_msp432p401x.aem4f : PowerMSP432.oem4f (.text:Power_idleFunc)
                  00005ee8    00000014     rtsv7M4_T_le_v4SPD16_eabi.lib : strlen.c.obj (.text:strlen)
                  00005efc    00000014     event_pem4f.oem4f (.text:ti_sysbios_family_arm_m3_Hwi_Object__get__S)
                  00005f10    00000014     sysbios.aem4f : BIOS.obj (.text:ti_sysbios_family_arm_m3_Hwi_switchFromBootStack__E)
                  00005f24    00000014     event_pem4f.oem4f (.text:ti_sysbios_heaps_HeapMem_Object__get__S)
                  00005f38    00000014     sysbios.aem4f : BIOS.obj (.text:ti_sysbios_knl_Event_Instance_init__E)
                  00005f4c    00000014     event_pem4f.oem4f (.text:ti_sysbios_knl_Swi_Object__get__S)
                  00005f60    00000012     sysbios.aem4f : BIOS.obj (.text:ti_sysbios_hal_Hwi_Module_startup__E)
                  00005f72    00000006     --HOLE-- [fill = 0]
                  00005f78    00000012                   : BIOS.obj (.text:ti_sysbios_knl_Event_sync__E)
                  00005f8a    00000012     event_pem4f.oem4f (.text:xdc_runtime_Startup_exec__I)
                  00005f9c    00000010     dpl_msp432p401x.aem4f : HwiP_tirtos.oem4f (.text:HwiP_Params_init)
                  00005fac    00000010     msp432p4xx_driverlib.lib : pcm.o (.text:PCM_gotoLPM4)
                  00005fbc    00000010                              : pcm.o (.text:PCM_setPowerMode)
                  00005fcc    00000010                              : pcm.o (.text:PCM_setPowerState)
                  00005fdc    00000010                              : sysctl_a.o (.text:SysCtl_A_getNMISourceStatus)
                  00005fec    00000010                              : sysctl.o (.text:SysCtl_getNMISourceStatus)
                  00005ffc    00000004     --HOLE-- [fill = 0]
                  00006000    00000010     sysbios.aem4f : BIOS.obj (.text:ti_sysbios_BIOS_setCpuFreq__E)
                  00006010    00000010                   : BIOS.obj (.text:ti_sysbios_BIOS_setThreadType__E)
                  00006020    00000010                   : BIOS.obj (.text:ti_sysbios_BIOS_start__E)
                  00006030    00000010                   : m3_TaskSupport_asm.obj (.text:ti_sysbios_family_arm_m3_TaskSupport_glue)
                  00006040    00000010                   : BIOS.obj (.text:ti_sysbios_family_arm_msp432_init_Boot_disableWatchdog)
                  00006050    00000010                   : BIOS.obj (.text:ti_sysbios_gates_GateMutex_Instance_finalize__E)
                  00006060    00000010     event_pem4f.oem4f (.text:ti_sysbios_knl_Mailbox_Object__get__S)
                  00006070    00000010     sysbios.aem4f : BIOS.obj (.text:ti_sysbios_knl_Swi_disable__E)
                  00006080    00000010     event_pem4f.oem4f (.text:ti_sysbios_knl_Task_Object__get__S)
                  00006090    00000010     sysbios.aem4f : BIOS.obj (.text:ti_sysbios_knl_Task_disable__E)
                  000060a0    00000010     ti.targets.arm.rtsarm.aem4f : Gate.oem4f (.text:xdc_runtime_Gate_leaveSystem__E)
                  000060b0    00000010                                 : Memory.oem4f (.text:xdc_runtime_Memory_free__E)
                  000060c0    00000010                                 : SysMin.oem4f (.text:xdc_runtime_SysMin_ready__E)
                  000060d0    00000010                                 : System.oem4f (.text:xdc_runtime_System_vsnprintf__E)
                  000060e0    00000010     event_pem4f.oem4f (.text:xdc_runtime_Text_visitRope__I)
                  000060f0    0000000e     rtsv7M4_T_le_v4SPD16_eabi.lib : copy_decompress_none.c.obj (.text:decompress:none:__TI_decompress_none)
                  000060fe    00000002     --HOLE-- [fill = 0]
                  00006100    0000000e     sysbios.aem4f : BIOS.obj (.text:ti_sysbios_knl_Clock_removeI__E)
                  0000610e    00000002     --HOLE-- [fill = 0]
                  00006110    0000000e                   : BIOS.obj (.text:ti_sysbios_knl_Idle_loop__E)
                  0000611e    00000002     --HOLE-- [fill = 0]
                  00006120    0000000e                   : BIOS.obj (.text:ti_sysbios_knl_Queue_empty__E)
                  0000612e    0000000c     ti_drivers_config.obj (.text:Board_init)
                  0000613a    0000000c     msp432p4xx_driverlib.lib : cpu.o (.text:CPU_cpsid)
                  00006146    0000000c                              : cpu.o (.text:CPU_cpsie)
                  00006152    0000000c     main.obj (.text:LCD_home)
                  0000615e    00000002     --HOLE-- [fill = 0]
                  00006160    0000000c     drivers_msp432p401x.aem4f : PowerMSP432.oem4f (.text:Power_getConstraintMask)
                  0000616c    0000000c     rtsv7M4_T_le_v4SPD16_eabi.lib : _lock.c.obj (.text:_register_lock)
                  00006178    0000000c                                   : _lock.c.obj (.text:_register_unlock)
                  00006184    0000000c                                   : copy_zero_init.c.obj (.text:decompress:ZI:__TI_zero_init)
                  00006190    0000000c     event_pem4f.oem4f (.text:ti_sysbios_family_arm_m3_Hwi_Params__init__S)
                  0000619c    00000004     --HOLE-- [fill = 0]
                  000061a0    0000000c     sysbios.aem4f : BIOS.obj (.text:ti_sysbios_family_arm_m3_Hwi_enableFxn__E)
                  000061ac    00000004     --HOLE-- [fill = 0]
                  000061b0    0000000c                   : BIOS.obj (.text:ti_sysbios_family_arm_m3_TaskSupport_checkStack__E)
                  000061bc    00000004     --HOLE-- [fill = 0]
                  000061c0    0000000c                   : BIOS.obj (.text:ti_sysbios_family_arm_m3_TaskSupport_getStackAlignment__E)
                  000061cc    00000004     --HOLE-- [fill = 0]
                  000061d0    0000000c                   : BIOS.obj (.text:ti_sysbios_family_arm_msp432_Timer_getMaxTicks__E)
                  000061dc    00000004     --HOLE-- [fill = 0]
                  000061e0    0000000c                   : BIOS.obj (.text:ti_sysbios_gates_GateHwi_enter__E)
                  000061ec    0000000c     event_pem4f.oem4f (.text:ti_sysbios_hal_Hwi_Params__init__S)
                  000061f8    0000000c     main.obj (.text:ti_sysbios_hal_Hwi_handle)
                  00006204    0000000c     event_pem4f.oem4f (.text:ti_sysbios_knl_Clock_Params__init__S)
                  00006210    0000000c     main.obj (.text:ti_sysbios_knl_Clock_handle)
                  0000621c    0000000c     main.obj (.text:ti_sysbios_knl_Event_handle)
                  00006228    0000000c     event_pem4f.oem4f (.text:ti_sysbios_knl_Queue_Object__get__S)
                  00006234    0000000c     event_pem4f.oem4f (.text:ti_sysbios_knl_Swi_Params__init__S)
                  00006240    0000000c     main.obj (.text:ti_sysbios_knl_Swi_handle)
                  0000624c    0000000c     event_pem4f.oem4f (.text:ti_sysbios_knl_Task_Params__init__S)
                  00006258    0000000c     ti.targets.arm.rtsarm.aem4f : Gate.oem4f (.text:xdc_runtime_Gate_enterSystem__E)
                  00006264    0000000c                                 : Memory.oem4f (.text:xdc_runtime_Memory_calloc__E)
                  00006270    0000000c                                 : Memory.oem4f (.text:xdc_runtime_Memory_getMaxDefaultTypeAlign__E)
                  0000627c    0000000c                                 : Startup.oem4f (.text:xdc_runtime_Startup_rtsDone__E)
                  00006288    0000000a     sysbios.aem4f : BIOS.obj (.text:ti_sysbios_hal_Hwi_Instance_finalize__E)
                  00006292    0000000a     event_pem4f.oem4f (.text:xdc_runtime_IHeap_alloc)
                  0000629c    0000000a     event_pem4f.oem4f (.text:xdc_runtime_IHeap_free)
                  000062a6    00000002     --HOLE-- [fill = 0]
                  000062a8    00000008     sysbios.aem4f : BIOS.obj (.text:ti_sysbios_family_arm_m3_Hwi_doSwiRestore__I)
                  000062b0    00000008                   : BIOS.obj (.text:ti_sysbios_family_arm_m3_Hwi_startup__E)
                  000062b8    00000006                   : BIOS.obj (.text:ti_sysbios_family_arm_m3_Hwi_doTaskRestore__I)
                  000062be    00000002     --HOLE-- [fill = 0]
                  000062c0    00000006                   : BIOS.obj (.text:ti_sysbios_gates_GateHwi_leave__E)
                  000062c6    00000002     --HOLE-- [fill = 0]
                  000062c8    00000006                   : BIOS.obj (.text:ti_sysbios_heaps_HeapMem_isBlocking__E)
                  000062ce    00000002     --HOLE-- [fill = 0]
                  000062d0    00000006                   : BIOS.obj (.text:ti_sysbios_knl_Queue_Instance_init__E)
                  000062d6    00000002     --HOLE-- [fill = 0]
                  000062d8    00000006                   : BIOS.obj (.text:ti_sysbios_knl_Swi_startup__E)
                  000062de    00000002     --HOLE-- [fill = 0]
                  000062e0    00000004                   : BIOS.obj (.text:ti_sysbios_gates_GateHwi_query__E)
                  000062e4    00000004     --HOLE-- [fill = 0]
                  000062e8    00000004                   : BIOS.obj (.text:ti_sysbios_gates_GateMutex_query__E)
                  000062ec    00000004     --HOLE-- [fill = 0]
                  000062f0    00000004                   : BIOS.obj (.text:ti_sysbios_knl_Clock_setPeriod__E)
                  000062f4    00000004     --HOLE-- [fill = 0]
                  000062f8    00000004                   : BIOS.obj (.text:ti_sysbios_knl_Task_startup__E)
                  000062fc    00000004     --HOLE-- [fill = 0]
                  00006300    00000002                   : BIOS.obj (.text:ti_sysbios_BIOS_linkedWithIncorrectBootLibrary__E)
                  00006302    00000006     --HOLE-- [fill = 0]
                  00006308    00000002                   : BIOS.obj (.text:ti_sysbios_gates_GateHwi_Instance_init__E)
                  0000630a    00000006     --HOLE-- [fill = 0]
                  00006310    00000002                   : BIOS.obj (.text:ti_sysbios_knl_Clock_logTick__E)
                  00006312    00000006     --HOLE-- [fill = 0]
                  00006318    00000002                   : BIOS.obj (.text:ti_sysbios_knl_Swi_Instance_finalize__E)

.const     0    0000631c    000020fa     
                  0000631c    0000191c     event_pem4f.oem4f (.const:xdc_runtime_Text_charTab__A)
                  00007c38    000001db     main.obj (.const:ASCII)
                  00007e13    00000001     event_pem4f.oem4f (.const:xdc_runtime_Error_policy__C)
                  00007e14    000000bc     event_pem4f.oem4f (.const:xdc_runtime_Text_nodeTab__A)
                  00007ed0    0000003c     event_pem4f.oem4f (.const:ti_sysbios_knl_Task_Object__PARAMS__C)
                  00007f0c    00000038     ti_drivers_config.obj (.const:PowerMSP432_config)
                  00007f44    00000030     event_pem4f.oem4f (.const:ti_sysbios_family_arm_m3_Hwi_Object__PARAMS__C)
                  00007f74    0000002c     event_pem4f.oem4f (.const:ti_sysbios_hal_Hwi_Object__PARAMS__C)
                  00007fa0    00000028     event_pem4f.oem4f (.const:ti_sysbios_heaps_HeapMem_Module__FXNS__C)
                  00007fc8    00000028     event_pem4f.oem4f (.const:ti_sysbios_knl_Swi_Object__PARAMS__C)
                  00007ff0    00000024     event_pem4f.oem4f (.const:ti_sysbios_gates_GateHwi_Module__FXNS__C)
                  00008014    00000024     event_pem4f.oem4f (.const:ti_sysbios_gates_GateMutex_Module__FXNS__C)
                  00008038    00000024     event_pem4f.oem4f (.const:ti_sysbios_heaps_HeapMem_Object__PARAMS__C)
                  0000805c    00000024     event_pem4f.oem4f (.const:ti_sysbios_knl_Clock_Object__PARAMS__C)
                  00008080    00000024     event_pem4f.oem4f (.const:ti_sysbios_knl_Semaphore_Object__PARAMS__C)
                  000080a4    00000024     event_pem4f.oem4f (.const:xdc_runtime_Startup_sfxnTab__A)
                  000080c8    00000020     event_pem4f.oem4f (.const:ti_sysbios_family_arm_m3_Hwi_Object__DESC__C)
                  000080e8    00000020     event_pem4f.oem4f (.const:ti_sysbios_gates_GateHwi_Object__DESC__C)
                  00008108    00000020     event_pem4f.oem4f (.const:ti_sysbios_gates_GateMutex_Object__DESC__C)
                  00008128    00000020     event_pem4f.oem4f (.const:ti_sysbios_hal_Hwi_Object__DESC__C)
                  00008148    00000020     event_pem4f.oem4f (.const:ti_sysbios_heaps_HeapMem_Object__DESC__C)
                  00008168    00000020     event_pem4f.oem4f (.const:ti_sysbios_knl_Clock_Object__DESC__C)
                  00008188    00000020     event_pem4f.oem4f (.const:ti_sysbios_knl_Event_Object__DESC__C)
                  000081a8    00000020     event_pem4f.oem4f (.const:ti_sysbios_knl_Queue_Object__DESC__C)
                  000081c8    00000020     event_pem4f.oem4f (.const:ti_sysbios_knl_Semaphore_Object__DESC__C)
                  000081e8    00000020     event_pem4f.oem4f (.const:ti_sysbios_knl_Swi_Object__DESC__C)
                  00008208    00000020     event_pem4f.oem4f (.const:ti_sysbios_knl_Task_Object__DESC__C)
                  00008228    00000018     event_pem4f.oem4f (.const:ti_sysbios_gates_GateHwi_Object__PARAMS__C)
                  00008240    00000018     event_pem4f.oem4f (.const:ti_sysbios_gates_GateMutex_Object__PARAMS__C)
                  00008258    00000018     event_pem4f.oem4f (.const:ti_sysbios_knl_Event_Object__PARAMS__C)
                  00008270    00000018     event_pem4f.oem4f (.const:ti_sysbios_knl_Queue_Object__PARAMS__C)
                  00008288    00000012     event_pem4f.oem4f (.const:xdc_runtime_Startup_sfxnRts__A)
                  0000829a    00000002     event_pem4f.oem4f (.const:ti_sysbios_family_arm_m3_Hwi_Module__id__C)
                  0000829c    0000000c     event_pem4f.oem4f (.const:xdc_runtime_Startup_firstFxns__A)
                  000082a8    00000008     event_pem4f.oem4f (.const:ti_sysbios_family_arm_m3_Hwi_excHookFuncs__A)
                  000082b0    00000008     event_pem4f.oem4f (.const:ti_sysbios_knl_Idle_funcList__A)
                  000082b8    00000008     event_pem4f.oem4f (.const:ti_sysbios_knl_Idle_funcList__C)
                  000082c0    00000008     event_pem4f.oem4f (.const:xdc_runtime_Startup_firstFxns__C)
                  000082c8    00000008     event_pem4f.oem4f (.const:xdc_runtime_Startup_lastFxns__C)
                  000082d0    00000004     event_pem4f.oem4f (.const:ti_sysbios_family_arm_m3_Hwi_E_NMI__C)
                  000082d4    00000004     event_pem4f.oem4f (.const:ti_sysbios_family_arm_m3_Hwi_E_alreadyDefined__C)
                  000082d8    00000004     event_pem4f.oem4f (.const:ti_sysbios_family_arm_m3_Hwi_E_badIntNum__C)
                  000082dc    00000004     event_pem4f.oem4f (.const:ti_sysbios_family_arm_m3_Hwi_E_busFault__C)
                  000082e0    00000004     event_pem4f.oem4f (.const:ti_sysbios_family_arm_m3_Hwi_E_debugMon__C)
                  000082e4    00000004     event_pem4f.oem4f (.const:ti_sysbios_family_arm_m3_Hwi_E_hardFault__C)
                  000082e8    00000004     event_pem4f.oem4f (.const:ti_sysbios_family_arm_m3_Hwi_E_memFault__C)
                  000082ec    00000004     event_pem4f.oem4f (.const:ti_sysbios_family_arm_m3_Hwi_E_noIsr__C)
                  000082f0    00000004     event_pem4f.oem4f (.const:ti_sysbios_family_arm_m3_Hwi_E_reserved__C)
                  000082f4    00000004     event_pem4f.oem4f (.const:ti_sysbios_family_arm_m3_Hwi_E_svCall__C)
                  000082f8    00000004     event_pem4f.oem4f (.const:ti_sysbios_family_arm_m3_Hwi_E_usageFault__C)
                  000082fc    00000004     event_pem4f.oem4f (.const:ti_sysbios_family_arm_m3_Hwi_NUM_INTERRUPTS__C)
                  00008300    00000004     event_pem4f.oem4f (.const:ti_sysbios_family_arm_m3_Hwi_Object__count__C)
                  00008304    00000004     event_pem4f.oem4f (.const:ti_sysbios_family_arm_m3_Hwi_ccr__C)
                  00008308    00000004     event_pem4f.oem4f (.const:ti_sysbios_family_arm_m3_Hwi_excHandlerFunc__C)
                  0000830c    00000004     event_pem4f.oem4f (.const:ti_sysbios_family_arm_m3_Hwi_excHookFuncs__C)
                  00008310    00000004     event_pem4f.oem4f (.const:ti_sysbios_family_arm_m3_Hwi_nullIsrFunc__C)
                  00008314    00000004     event_pem4f.oem4f (.const:ti_sysbios_family_arm_m3_Hwi_priGroup__C)
                  00008318    00000004     event_pem4f.oem4f (.const:ti_sysbios_family_arm_m3_Hwi_swiDisable__C)
                  0000831c    00000004     event_pem4f.oem4f (.const:ti_sysbios_family_arm_m3_Hwi_swiRestore__C)
                  00008320    00000004     event_pem4f.oem4f (.const:ti_sysbios_family_arm_m3_TaskSupport_stackAlignment__C)
                  00008324    00000004     event_pem4f.oem4f (.const:ti_sysbios_family_arm_msp432_Timer_numTimerDevices__C)
                  00008328    00000004     event_pem4f.oem4f (.const:ti_sysbios_family_arm_msp432_Timer_startupNeeded__C)
                  0000832c    00000004     event_pem4f.oem4f (.const:ti_sysbios_gates_GateMutex_Instance_State_sem__O)
                  00008330    00000004     event_pem4f.oem4f (.const:ti_sysbios_hal_Hwi_E_stackOverflow__C)
                  00008334    00000004     event_pem4f.oem4f (.const:ti_sysbios_heaps_HeapMem_E_memory__C)
                  00008338    00000004     event_pem4f.oem4f (.const:ti_sysbios_heaps_HeapMem_Module__gateObj__C)
                  0000833c    00000004     event_pem4f.oem4f (.const:ti_sysbios_heaps_HeapMem_Object__count__C)
                  00008340    00000004     event_pem4f.oem4f (.const:ti_sysbios_heaps_HeapMem_primaryHeapBaseAddr__C)
                  00008344    00000004     event_pem4f.oem4f (.const:ti_sysbios_heaps_HeapMem_primaryHeapEndAddr__C)
                  00008348    00000004     event_pem4f.oem4f (.const:ti_sysbios_heaps_HeapMem_reqAlign__C)
                  0000834c    00000004     event_pem4f.oem4f (.const:ti_sysbios_knl_Clock_Module_State_clockQ__O)
                  00008350    00000004     event_pem4f.oem4f (.const:ti_sysbios_knl_Event_Instance_State_pendQ__O)
                  00008354    00000004     event_pem4f.oem4f (.const:ti_sysbios_knl_Mailbox_Instance_State_freeQue__O)
                  00008358    00000004     event_pem4f.oem4f (.const:ti_sysbios_knl_Mailbox_Object__count__C)
                  0000835c    00000004     event_pem4f.oem4f (.const:ti_sysbios_knl_Mailbox_maxTypeAlign__C)
                  00008360    00000004     event_pem4f.oem4f (.const:ti_sysbios_knl_Semaphore_Instance_State_pendQ__O)
                  00008364    00000004     event_pem4f.oem4f (.const:ti_sysbios_knl_Semaphore_eventPost__C)
                  00008368    00000004     event_pem4f.oem4f (.const:ti_sysbios_knl_Semaphore_eventSync__C)
                  0000836c    00000004     event_pem4f.oem4f (.const:ti_sysbios_knl_Swi_Object__count__C)
                  00008370    00000004     event_pem4f.oem4f (.const:ti_sysbios_knl_Task_E_spOutOfBounds__C)
                  00008374    00000004     event_pem4f.oem4f (.const:ti_sysbios_knl_Task_E_stackOverflow__C)
                  00008378    00000004     event_pem4f.oem4f (.const:ti_sysbios_knl_Task_Module_State_inactiveQ__O)
                  0000837c    00000004     event_pem4f.oem4f (.const:ti_sysbios_knl_Task_Object__count__C)
                  00008380    00000004     event_pem4f.oem4f (.const:ti_sysbios_knl_Task_allBlockedFunc__C)
                  00008384    00000004     event_pem4f.oem4f (.const:ti_sysbios_knl_Task_defaultStackHeap__C)
                  00008388    00000004     event_pem4f.oem4f (.const:ti_sysbios_knl_Task_defaultStackSize__C)
                  0000838c    00000004     event_pem4f.oem4f (.const:ti_sysbios_knl_Task_numConstructedTasks__C)
                  00008390    00000004     event_pem4f.oem4f (.const:xdc_runtime_Assert_E_assertFailed__C)
                  00008394    00000004     event_pem4f.oem4f (.const:xdc_runtime_Core_A_initializedParams__C)
                  00008398    00000004     event_pem4f.oem4f (.const:xdc_runtime_Core_Module__diagsEnabled__C)
                  0000839c    00000004     event_pem4f.oem4f (.const:xdc_runtime_Core_Module__diagsIncluded__C)
                  000083a0    00000004     event_pem4f.oem4f (.const:xdc_runtime_Core_Module__diagsMask__C)
                  000083a4    00000004     event_pem4f.oem4f (.const:xdc_runtime_Error_E_memory__C)
                  000083a8    00000004     event_pem4f.oem4f (.const:xdc_runtime_Error_policyFxn__C)
                  000083ac    00000004     event_pem4f.oem4f (.const:xdc_runtime_Error_raiseHook__C)
                  000083b0    00000004     event_pem4f.oem4f (.const:xdc_runtime_IGateProvider_Interface__BASE__C)
                  000083b4    00000004     event_pem4f.oem4f (.const:xdc_runtime_IHeap_Interface__BASE__C)
                  000083b8    00000004     event_pem4f.oem4f (.const:xdc_runtime_IModule_Interface__BASE__C)
                  000083bc    00000004     event_pem4f.oem4f (.const:xdc_runtime_Memory_defaultHeapInstance__C)
                  000083c0    00000004     event_pem4f.oem4f (.const:xdc_runtime_Startup_execImpl__C)
                  000083c4    00000004     event_pem4f.oem4f (.const:xdc_runtime_Startup_maxPasses__C)
                  000083c8    00000004     event_pem4f.oem4f (.const:xdc_runtime_Startup_sfxnRts__C)
                  000083cc    00000004     event_pem4f.oem4f (.const:xdc_runtime_Startup_sfxnTab__C)
                  000083d0    00000004     event_pem4f.oem4f (.const:xdc_runtime_SysMin_bufSize__C)
                  000083d4    00000004     event_pem4f.oem4f (.const:xdc_runtime_SysMin_outputFunc__C)
                  000083d8    00000004     event_pem4f.oem4f (.const:xdc_runtime_System_Module__gateObj__C)
                  000083dc    00000004     event_pem4f.oem4f (.const:xdc_runtime_System_abortFxn__C)
                  000083e0    00000004     event_pem4f.oem4f (.const:xdc_runtime_System_exitFxn__C)
                  000083e4    00000004     event_pem4f.oem4f (.const:xdc_runtime_System_extendFxn__C)
                  000083e8    00000004     event_pem4f.oem4f (.const:xdc_runtime_System_maxAtexitHandlers__C)
                  000083ec    00000004     event_pem4f.oem4f (.const:xdc_runtime_Text_charTab__C)
                  000083f0    00000004     event_pem4f.oem4f (.const:xdc_runtime_Text_nodeTab__C)
                  000083f4    00000004     event_pem4f.oem4f (.const:xdc_runtime_Text_visitRopeFxn__C)
                  000083f8    00000002     event_pem4f.oem4f (.const:ti_sysbios_family_arm_msp432_init_Boot_bypassHFXT__C)
                  000083fa    00000002     event_pem4f.oem4f (.const:ti_sysbios_family_arm_msp432_init_Boot_bypassLFXT__C)
                  000083fc    00000002     event_pem4f.oem4f (.const:ti_sysbios_family_arm_msp432_init_Boot_enableHFXT__C)
                  000083fe    00000002     event_pem4f.oem4f (.const:ti_sysbios_family_arm_msp432_init_Boot_enableLFXT__C)
                  00008400    00000002     event_pem4f.oem4f (.const:ti_sysbios_hal_Hwi_Module__id__C)
                  00008402    00000002     event_pem4f.oem4f (.const:ti_sysbios_heaps_HeapMem_Module__id__C)
                  00008404    00000002     event_pem4f.oem4f (.const:ti_sysbios_knl_Task_Module__id__C)
                  00008406    00000002     event_pem4f.oem4f (.const:xdc_runtime_Core_Module__id__C)
                  00008408    00000002     event_pem4f.oem4f (.const:xdc_runtime_Error_Module__loggerDefined__C)
                  0000840a    00000002     event_pem4f.oem4f (.const:xdc_runtime_Error_maxDepth__C)
                  0000840c    00000002     event_pem4f.oem4f (.const:xdc_runtime_Memory_Module__id__C)
                  0000840e    00000002     event_pem4f.oem4f (.const:xdc_runtime_SysMin_flushAtExit__C)
                  00008410    00000002     event_pem4f.oem4f (.const:xdc_runtime_Text_isLoaded__C)
                  00008412    00000002     event_pem4f.oem4f (.const:xdc_runtime_Text_registryModsLastId__C)
                  00008414    00000002     event_pem4f.oem4f (.const:xdc_runtime_Text_unnamedModsLastId__C)

.cinit     0    00008418    00000230     
                  00008418    00000209     (.cinit..data.load) [load image, compression = lzss]
                  00008621    00000003     --HOLE-- [fill = 0]
                  00008624    0000000c     (__TI_handler_table)
                  00008630    00000008     (.cinit..bss.load) [load image, compression = zero_init]
                  00008638    00000010     (__TI_cinit_table)

.init_array 
*          0    00000000    00000000     UNINITIALIZED

.bss       0    20008140    00000bb0     UNINITIALIZED
                  20008140    00000200     event_pem4f.oem4f (.bss:taskStackSection)
                  20008340    00000200     (.common:inputTaskStack)
                  20008540    00000200     (.common:lcdTaskStack)
                  20008740    00000200     (.common:xdc_runtime_SysMin_Module_State_0_outbuf__A)
                  20008940    00000140     (.common:ti_sysbios_family_arm_m3_Hwi_dispatchTable)
                  20008a80    00000120     rtsv7M4_T_le_v4SPD16_eabi.lib : trgmsg.c.obj (.bss:_CIOBUF_)
                  20008ba0    00000050     (.common:inputTaskStruct)
                  20008bf0    00000050     (.common:lcdTaskStruct)
                  20008c40    00000034     (.common:toFarenheitSwiStruct)
                  20008c74    00000024     (.common:adcClkStruct)
                  20008c98    00000014     (.common:newPotValEventStruct)
                  20008cac    00000014     (.common:updateSetpointEventStruct)
                  20008cc0    0000000c     (.common:adcInterruptHwiStruct)
                  20008ccc    00000008     msp432p4xx_driverlib.lib : cs.o (.bss)
                  20008cd4    00000008     (.common:parmbuf)
                  20008cdc    00000004     (.common:adcClkHandle)
                  20008ce0    00000004     (.common:adcInterruptHwiHandle)
                  20008ce4    00000004     (.common:newPotValEventHandle)
                  20008ce8    00000004     (.common:toFarenheitSwiHandle)
                  20008cec    00000004     (.common:updateSetpointEventHandle)

.data      0    20008cf0    00000589     UNINITIALIZED
                  20008cf0    00000140     drivers_msp432p401x.aem4f : PowerMSP432.oem4f (.data:PowerMSP432_perfLevels)
                  20008e30    00000080     event_pem4f.oem4f (.data:ti_sysbios_knl_Swi_Module_State_0_readyQ__A)
                  20008eb0    00000080     event_pem4f.oem4f (.data:ti_sysbios_knl_Task_Module_State_0_readyQ__A)
                  20008f30    0000004c     event_pem4f.oem4f (.data:ti_sysbios_knl_Task_Object__table__V)
                  20008f7c    00000044     event_pem4f.oem4f (.data:ti_sysbios_family_arm_msp432_Timer_Object__table__V)
                  20008fc0    00000044     event_pem4f.oem4f (.data:ti_sysbios_knl_Task_Module__state__V)
                  20009004    00000038     event_pem4f.oem4f (.data:ti_sysbios_gates_GateMutex_Object__table__V)
                  2000903c    00000034     event_pem4f.oem4f (.data:ti_sysbios_family_arm_m3_Hwi_Module__state__V)
                  20009070    00000030     event_pem4f.oem4f (.data:ti_sysbios_knl_Swi_Object__table__V)
                  200090a0    0000002c     drivers_msp432p401x.aem4f : PowerMSP432.oem4f (.data:PowerMSP432_module)
                  200090cc    0000002c     event_pem4f.oem4f (.data:ti_sysbios_knl_Clock_Module__state__V)
                  200090f8    00000024     event_pem4f.oem4f (.data:ti_sysbios_BIOS_Module__state__V)
                  2000911c    00000020     event_pem4f.oem4f (.data:ti_sysbios_family_arm_msp432_Timer_Module_State_0_device__A)
                  2000913c    00000020     event_pem4f.oem4f (.data:xdc_runtime_Error_IgnoreBlock)
                  2000915c    0000001c     event_pem4f.oem4f (.data:ti_sysbios_knl_Swi_Module__state__V)
                  20009178    00000018     event_pem4f.oem4f (.data:ti_sysbios_family_arm_m3_Hwi_Object__table__V)
                  20009190    00000018     event_pem4f.oem4f (.data:ti_sysbios_heaps_HeapMem_Object__table__V)
                  200091a8    00000010     event_pem4f.oem4f (.data:ti_sysbios_family_arm_msp432_Timer_Module_State_0_handles__A)
                  200091b8    0000000c     event_pem4f.oem4f (.data:ti_sysbios_family_arm_msp432_ClockFreqs_Module__state__V)
                  200091c4    0000000c     event_pem4f.oem4f (.data:ti_sysbios_family_arm_msp432_Timer_Module__state__V)
                  200091d0    0000000c     event_pem4f.oem4f (.data:xdc_runtime_SysMin_Module__state__V)
                  200091dc    00000008     rtsv7M4_T_le_v4SPD16_eabi.lib : _lock.c.obj (.data:$O1$$)
                  200091e4    00000008     event_pem4f.oem4f (.data:ti_sysbios_family_arm_m3_Hwi_Module__root__V)
                  200091ec    00000008     event_pem4f.oem4f (.data:ti_sysbios_gates_GateHwi_Module__root__V)
                  200091f4    00000008     event_pem4f.oem4f (.data:ti_sysbios_gates_GateMutex_Module__root__V)
                  200091fc    00000008     event_pem4f.oem4f (.data:ti_sysbios_hal_Hwi_Module__root__V)
                  20009204    00000008     event_pem4f.oem4f (.data:ti_sysbios_heaps_HeapMem_Module__root__V)
                  2000920c    00000008     event_pem4f.oem4f (.data:ti_sysbios_knl_Clock_Module__root__V)
                  20009214    00000008     event_pem4f.oem4f (.data:ti_sysbios_knl_Event_Module__root__V)
                  2000921c    00000008     event_pem4f.oem4f (.data:ti_sysbios_knl_Queue_Module__root__V)
                  20009224    00000008     event_pem4f.oem4f (.data:ti_sysbios_knl_Semaphore_Module__root__V)
                  2000922c    00000008     event_pem4f.oem4f (.data:ti_sysbios_knl_Swi_Module__root__V)
                  20009234    00000008     event_pem4f.oem4f (.data:ti_sysbios_knl_Task_Module__root__V)
                  2000923c    00000008     event_pem4f.oem4f (.data:xdc_runtime_Registry_Module__state__V)
                  20009244    00000008     event_pem4f.oem4f (.data:xdc_runtime_Startup_Module__state__V)
                  2000924c    00000008     event_pem4f.oem4f (.data:xdc_runtime_System_Module_State_0_atexitHandlers__A)
                  20009254    00000008     event_pem4f.oem4f (.data:xdc_runtime_System_Module__state__V)
                  2000925c    00000004     rtsv7M4_T_le_v4SPD16_eabi.lib : stkdepth_vars.c.obj (.data)
                  20009260    00000004     event_pem4f.oem4f (.data:ti_sysbios_family_arm_m3_Hwi_Module_State_0_excContext__A)
                  20009264    00000004     event_pem4f.oem4f (.data:ti_sysbios_family_arm_m3_Hwi_Module_State_0_excStack__A)
                  20009268    00000004     event_pem4f.oem4f (.data:ti_sysbios_gates_GateHwi_Object__table__V)
                  2000926c    00000004     event_pem4f.oem4f (.data:ti_sysbios_knl_Task_Module_State_0_idleTask__A)
                  20009270    00000004     event_pem4f.oem4f (.data:xdc_runtime_Memory_Module__state__V)
                  20009274    00000002     event_pem4f.oem4f (.data:ti_sysbios_family_arm_m3_Hwi_Module_State_0_excActive__A)
                  20009276    00000002     event_pem4f.oem4f (.data:xdc_runtime_Error_Module__state__V)
                  20009278    00000001     main.obj (.data)

.priheap   0    20000140    00008000     UNINITIALIZED
                  20000140    00008000     --HOLE--

.stack     0    2000fc00    00000400     UNINITIALIZED
                  2000fc00    00000400     --HOLE--

.bootVecs 
*          0    00000000    00000008     DSECT
                  00000000    00000008     boot.aem4f : boot.oem4f (.bootVecs)

.resetVecs 
*          0    00000000    0000003c     
                  00000000    0000003c     event_pem4f.oem4f (.resetVecs)

.vecs      0    20000000    00000140     NOLOAD SECTION
                  20000000    00000140     event_pem4f.oem4f (.vecs)

xdc.meta   0    00000000    000000d2     COPY SECTION
                  00000000    000000d2     event_pem4f.oem4f (xdc.meta)

__llvm_prf_cnts 
*          0    20000000    00000000     UNINITIALIZED

.binit     0    00000000    00000000     

MODULE SUMMARY

       Module                       code    ro data   rw data
       ------                       ----    -------   -------
    .\
       main.obj                     1872    475       2690   
    +--+----------------------------+-------+---------+---------+
       Total:                       1872    475       2690   
                                                             
    .\syscfg\
       ti_drivers_config.obj        14      56        0      
    +--+----------------------------+-------+---------+---------+
       Total:                       14      56        0      
                                                             
    C:\advembed_labs\bartmanLab6\Debug\configPkg\package\cfg\
       event_pem4f.oem4f            2154    7971      5408   
    +--+----------------------------+-------+---------+---------+
       Total:                       2154    7971      5408   
                                                             
    C:/ti/simplelink_msp432p4_sdk_3_40_01_02/kernel/tirtos/packages/ti/dpl/lib/dpl_msp432p401x.aem4f
       PowerMSP432_tirtos.oem4f     122     0         0      
       HwiP_tirtos.oem4f            80      0         0      
    +--+----------------------------+-------+---------+---------+
       Total:                       202     0         0      
                                                             
    C:/ti/simplelink_msp432p4_sdk_3_40_01_02/source/ti/devices/msp432p4xx/driverlib/ccs/msp432p4xx_driverlib.lib
       pcm.o                        1770    0         0      
       cs.o                         704     0         16     
       sysctl_a.o                   64      0         0      
       rtc_c.o                      44      0         0      
       wdt_a.o                      36      0         0      
       cpu.o                        28      0         0      
       sysctl.o                     16      0         0      
    +--+----------------------------+-------+---------+---------+
       Total:                       2662    0         16     
                                                             
    C:/ti/simplelink_msp432p4_sdk_3_40_01_02/source/ti/drivers/lib/drivers_msp432p401x.aem4f
       PowerMSP432.oem4f            1864    0         728    
    +--+----------------------------+-------+---------+---------+
       Total:                       1864    0         728    
                                                             
    C:\advembed_labs\bartmanLab6\src\sysbios\sysbios.aem4f
       BIOS.obj                     9988    0         0      
       m3_Hwi_asm.obj               318     0         0      
       m3_TaskSupport_asm.obj       180     0         0      
       m3_Hwi_asm_switch.obj        118     0         0      
    +--+----------------------------+-------+---------+---------+
       Total:                       10604   0         0      
                                                             
    C:\ti\ccs1011\ccs\tools\compiler\ti-cgt-arm_20.2.1.LTS\lib\rtsv7M4_T_le_v4SPD16_eabi.lib
       trgmsg.c.obj                 108     0         576    
       fd_add_t2.asm.obj            438     0         0      
       fd_mul_t2.asm.obj            252     0         0      
       memcpy_t2.asm.obj            156     0         0      
       memset_t2.asm.obj            122     0         0      
       copy_decompress_lzss.c.obj   104     0         0      
       hostwrite.c.obj              88      0         0      
       cpy_tbl.c.obj                76      0         0      
       fd_toi_t2.asm.obj            72      0         0      
       u_divt2.asm.obj              64      0         0      
       _lock.c.obj                  26      0         16     
       u_tofd_t2.asm.obj            32      0         0      
       args_main.c.obj              24      0         0      
       strlen.c.obj                 20      0         0      
       hostopen.c.obj               0       0         16     
       copy_decompress_none.c.obj   14      0         0      
       copy_zero_init.c.obj         12      0         0      
       stkdepth_vars.c.obj          0       0         8      
       exit.c.obj                   4       0         0      
       div0.asm.obj                 2       0         0      
    +--+----------------------------+-------+---------+---------+
       Total:                       1614    0         616    
                                                             
    C:\ti\simplelink_msp432p4_sdk_3_40_01_02\kernel\tirtos\packages\ti\targets\arm\rtsarm\lib\auto_init.aem4f
       auto_init.oem4f              160     0         0      
    +--+----------------------------+-------+---------+---------+
       Total:                       160     0         0      
                                                             
    C:\ti\simplelink_msp432p4_sdk_3_40_01_02\kernel\tirtos\packages\ti\targets\arm\rtsarm\lib\boot.aem4f
       boot.oem4f                   88      0         0      
    +--+----------------------------+-------+---------+---------+
       Total:                       88      0         0      
                                                             
    C:\ti\simplelink_msp432p4_sdk_3_40_01_02\kernel\tirtos\packages\ti\targets\arm\rtsarm\lib\ti.targets.arm.rtsarm.aem4f
       System.oem4f                 1249    0         0      
       Text.oem4f                   596     0         0      
       Error.oem4f                  500     0         0      
       Startup.oem4f                344     0         0      
       Core-mem.oem4f               334     0         0      
       SysMin.oem4f                 248     0         0      
       Core-smem.oem4f              204     0         0      
       Memory.oem4f                 180     0         0      
       Assert.oem4f                 76      0         0      
       Core-params.oem4f            72      0         0      
       Gate.oem4f                   28      0         0      
       Registry.oem4f               28      0         0      
    +--+----------------------------+-------+---------+---------+
       Total:                       3859    0         0      
                                                             
       Stack:                       0       0         2048   
       Linker Generated:            0       557       0      
    +--+----------------------------+-------+---------+---------+
       Grand Total:                 25093   9059      11506  


LINKER GENERATED COPY TABLES

__TI_cinit_table @ 00008638 records: 2, size/record: 8, table size: 16
	.data: load addr=00008418, load size=00000209 bytes, run addr=20008cf0, run size=00000589 bytes, compression=lzss
	.bss: load addr=00008630, load size=00000008 bytes, run addr=20008140, run size=00000bb0 bytes, compression=zero_init


LINKER GENERATED HANDLER TABLE

__TI_handler_table @ 00008624 records: 3, size/record: 4, table size: 12
	index: 0, handler: __TI_decompress_lzss
	index: 1, handler: __TI_decompress_none
	index: 2, handler: __TI_zero_init


GLOBAL SYMBOLS: SORTED ALPHABETICALLY BY Name 

address   name                                                            
-------   ----                                                            
0000612f  Board_init                                                      
00000d33  Board_initHook                                                  
00001455  C$$EXIT                                                         
00004e6f  C$$IO$$                                                         
0000613b  CPU_cpsid                                                       
00006147  CPU_cpsie                                                       
000012ed  CPU_wfi                                                         
000059d1  CS_setExternalClockSourceFrequency                              
000023f1  CS_startHFXTWithTimeout                                         
000024d5  CS_startLFXTWithTimeout                                         
00008000  HEAPSIZE                                                        
00004059  HOSTwrite                                                       
00005f9d  HwiP_Params_init                                                
00004a99  HwiP_create                                                     
00003a29  LCD_Config                                                      
00004dcd  LCD_clear                                                       
00003a95  LCD_contrast                                                    
00005679  LCD_goto_xy                                                     
00006153  LCD_home                                                        
000042b5  LCD_print_char                                                  
00005b31  LCD_print_str                                                   
00002fb5  LCD_print_udec3                                                 
00003d69  PCM_getCoreVoltageLevel                                         
00003ffd  PCM_getPowerMode                                                
00005ec1  PCM_getPowerState                                               
000056a5  PCM_gotoLPM0                                                    
00003285  PCM_gotoLPM3                                                    
00005fad  PCM_gotoLPM4                                                    
00005fbd  PCM_setPowerMode                                                
00005fcd  PCM_setPowerState                                               
000041b9  PCM_shutdownDevice                                              
00007f0c  PowerMSP432_config                                              
00002033  PowerMSP432_initPolicy                                          
200090a0  PowerMSP432_module                                              
20008cf0  PowerMSP432_perfLevels                                          
00004449  PowerMSP432_sleepPolicy                                         
00005469  PowerMSP432_updateFreqs                                         
00006161  Power_getConstraintMask                                         
00005ed5  Power_idleFunc                                                  
00002e7d  Power_init                                                      
000007b1  Power_sleep                                                     
00005495  RTC_C_holdClock                                                 
UNDEFED   SHT$$INIT_ARRAY$$Base                                           
UNDEFED   SHT$$INIT_ARRAY$$Limit                                          
00005d2d  SysCtl_A_disableNMISource                                       
00005d45  SysCtl_A_enableNMISource                                        
00005fdd  SysCtl_A_getNMISourceStatus                                     
00005fed  SysCtl_getNMISourceStatus                                       
4000480c  WDTCTL_SYM                                                      
00005835  WDT_A_holdTimer                                                 
00000000  __ASM__                                                         
20008a80  __CIOBUF_                                                       
00000053  __ISA__                                                         
00000066  __PLAT__                                                        
20010000  __STACK_END                                                     
00000400  __STACK_SIZE                                                    
00000089  __TARG__                                                        
00008638  __TI_CINIT_Base                                                 
00008648  __TI_CINIT_Limit                                                
00008624  __TI_Handler_Table_Base                                         
00008630  __TI_Handler_Table_Limit                                        
00002ddd  __TI_auto_init                                                  
00003b6d  __TI_decompress_lzss                                            
000060f1  __TI_decompress_none                                            
ffffffff  __TI_pprof_out_hndl                                             
ffffffff  __TI_prof_data_size                                             
ffffffff  __TI_prof_data_start                                            
00004f59  __TI_readmsg                                                    
00008418  __TI_static_base__                                              
00004e41  __TI_writemsg                                                   
00006185  __TI_zero_init                                                  
000000af  __TRDR__                                                        
00004745  __aeabi_d2iz                                                    
00000fc7  __aeabi_dadd                                                    
00001f37  __aeabi_dmul                                                    
00000fbd  __aeabi_dsub                                                    
00003617  __aeabi_idiv0                                                   
00003617  __aeabi_ldiv0                                                   
0000359d  __aeabi_memclr                                                  
0000359d  __aeabi_memclr4                                                 
0000359d  __aeabi_memclr8                                                 
00002f19  __aeabi_memcpy                                                  
00002f19  __aeabi_memcpy4                                                 
00002f19  __aeabi_memcpy8                                                 
0000359f  __aeabi_memset                                                  
0000359f  __aeabi_memset4                                                 
0000359f  __aeabi_memset8                                                 
00005a11  __aeabi_ui2d                                                    
00004b19  __aeabi_uidiv                                                   
00004b19  __aeabi_uidivmod                                                
ffffffff  __binit__                                                       
ffffffff  __c_args__                                                      
20008140  __primary_heap_end__                                            
20000140  __primary_heap_start__                                          
2000fc00  __stack                                                         
20000000  __start___llvm_prf_cnts                                         
20000000  __stop___llvm_prf_cnts                                          
00005d5d  _args_main                                                      
000040b1  _c_int00                                                        
200091dc  _lock                                                           
00002ddb  _nop                                                            
0000616d  _register_lock                                                  
00006179  _register_unlock                                                
200091e0  _unlock                                                         
[...]
0000613b  CPU_cpsid                                                       
00006147  CPU_cpsie                                                       
00006153  LCD_home                                                        
00006161  Power_getConstraintMask                                         
0000616d  _register_lock                                                  
00006179  _register_unlock                                                
00006185  __TI_zero_init                                                  
00006191  ti_sysbios_family_arm_m3_Hwi_Params__init__S                    
00006191  ti_sysbios_hal_Hwi_HwiProxy_Params__init__S                     
000061a1  ti_sysbios_family_arm_m3_Hwi_enableFxn__E                       
000061a1  ti_sysbios_hal_Hwi_HwiProxy_enable__E                           
000061b1  ti_sysbios_family_arm_m3_TaskSupport_checkStack__E              
000061b1  ti_sysbios_knl_Task_SupportProxy_checkStack__E                  
000061c1  ti_sysbios_family_arm_m3_TaskSupport_getStackAlignment__E       
000061c1  ti_sysbios_knl_Task_SupportProxy_getStackAlignment__E           
000061d1  ti_sysbios_family_arm_msp432_Timer_getMaxTicks__E               
000061e1  ti_sysbios_gates_GateHwi_enter__E                               
000061ed  ti_sysbios_hal_Hwi_Params__init__S                              
00006205  ti_sysbios_knl_Clock_Params__init__S                            
00006229  ti_sysbios_knl_Queue_Object__get__S                             
00006235  ti_sysbios_knl_Swi_Params__init__S                              
0000624d  ti_sysbios_knl_Task_Params__init__S                             
00006259  xdc_runtime_Gate_enterSystem__E                                 
00006265  xdc_runtime_Memory_calloc__E                                    
00006271  xdc_runtime_Memory_getMaxDefaultTypeAlign__E                    
0000627d  xdc_runtime_Startup_rtsDone__E                                  
00006289  ti_sysbios_hal_Hwi_Instance_finalize__E                         
00006293  xdc_runtime_Memory_HeapProxy_alloc__E                           
0000629d  xdc_runtime_Memory_HeapProxy_free__E                            
000062a9  ti_sysbios_family_arm_m3_Hwi_doSwiRestore__I                    
000062b1  ti_sysbios_family_arm_m3_Hwi_startup__E                         
000062b1  ti_sysbios_hal_Hwi_HwiProxy_startup__E                          
000062b1  ti_sysbios_hal_Hwi_startup__E                                   
000062b9  ti_sysbios_family_arm_m3_Hwi_doTaskRestore__I                   
000062c1  ti_sysbios_gates_GateHwi_leave__E                               
000062c9  ti_sysbios_heaps_HeapMem_isBlocking__E                          
000062d1  ti_sysbios_knl_Queue_Instance_init__E                           
000062d9  ti_sysbios_knl_Swi_startup__E                                   
000062e1  ti_sysbios_gates_GateHwi_query__E                               
000062e1  xdc_runtime_Main_Module_GateProxy_query__E                      
000062e1  xdc_runtime_System_Module_GateProxy_query__E                    
000062e9  ti_sysbios_BIOS_RtsGateProxy_query__E                           
000062e9  ti_sysbios_gates_GateMutex_query__E                             
000062e9  ti_sysbios_heaps_HeapMem_Module_GateProxy_query__E              
000062f1  ti_sysbios_knl_Clock_setPeriod__E                               
000062f9  ti_sysbios_knl_Task_startup__E                                  
00006301  ti_sysbios_BIOS_linkedWithIncorrectBootLibrary__E               
00006309  ti_sysbios_gates_GateHwi_Instance_init__E                       
00006311  ti_sysbios_knl_Clock_logTick__E                                 
00006319  ti_sysbios_knl_Swi_Instance_finalize__E                         
0000631c  xdc_runtime_Text_charTab__A                                     
00007e13  xdc_runtime_Error_policy__C                                     
00007e14  xdc_runtime_Text_nodeTab__A                                     
00007ed0  ti_sysbios_knl_Task_Object__PARAMS__C                           
00007f0c  PowerMSP432_config                                              
00007f44  ti_sysbios_family_arm_m3_Hwi_Object__PARAMS__C                  
00007f74  ti_sysbios_hal_Hwi_Object__PARAMS__C                            
00007fa0  ti_sysbios_heaps_HeapMem_Module__FXNS__C                        
00007fc8  ti_sysbios_knl_Swi_Object__PARAMS__C                            
00007ff0  ti_sysbios_gates_GateHwi_Module__FXNS__C                        
00008000  HEAPSIZE                                                        
00008014  ti_sysbios_gates_GateMutex_Module__FXNS__C                      
00008038  ti_sysbios_heaps_HeapMem_Object__PARAMS__C                      
0000805c  ti_sysbios_knl_Clock_Object__PARAMS__C                          
00008080  ti_sysbios_knl_Semaphore_Object__PARAMS__C                      
000080a4  xdc_runtime_Startup_sfxnTab__A                                  
000080c8  ti_sysbios_family_arm_m3_Hwi_Object__DESC__C                    
000080e8  ti_sysbios_gates_GateHwi_Object__DESC__C                        
00008108  ti_sysbios_gates_GateMutex_Object__DESC__C                      
00008128  ti_sysbios_hal_Hwi_Object__DESC__C                              
00008148  ti_sysbios_heaps_HeapMem_Object__DESC__C                        
00008168  ti_sysbios_knl_Clock_Object__DESC__C                            
00008188  ti_sysbios_knl_Event_Object__DESC__C                            
000081a8  ti_sysbios_knl_Queue_Object__DESC__C                            
000081c8  ti_sysbios_knl_Semaphore_Object__DESC__C                        
000081e8  ti_sysbios_knl_Swi_Object__DESC__C                              
00008208  ti_sysbios_knl_Task_Object__DESC__C                             
00008228  ti_sysbios_gates_GateHwi_Object__PARAMS__C                      
00008240  ti_sysbios_gates_GateMutex_Object__PARAMS__C                    
00008258  ti_sysbios_knl_Event_Object__PARAMS__C                          
00008270  ti_sysbios_knl_Queue_Object__PARAMS__C                          
00008288  xdc_runtime_Startup_sfxnRts__A                                  
0000829a  ti_sysbios_family_arm_m3_Hwi_Module__id__C                      
0000829c  xdc_runtime_Startup_firstFxns__A                                
000082a8  ti_sysbios_family_arm_m3_Hwi_excHookFuncs__A                    
000082b0  ti_sysbios_knl_Idle_funcList__A                                 
000082b8  ti_sysbios_knl_Idle_funcList__C                                 
000082c0  xdc_runtime_Startup_firstFxns__C                                
000082c8  xdc_runtime_Startup_lastFxns__C                                 
000082d0  ti_sysbios_family_arm_m3_Hwi_E_NMI__C                           
000082d4  ti_sysbios_family_arm_m3_Hwi_E_alreadyDefined__C                
000082d8  ti_sysbios_family_arm_m3_Hwi_E_badIntNum__C                     
000082dc  ti_sysbios_family_arm_m3_Hwi_E_busFault__C                      
000082e0  ti_sysbios_family_arm_m3_Hwi_E_debugMon__C                      
000082e4  ti_sysbios_family_arm_m3_Hwi_E_hardFault__C                     
000082e8  ti_sysbios_family_arm_m3_Hwi_E_memFault__C                      
000082ec  ti_sysbios_family_arm_m3_Hwi_E_noIsr__C                         
000082f0  ti_sysbios_family_arm_m3_Hwi_E_reserved__C                      
000082f4  ti_sysbios_family_arm_m3_Hwi_E_svCall__C                        
000082f8  ti_sysbios_family_arm_m3_Hwi_E_usageFault__C                    
000082fc  ti_sysbios_family_arm_m3_Hwi_NUM_INTERRUPTS__C                  
00008300  ti_sysbios_family_arm_m3_Hwi_Object__count__C                   
00008304  ti_sysbios_family_arm_m3_Hwi_ccr__C                             
00008308  ti_sysbios_family_arm_m3_Hwi_excHandlerFunc__C                  
0000830c  ti_sysbios_family_arm_m3_Hwi_excHookFuncs__C                    
00008310  ti_sysbios_family_arm_m3_Hwi_nullIsrFunc__C                     
00008314  ti_sysbios_family_arm_m3_Hwi_priGroup__C                        
00008318  ti_sysbios_family_arm_m3_Hwi_swiDisable__C                      
0000831c  ti_sysbios_family_arm_m3_Hwi_swiRestore__C                      
00008320  ti_sysbios_family_arm_m3_TaskSupport_stackAlignment__C          
00008324  ti_sysbios_family_arm_msp432_Timer_numTimerDevices__C           
00008328  ti_sysbios_family_arm_msp432_Timer_startupNeeded__C             
0000832c  ti_sysbios_gates_GateMutex_Instance_State_sem__O                
00008330  ti_sysbios_hal_Hwi_E_stackOverflow__C                           
00008334  ti_sysbios_heaps_HeapMem_E_memory__C                            
00008338  ti_sysbios_heaps_HeapMem_Module__gateObj__C                     
0000833c  ti_sysbios_heaps_HeapMem_Object__count__C                       
00008340  ti_sysbios_heaps_HeapMem_primaryHeapBaseAddr__C                 
00008344  ti_sysbios_heaps_HeapMem_primaryHeapEndAddr__C                  
00008348  ti_sysbios_heaps_HeapMem_reqAlign__C                            
0000834c  ti_sysbios_knl_Clock_Module_State_clockQ__O                     
00008350  ti_sysbios_knl_Event_Instance_State_pendQ__O                    
00008354  ti_sysbios_knl_Mailbox_Instance_State_freeQue__O                
00008358  ti_sysbios_knl_Mailbox_Object__count__C                         
0000835c  ti_sysbios_knl_Mailbox_maxTypeAlign__C                          
00008360  ti_sysbios_knl_Semaphore_Instance_State_pendQ__O                
00008364  ti_sysbios_knl_Semaphore_eventPost__C                           
00008368  ti_sysbios_knl_Semaphore_eventSync__C                           
0000836c  ti_sysbios_knl_Swi_Object__count__C                             
00008370  ti_sysbios_knl_Task_E_spOutOfBounds__C                          
00008374  ti_sysbios_knl_Task_E_stackOverflow__C                          
00008378  ti_sysbios_knl_Task_Module_State_inactiveQ__O                   
0000837c  ti_sysbios_knl_Task_Object__count__C                            
00008380  ti_sysbios_knl_Task_allBlockedFunc__C                           
00008384  ti_sysbios_knl_Task_defaultStackHeap__C                         
00008388  ti_sysbios_knl_Task_defaultStackSize__C                         
0000838c  ti_sysbios_knl_Task_numConstructedTasks__C                      
00008390  xdc_runtime_Assert_E_assertFailed__C                            
00008394  xdc_runtime_Core_A_initializedParams__C                         
00008398  xdc_runtime_Core_Module__diagsEnabled__C                        
0000839c  xdc_runtime_Core_Module__diagsIncluded__C                       
000083a0  xdc_runtime_Core_Module__diagsMask__C                           
000083a4  xdc_runtime_Error_E_memory__C                                   
000083a8  xdc_runtime_Error_policyFxn__C                                  
000083ac  xdc_runtime_Error_raiseHook__C                                  
000083b0  xdc_runtime_IGateProvider_Interface__BASE__C                    
000083b4  xdc_runtime_IHeap_Interface__BASE__C                            
000083b8  xdc_runtime_IModule_Interface__BASE__C                          
000083bc  xdc_runtime_Memory_defaultHeapInstance__C                       
000083c0  xdc_runtime_Startup_execImpl__C                                 
000083c4  xdc_runtime_Startup_maxPasses__C                                
000083c8  xdc_runtime_Startup_sfxnRts__C                                  
000083cc  xdc_runtime_Startup_sfxnTab__C                                  
000083d0  xdc_runtime_SysMin_bufSize__C                                   
000083d4  xdc_runtime_SysMin_outputFunc__C                                
000083d8  xdc_runtime_System_Module__gateObj__C                           
000083dc  xdc_runtime_System_abortFxn__C                                  
000083e0  xdc_runtime_System_exitFxn__C                                   
000083e4  xdc_runtime_System_extendFxn__C                                 
000083e8  xdc_runtime_System_maxAtexitHandlers__C                         
000083ec  xdc_runtime_Text_charTab__C                                     
000083f0  xdc_runtime_Text_nodeTab__C                                     
000083f4  xdc_runtime_Text_visitRopeFxn__C                                
000083f8  ti_sysbios_family_arm_msp432_init_Boot_bypassHFXT__C            
000083fa  ti_sysbios_family_arm_msp432_init_Boot_bypassLFXT__C            
000083fc  ti_sysbios_family_arm_msp432_init_Boot_enableHFXT__C            
000083fe  ti_sysbios_family_arm_msp432_init_Boot_enableLFXT__C            
00008400  ti_sysbios_hal_Hwi_Module__id__C                                
00008402  ti_sysbios_heaps_HeapMem_Module__id__C                          
00008404  ti_sysbios_knl_Task_Module__id__C                               
00008406  xdc_runtime_Core_Module__id__C                                  
00008408  xdc_runtime_Error_Module__loggerDefined__C                      
0000840a  xdc_runtime_Error_maxDepth__C                                   
0000840c  xdc_runtime_Memory_Module__id__C                                
0000840e  xdc_runtime_SysMin_flushAtExit__C                               
00008410  xdc_runtime_Text_isLoaded__C                                    
00008412  xdc_runtime_Text_registryModsLastId__C                          
00008414  xdc_runtime_Text_unnamedModsLastId__C                           
00008418  __TI_static_base__                                              
00008624  __TI_Handler_Table_Base                                         
00008630  __TI_Handler_Table_Limit                                        
00008638  __TI_CINIT_Base                                                 
00008648  __TI_CINIT_Limit                                                
20000000  __start___llvm_prf_cnts                                         
20000000  __stop___llvm_prf_cnts                                          
20000000  ti_sysbios_family_arm_m3_Hwi_ramVectors                         
20000140  __primary_heap_start__                                          
20008140  __primary_heap_end__                                            
20008140  ti_sysbios_knl_Task_Instance_State_0_stack__A                   
20008340  inputTaskStack                                                  
20008540  lcdTaskStack                                                    
20008740  xdc_runtime_SysMin_Module_State_0_outbuf__A                     
20008940  ti_sysbios_family_arm_m3_Hwi_dispatchTable                      
20008a80  __CIOBUF_                                                       
20008ba0  inputTaskStruct                                                 
20008bf0  lcdTaskStruct                                                   
20008c40  toFarenheitSwiStruct                                            
20008c74  adcClkStruct                                                    
20008c98  newPotValEventStruct                                            
20008cac  updateSetpointEventStruct                                       
20008cc0  adcInterruptHwiStruct                                           
20008cd4  parmbuf                                                         
20008cdc  adcClkHandle                                                    
20008ce0  adcInterruptHwiHandle                                           
20008ce4  newPotValEventHandle                                            
20008ce8  toFarenheitSwiHandle                                            
20008cec  updateSetpointEventHandle                                       
20008cf0  PowerMSP432_perfLevels                                          
20008e30  ti_sysbios_knl_Swi_Module_State_0_readyQ__A                     
20008eb0  ti_sysbios_knl_Task_Module_State_0_readyQ__A                    
20008f30  ti_sysbios_knl_Task_Object__table__V                            
20008f7c  ti_sysbios_family_arm_msp432_Timer_Object__table__V             
20008fc0  ti_sysbios_knl_Task_Module__state__V                            
20009004  ti_sysbios_gates_GateMutex_Object__table__V                     
2000903c  ti_sysbios_family_arm_m3_Hwi_Module__state__V                   
20009070  ti_sysbios_knl_Swi_Object__table__V                             
200090a0  PowerMSP432_module                                              
200090cc  ti_sysbios_knl_Clock_Module__state__V                           
200090f8  ti_sysbios_BIOS_Module__state__V                                
2000911c  ti_sysbios_family_arm_msp432_Timer_Module_State_0_device__A     
2000913c  xdc_runtime_Error_IgnoreBlock                                   
2000915c  ti_sysbios_knl_Swi_Module__state__V                             
20009178  ti_sysbios_family_arm_m3_Hwi_Object__table__V                   
20009190  ti_sysbios_heaps_HeapMem_Object__table__V                       
200091a8  ti_sysbios_family_arm_msp432_Timer_Module_State_0_handles__A    
200091b8  ti_sysbios_family_arm_msp432_ClockFreqs_Module__state__V        
200091c4  ti_sysbios_family_arm_msp432_Timer_Module__state__V             
200091d0  xdc_runtime_SysMin_Module__state__V                             
200091dc  _lock                                                           
200091e0  _unlock                                                         
200091e4  ti_sysbios_family_arm_m3_Hwi_Module__root__V                    
200091ec  ti_sysbios_gates_GateHwi_Module__root__V                        
200091f4  ti_sysbios_gates_GateMutex_Module__root__V                      
200091fc  ti_sysbios_hal_Hwi_Module__root__V                              
20009204  ti_sysbios_heaps_HeapMem_Module__root__V                        
2000920c  ti_sysbios_knl_Clock_Module__root__V                            
20009214  ti_sysbios_knl_Event_Module__root__V                            
2000921c  ti_sysbios_knl_Queue_Module__root__V                            
20009224  ti_sysbios_knl_Semaphore_Module__root__V                        
2000922c  ti_sysbios_knl_Swi_Module__root__V                              
20009234  ti_sysbios_knl_Task_Module__root__V                             
2000923c  xdc_runtime_Registry_Module__state__V                           
20009244  xdc_runtime_Startup_Module__state__V                            
2000924c  xdc_runtime_System_Module_State_0_atexitHandlers__A             
20009254  xdc_runtime_System_Module__state__V                             
2000925c  main_func_sp                                                    
20009260  ti_sysbios_family_arm_m3_Hwi_Module_State_0_excContext__A       
20009264  ti_sysbios_family_arm_m3_Hwi_Module_State_0_excStack__A         
20009268  ti_sysbios_gates_GateHwi_Object__table__V                       
2000926c  ti_sysbios_knl_Task_Module_State_0_idleTask__A                  
20009270  xdc_runtime_Memory_Module__state__V                             
20009274  ti_sysbios_family_arm_m3_Hwi_Module_State_0_excActive__A        
20009276  xdc_runtime_Error_Module__state__V                              
20009278  temperature                                                     
2000fc00  __stack                                                         
20010000  __STACK_END                                                     
4000480c  WDTCTL_SYM                                                      
e000e000  ti_sysbios_family_arm_m3_Hwi_nvic                               
ffffffff  __TI_pprof_out_hndl                                             
ffffffff  __TI_prof_data_size                                             
ffffffff  __TI_prof_data_start                                            
ffffffff  __binit__                                                       
ffffffff  __c_args__                                                      
ffffffff  binit                                                           
UNDEFED   SHT$$INIT_ARRAY$$Base                                           
UNDEFED   SHT$$INIT_ARRAY$$Limit                                          

[600 symbols]
