******************************************************************************
                  TI ARM Linker PC v20.2.1                     
******************************************************************************
>> Linked Tue Feb 23 15:37:43 2021

OUTPUT FILE NAME:   <bartmanFinalLab.out>
ENTRY POINT SYMBOL: "_c_int00"  address: 00004ac1


MEMORY CONFIGURATION

         name            origin    length      used     unused   attr    fill
----------------------  --------  ---------  --------  --------  ----  --------
  MAIN                  00000000   00040000  00009426  00036bda  R  X
  INFO                  00200000   00004000  00000000  00004000  R  X
  SRAM_CODE             01000000   00010000  00009c47  000063b9  RW X
  SRAM_DATA             20000000   00010000  00009c47  000063b9  RW  


SEGMENT ALLOCATION MAP

run origin  load origin   length   init length attrs members
----------  ----------- ---------- ----------- ----- -------
00000000    00000000    00009430   00009430    r-x
  00000000    00000000    0000003c   0000003c    r-- .resetVecs
  00000040    00000040    00007042   00007042    r-x .text
  00007084    00007084    00002170   00002170    r-- .const
  000091f8    000091f8    00000238   00000238    r-- .cinit
20000140    20000140    00008000   00000000    r--
  20000140    20000140    00008000   00000000    r-- .priheap
20008140    20008140    00001707   00000000    rw-
  20008140    20008140    0000106c   00000000    rw- .bss
  200091ac    200091ac    0000069b   00000000    rw- .data
2000fc00    2000fc00    00000400   00000000    rw-
  2000fc00    2000fc00    00000400   00000000    rw- .stack


SECTION ALLOCATION MAP

 output                                  attributes/
section   page    origin      length       input sections
--------  ----  ----------  ----------   ----------------
.text      0    00000040    00007042     
                  00000040    00000430     sysbios.aem4f : BIOS.obj (.text:ti_sysbios_family_arm_m3_Hwi_excDumpRegs__I)
                  00000470    00000340     ti.targets.arm.rtsarm.aem4f : System.oem4f (.text:xdc_runtime_System_doPrint__I)
                  000007b0    000002f8     drivers_msp432p401x.aem4f : PowerMSP432.oem4f (.text:Power_sleep)
                  00000aa8    0000028a     msp432p4xx_driverlib.lib : pcm.o (.text:__PCM_setPowerStateAdvanced)
                  00000d32    00000002     ti_drivers_config.obj (.text:Board_initHook)
                  00000d34    00000288     drivers_msp432p401x.aem4f : PowerMSP432.oem4f (.text:initPerfControl)
                  00000fbc    00000208                               : PWMTimerMSP432.oem4f (.text:PWMTimerMSP432_open)
                  000011c4    000001b6     rtsv7M4_T_le_v4SPD16_eabi.lib : fd_add_t2.asm.obj (.text)
                  0000137a    00000002     drivers_msp432p401x.aem4f : PWMTimerMSP432.oem4f (.text:PWMTimerMSP432_init)
                  0000137c    00000198     main.obj (.text:main)
                  00001514    00000004     msp432p4xx_driverlib.lib : cpu.o (.text:CPU_wfi)
                  00001518    00000174     sysbios.aem4f : BIOS.obj (.text:ti_sysbios_family_arm_m3_Hwi_excBusFault__I)
                  0000168c    00000004     dpl_msp432p401x.aem4f : HwiP_tirtos.oem4f (.text:HwiP_disable)
                  00001690    00000164     sysbios.aem4f : BIOS.obj (.text:ti_sysbios_family_arm_m3_Hwi_excUsageFault__I)
                  000017f4    00000004     rtsv7M4_T_le_v4SPD16_eabi.lib : exit.c.obj (.text:abort:abort)
                  000017f8    00000160     sysbios.aem4f : BIOS.obj (.text:ti_sysbios_knl_Semaphore_pend__E)
                  00001958    0000015c     msp432p4xx_driverlib.lib : pcm.o (.text:__PCM_setPowerModeAdvanced)
                  00001ab4    00000004     event_pem4f.oem4f (.text:ti_sysbios_BIOS_RtsGateProxy_enter__E)
                  00001ab8    00000158     sysbios.aem4f : BIOS.obj (.text:ti_sysbios_knl_Event_pend__E)
                  00001c10    00000148                   : BIOS.obj (.text:ti_sysbios_family_arm_m3_Hwi_excMemFault__I)
                  00001d58    00000114     drivers_msp432p401x.aem4f : PWMTimerMSP432.oem4f (.text:PWMTimerMSP432_setPeriod)
                  00001e6c    00000004     event_pem4f.oem4f (.text:ti_sysbios_BIOS_RtsGateProxy_leave__E)
                  00001e70    0000010c     sysbios.aem4f : BIOS.obj (.text:ti_sysbios_family_arm_m3_Hwi_excHandlerMax__I)
                  00001f7c    00000108     msp432p4xx_driverlib.lib : pcm.o (.text:__PCM_setCoreVoltageLevelAdvanced)
                  00002084    00000004     event_pem4f.oem4f (.text:ti_sysbios_family_arm_m3_TaskSupport_Module__startupDone__S)
                  00002088    00000108     sysbios.aem4f : BIOS.obj (.text:ti_sysbios_family_arm_m3_Hwi_excFillContext__I)
                  00002190    00000106     event_pem4f.oem4f (.text:xdc_runtime_System_printfExtend__I)
                  00002296    000000fc     rtsv7M4_T_le_v4SPD16_eabi.lib : fd_mul_t2.asm.obj (.text)
                  00002392    00000002     dpl_msp432p401x.aem4f : PowerMSP432_tirtos.oem4f (.text:PowerMSP432_initPolicy)
                  00002394    000000fc     ti.targets.arm.rtsarm.aem4f : Startup.oem4f (.text:xdc_runtime_Startup_startMods__I)
                  00002490    000000f0     sysbios.aem4f : m3_Hwi_asm.obj (.text:ti_sysbios_family_arm_m3_Hwi_dispatch__I)
                  00002580    000000e8     ti.targets.arm.rtsarm.aem4f : Core-mem.oem4f (.text:xdc_runtime_Core_createObject__I)
                  00002668    000000e8                                 : Error.oem4f (.text:xdc_runtime_Error_policyDefault__E)
                  00002750    000000e4     msp432p4xx_driverlib.lib : cs.o (.text:CS_startHFXTWithTimeout)
                  00002834    000000e0                              : cs.o (.text:CS_startLFXTWithTimeout)
                  00002914    000000dc                              : cs.o (.text:_CSGetHFXTFrequency)
                  000029f0    000000cc     ti.targets.arm.rtsarm.aem4f : Core-smem.oem4f (.text:xdc_runtime_Core_constructObject__I)
                  00002abc    00000004     event_pem4f.oem4f (.text:ti_sysbios_hal_Hwi_HwiProxy_create)
                  00002ac0    000000c8     sysbios.aem4f : BIOS.obj (.text:ti_sysbios_family_arm_msp432_init_Boot_setupCS)
                  00002b88    000000c4                   : BIOS.obj (.text:ti_sysbios_knl_Task_Instance_init__E)
                  00002c4c    00000004     event_pem4f.oem4f (.text:ti_sysbios_hal_Hwi_HwiProxy_delete)
                  00002c50    000000bc     sysbios.aem4f : BIOS.obj (.text:ti_sysbios_family_arm_m3_Hwi_excDebugMon__I)
                  00002d0c    00000004     event_pem4f.oem4f (.text:ti_sysbios_heaps_HeapMem_Module_GateProxy_enter__E)
                  00002d10    000000bc     sysbios.aem4f : BIOS.obj (.text:ti_sysbios_family_arm_m3_Hwi_excHardFault__I)
                  00002dcc    00000004     event_pem4f.oem4f (.text:ti_sysbios_heaps_HeapMem_Module_GateProxy_leave__E)
                  00002dd0    000000b4     sysbios.aem4f : BIOS.obj (.text:ti_sysbios_knl_Task_Instance_finalize__E)
                  00002e84    00000004     event_pem4f.oem4f (.text:ti_sysbios_knl_Clock_TimerProxy_getMaxTicks__E)
                  00002e88    000000b4     sysbios.aem4f : BIOS.obj (.text:ti_sysbios_knl_Task_checkStacks__E)
                  00002f3c    00000004     ti.targets.arm.rtsarm.aem4f : Error.oem4f (.text:xdc_runtime_Error_getSite__E)
                  00002f40    000000ac     sysbios.aem4f : BIOS.obj (.text:ti_sysbios_family_arm_m3_Hwi_Instance_init__E)
                  00002fec    000000a8     main.obj (.text:fanPWMTask)
                  00003094    000000a8     main.obj (.text:init_lcd)
                  0000313c    00000004     event_pem4f.oem4f (.text:xdc_runtime_System_Module_GateProxy_enter__E)
                  00003140    000000a8     sysbios.aem4f : BIOS.obj (.text:ti_sysbios_family_arm_msp432_Timer_periodicStub__E)
                  000031e8    000000a4     drivers_msp432p401x.aem4f : PWMTimerMSP432.oem4f (.text:PWMTimerMSP432_stop)
                  0000328c    000000a2     ti.targets.arm.rtsarm.aem4f : Text.oem4f (.text:xdc_runtime_Text_putSite__E)
                  0000332e    00000002     rtsv7M4_T_le_v4SPD16_eabi.lib : _lock.c.obj (.text:_nop)
                  00003330    000000a0     auto_init.aem4f : auto_init.oem4f (.text)
                  000033d0    0000009c     drivers_msp432p401x.aem4f : PowerMSP432.oem4f (.text:Power_init)
                  0000346c    0000009c     rtsv7M4_T_le_v4SPD16_eabi.lib : memcpy_t2.asm.obj (.text)
                  00003508    00000096                                   : ull_div_t2.asm.obj (.text)
                  0000359e    00000094     main.obj (.text:LCD_print_udec3)
                  00003632    00000002     rtsv7M4_T_le_v4SPD16_eabi.lib : div0.asm.obj (.text)
                  00003634    00000094     drivers_msp432p401x.aem4f : PWMTimerMSP432.oem4f (.text:PWMTimerMSP432_setDuty)
                  000036c8    00000094     sysbios.aem4f : BIOS.obj (.text:ti_sysbios_family_arm_m3_Hwi_initNVIC__E)
                  0000375c    0000008c                   : m3_TaskSupport_asm.obj (.text:ti_sysbios_family_arm_m3_TaskSupport_buildTaskStack)
                  000037e8    0000008c                   : BIOS.obj (.text:ti_sysbios_knl_Event_post__E)
                  00003874    00000004     event_pem4f.oem4f (.text:xdc_runtime_System_Module_GateProxy_leave__E)
                  00003878    0000008c     sysbios.aem4f : BIOS.obj (.text:ti_sysbios_knl_Task_postInit__I)
                  00003904    00000088     drivers_msp432p401x.aem4f : PWMTimerMSP432.oem4f (.text:PWMTimerMSP432_close)
                  0000398c    00000084     msp432p4xx_driverlib.lib : pcm.o (.text:PCM_gotoLPM3)
                  00003a10    00000084     drivers_msp432p401x.aem4f : PWMTimerMSP432.oem4f (.text:PWMTimerMSP432_start)
                  00003a94    00000084                               : PowerMSP432.oem4f (.text:restartHFXT)
                  00003b18    00000084     sysbios.aem4f : BIOS.obj (.text:ti_sysbios_family_arm_m3_Hwi_postInit__I)
                  00003b9c    00000004     ti.targets.arm.rtsarm.aem4f : System.oem4f (.text:xdc_runtime_System_aprintf_va__F)
                  00003ba0    00000084     sysbios.aem4f : BIOS.obj (.text:ti_sysbios_heaps_HeapMem_free__E)
                  00003c24    00000004     ti.targets.arm.rtsarm.aem4f : System.oem4f (.text:xdc_runtime_System_printf_va__F)
                  00003c28    00000080     sysbios.aem4f : BIOS.obj (.text:ti_sysbios_knl_Clock_workFunc__E)
                  00003ca8    0000007c     drivers_msp432p401x.aem4f : PWMTimerMSP432.oem4f (.text:setConstraints)
                  00003d24    00000002     event_pem4f.oem4f (.text:ti_sysbios_BIOS_nullFunc__I)
                  00003d26    00000002     --HOLE-- [fill = 0]
                  00003d28    0000007c     sysbios.aem4f : BIOS.obj (.text:ti_sysbios_knl_Semaphore_post__E)
                  00003da4    0000007a     rtsv7M4_T_le_v4SPD16_eabi.lib : memset_t2.asm.obj (.text)
                  00003e1e    00000002     --HOLE-- [fill = 0]
                  00003e20    0000007a     sysbios.aem4f : BIOS.obj (.text:ti_sysbios_heaps_HeapMem_allocUnprotected__E)
                  00003e9a    00000002     --HOLE-- [fill = 0]
                  00003e9c    00000078     drivers_msp432p401x.aem4f : TimerMSP432.oem4f (.text:TimerMSP432_allocateTimerResource)
                  00003f14    00000004     --HOLE-- [fill = 0]
                  00003f18    00000078     sysbios.aem4f : BIOS.obj (.text:ti_sysbios_heaps_HeapMem_initPrimary__I)
                  00003f90    00000074     ti.targets.arm.rtsarm.aem4f : Error.oem4f (.text:xdc_runtime_Error_print__E)
                  00004004    00000074                                 : Text.oem4f (.text:xdc_runtime_Text_putMod__E)
                  00004078    00000070     sysbios.aem4f : BIOS.obj (.text:ti_sysbios_knl_Semaphore_Instance_init__E)
                  000040e8    00000070                   : BIOS.obj (.text:ti_sysbios_knl_Task_exit__E)
                  00004158    00000070     ti.targets.arm.rtsarm.aem4f : Memory.oem4f (.text:xdc_runtime_Memory_alloc__E)
                  000041c8    0000006d                                 : System.oem4f (.text:xdc_runtime_System_formatNum__I)
                  00004235    00000003     --HOLE-- [fill = 0]
                  00004238    0000006c     main.obj (.text:LCD_Config)
                  000042a4    0000006c     main.obj (.text:LCD_contrast)
                  00004310    0000006c     sysbios.aem4f : BIOS.obj (.text:ti_sysbios_knl_Swi_restoreHwi__E)
                  0000437c    0000006a     drivers_msp432p401x.aem4f : PWMTimerMSP432.oem4f (.text:perfChangeNotifyFxn)
                  000043e6    00000002     --HOLE-- [fill = 0]
                  000043e8    00000068                               : PowerMSP432.oem4f (.text:PowerMSP432_getFreqs)
                  00004450    00000068     rtsv7M4_T_le_v4SPD16_eabi.lib : copy_decompress_lzss.c.obj (.text:decompress:lzss:__TI_decompress_lzss)
                  000044b8    00000068     drivers_msp432p401x.aem4f : PWMTimerMSP432.oem4f (.text:initHw)
                  00004520    00000066     ti.targets.arm.rtsarm.aem4f : Core-mem.oem4f (.text:xdc_runtime_Core_deleteObject__I)
                  00004586    00000002     --HOLE-- [fill = 0]
                  00004588    00000064     main.obj (.text:init_fan_and_heater)
                  000045ec    00000004     --HOLE-- [fill = 0]
                  000045f0    00000064     sysbios.aem4f : BIOS.obj (.text:ti_sysbios_family_arm_m3_Hwi_dispatchC__I)
                  00004654    00000004     --HOLE-- [fill = 0]
                  00004658    00000060                   : BIOS.obj (.text:ti_sysbios_knl_Task_schedule__I)
                  000046b8    0000005f     ti.targets.arm.rtsarm.aem4f : Text.oem4f (.text:xdc_runtime_Text_putLab__E)
                  00004717    00000001     --HOLE-- [fill = 0]
                  00004718    0000005e     msp432p4xx_driverlib.lib : pcm.o (.text:PCM_getCoreVoltageLevel)
                  00004776    00000002     --HOLE-- [fill = 0]
                  00004778    0000005c     main.obj (.text:init_adc)
                  000047d4    0000005c     main.obj (.text:lcdTask)
                  00004830    0000005c     main.obj (.text:swiFxn)
                  0000488c    00000004     --HOLE-- [fill = 0]
                  00004890    0000005c     sysbios.aem4f : BIOS.obj (.text:ti_sysbios_knl_Swi_run__I)
                  000048ec    00000004     --HOLE-- [fill = 0]
                  000048f0    0000005c                   : BIOS.obj (.text:ti_sysbios_knl_Swi_schedule__I)
                  0000494c    00000004     --HOLE-- [fill = 0]
                  00004950    0000005c                   : BIOS.obj (.text:ti_sysbios_knl_Task_Module_startup__E)
                  000049ac    00000004     --HOLE-- [fill = 0]
                  000049b0    0000005c                   : BIOS.obj (.text:ti_sysbios_knl_Task_startCore__E)
                  00004a0c    0000005a     msp432p4xx_driverlib.lib : pcm.o (.text:PCM_getPowerMode)
                  00004a66    00000002     --HOLE-- [fill = 0]
                  00004a68    00000058     rtsv7M4_T_le_v4SPD16_eabi.lib : hostwrite.c.obj (.text:HOSTwrite)
                  00004ac0    00000058     boot.aem4f : boot.oem4f (.text)
                  00004b18    00000058     sysbios.aem4f : m3_Hwi_asm_switch.obj (.text:ti_sysbios_family_arm_m3_Hwi_initStacks__E)
                  00004b70    00000058                   : BIOS.obj (.text:ti_sysbios_heaps_HeapMem_alloc__E)
                  00004bc8    00000054     msp432p4xx_driverlib.lib : pcm.o (.text:PCM_shutdownDevice)
                  00004c1c    00000054     drivers_msp432p401x.aem4f : TimerMSP432.oem4f (.text:TimerMSP432_freeTimerResource)
                  00004c70    00000054     event_pem4f.oem4f (.text:ti_sysbios_family_arm_m3_Hwi_create)
                  00004cc4    00000004     --HOLE-- [fill = 0]
                  00004cc8    00000054     sysbios.aem4f : BIOS.obj (.text:ti_sysbios_family_arm_msp432_Timer_initDevice__I)
                  00004d1c    00000050     main.obj (.text:LCD_print_char)
                  00004d6c    00000004     --HOLE-- [fill = 0]
                  00004d70    00000050     sysbios.aem4f : BIOS.obj (.text:ti_sysbios_family_arm_m3_Hwi_Module_startup__E)
                  00004dc0    00000050     event_pem4f.oem4f (.text:ti_sysbios_hal_Hwi_construct)
                  00004e10    00000050     ti.targets.arm.rtsarm.aem4f : Startup.oem4f (.text:xdc_runtime_Startup_exec__E)
                  00004e60    00000050                                 : Text.oem4f (.text:xdc_runtime_Text_visitRope2__I)
                  00004eb0    0000004c     dpl_msp432p401x.aem4f : PowerMSP432_tirtos.oem4f (.text:PowerMSP432_sleepPolicy)
                  00004efc    0000004c     rtsv7M4_T_le_v4SPD16_eabi.lib : cpy_tbl.c.obj (.text:copy_in)
                  00004f48    0000004c     sysbios.aem4f : BIOS.obj (.text:ti_sysbios_family_arm_msp432_Timer_start__E)
                  00004f94    00000004     --HOLE-- [fill = 0]
                  00004f98    0000004c                   : BIOS.obj (.text:ti_sysbios_heaps_HeapMem_getStats__E)
                  00004fe4    0000004c     event_pem4f.oem4f (.text:ti_sysbios_knl_Swi_construct)
                  00005030    0000004c     sysbios.aem4f : BIOS.obj (.text:ti_sysbios_knl_Swi_runLoop__I)
                  0000507c    00000004     --HOLE-- [fill = 0]
                  00005080    0000004c                   : BIOS.obj (.text:ti_sysbios_knl_Task_allBlockedFunction__I)
                  000050cc    0000004c     event_pem4f.oem4f (.text:ti_sysbios_knl_Task_construct)
                  00005118    0000004c     ti.targets.arm.rtsarm.aem4f : Assert.oem4f (.text:xdc_runtime_Assert_raise__I)
                  00005164    00000048     drivers_msp432p401x.aem4f : PowerMSP432.oem4f (.text:Power_releaseConstraint)
                  000051ac    00000048     rtsv7M4_T_le_v4SPD16_eabi.lib : fd_toi_t2.asm.obj (.text)
                  000051f4    00000004     --HOLE-- [fill = 0]
                  000051f8    00000048     sysbios.aem4f : BIOS.obj (.text:ti_sysbios_family_arm_m3_Hwi_disableInterrupt__E)
                  00005240    00000048                   : BIOS.obj (.text:ti_sysbios_family_arm_m3_Hwi_enableInterrupt__E)
                  00005288    00000048                   : BIOS.obj (.text:ti_sysbios_family_arm_m3_Hwi_excReserved__I)
                  000052d0    00000048                   : BIOS.obj (.text:ti_sysbios_knl_Mailbox_Module_startup__E)
                  00005318    00000048                   : BIOS.obj (.text:ti_sysbios_knl_Swi_Instance_init__E)
                  00005360    00000048     ti.targets.arm.rtsarm.aem4f : Core-params.oem4f (.text:xdc_runtime_Core_assignParams__I)
                  000053a8    00000044     drivers_msp432p401x.aem4f : PWM.oem4f (.text:PWM_init)
                  000053ec    00000004     --HOLE-- [fill = 0]
                  000053f0    00000044     sysbios.aem4f : BIOS.obj (.text:ti_sysbios_family_arm_m3_Hwi_getStackInfo__E)
                  00005434    00000004     --HOLE-- [fill = 0]
                  00005438    00000044                   : BIOS.obj (.text:ti_sysbios_knl_Swi_post__E)
                  0000547c    00000044     ti.targets.arm.rtsarm.aem4f : Error.oem4f (.text:xdc_runtime_Error_setX__E)
                  000054c0    00000044                                 : SysMin.oem4f (.text:xdc_runtime_SysMin_flush__E)
                  00005504    00000044                                 : Text.oem4f (.text:xdc_runtime_Text_xprintf__I)
                  00005548    00000040     dpl_msp432p401x.aem4f : HwiP_tirtos.oem4f (.text:HwiP_create)
                  00005588    00000040     main.obj (.text:LCD_Port_Config)
                  000055c8    00000040     drivers_msp432p401x.aem4f : PWM.oem4f (.text:PWM_open)
                  00005608    00000040                               : PWMTimerMSP432.oem4f (.text:getDutyCounts)
                  00005648    00000040                               : PWMTimerMSP432.oem4f (.text:getPeriodCounts)
                  00005688    00000040     rtsv7M4_T_le_v4SPD16_eabi.lib : u_divt2.asm.obj (.text)
                  000056c8    00000040     sysbios.aem4f : BIOS.obj (.text:ti_sysbios_family_arm_msp432_Timer_Module_startup__E)
                  00005708    00000040                   : BIOS.obj (.text:ti_sysbios_family_arm_msp432_Timer_startup__E)
                  00005748    00000040                   : BIOS.obj (.text:ti_sysbios_heaps_HeapMem_Instance_init__E)
                  00005788    0000003c     main.obj (.text:LCD_Command_WR)
                  000057c4    0000003c     main.obj (.text:LCD_Data_WR)
                  00005800    0000003c     main.obj (.text:LCD_SPI_Config)
                  0000583c    00000004     --HOLE-- [fill = 0]
                  00005840    0000003c     sysbios.aem4f : BIOS.obj (.text:ti_sysbios_family_arm_m3_Hwi_Instance_finalize__E)
                  0000587c    00000004     --HOLE-- [fill = 0]
                  00005880    0000003c                   : BIOS.obj (.text:ti_sysbios_family_arm_m3_Hwi_excSvCall__I)
                  000058bc    00000004     --HOLE-- [fill = 0]
                  000058c0    0000003c                   : BIOS.obj (.text:ti_sysbios_knl_Clock_Instance_init__E)
                  000058fc    00000004     --HOLE-- [fill = 0]
                  00005900    0000003c                   : BIOS.obj (.text:ti_sysbios_knl_Swi_restore__E)
                  0000593c    0000003a     main.obj (.text:LCD_clear)
                  00005976    0000003a     main.obj (.text:pow10)
                  000059b0    00000038     drivers_msp432p401x.aem4f : PowerMSP432.oem4f (.text:Power_setConstraint)
                  000059e8    00000038     rtsv7M4_T_le_v4SPD16_eabi.lib : trgmsg.c.obj (.text:__TI_writemsg)
                  00005a20    00000038     drivers_msp432p401x.aem4f : PowerMSP432.oem4f (.text:notify)
                  00005a58    00000038     sysbios.aem4f : BIOS.obj (.text:ti_sysbios_family_arm_m3_Hwi_excNoIsr__I)
                  00005a90    00000038                   : BIOS.obj (.text:ti_sysbios_knl_Task_processVitalTaskFlag__I)
                  00005ac8    00000038     ti.targets.arm.rtsarm.aem4f : System.oem4f (.text:xdc_runtime_System_atexit__E)
                  00005b00    00000034     rtsv7M4_T_le_v4SPD16_eabi.lib : trgmsg.c.obj (.text:__TI_readmsg)
                  00005b34    00000034     main.obj (.text:inputTask)
                  00005b68    00000034     sysbios.aem4f : BIOS.obj (.text:ti_sysbios_family_arm_m3_Hwi_excNmi__I)
                  00005b9c    00000004     --HOLE-- [fill = 0]
                  00005ba0    00000034                   : BIOS.obj (.text:ti_sysbios_family_arm_msp432_init_Boot_configureClocksHigh)
                  00005bd4    00000004     --HOLE-- [fill = 0]
                  00005bd8    00000034                   : BIOS.obj (.text:ti_sysbios_hal_Hwi_checkStack)
                  00005c0c    00000034     ti.targets.arm.rtsarm.aem4f : SysMin.oem4f (.text:xdc_runtime_SysMin_abort__E)
                  00005c40    00000034                                 : SysMin.oem4f (.text:xdc_runtime_SysMin_putch__E)
                  00005c74    00000004     --HOLE-- [fill = 0]
                  00005c78    00000032     sysbios.aem4f : BIOS.obj (.text:ti_sysbios_hal_Hwi_initStack)
                  00005caa    00000002     --HOLE-- [fill = 0]
                  00005cac    00000030     drivers_msp432p401x.aem4f : PWMTimerMSP432.oem4f (.text:mapPin)
                  00005cdc    00000030     main.obj (.text:tempI2CTask)
                  00005d0c    00000030     event_pem4f.oem4f (.text:ti_sysbios_BIOS_atExitFunc__I)
                  00005d3c    00000030     event_pem4f.oem4f (.text:ti_sysbios_BIOS_startFunc__I)
                  00005d6c    00000004     --HOLE-- [fill = 0]
                  00005d70    00000030     sysbios.aem4f : BIOS.obj (.text:ti_sysbios_family_arm_m3_TaskSupport_start__E)
                  00005da0    00000030                   : BIOS.obj (.text:ti_sysbios_family_arm_msp432_Timer_setPeriod__E)
                  00005dd0    00000030     event_pem4f.oem4f (.text:ti_sysbios_gates_GateHwi_Object__create__S)
                  00005e00    00000030     event_pem4f.oem4f (.text:ti_sysbios_gates_GateMutex_Object__create__S)
                  00005e30    00000030     sysbios.aem4f : BIOS.obj (.text:ti_sysbios_gates_GateMutex_enter__E)
                  00005e60    00000030     event_pem4f.oem4f (.text:ti_sysbios_heaps_HeapMem_Object__create__S)
                  00005e90    00000030     event_pem4f.oem4f (.text:ti_sysbios_knl_Clock_construct)
                  00005ec0    00000030     sysbios.aem4f : BIOS.obj (.text:ti_sysbios_knl_Event_pendTimeout__I)
                  00005ef0    00000030                   : BIOS.obj (.text:ti_sysbios_knl_Mailbox_postInit__I)
                  00005f20    00000030     event_pem4f.oem4f (.text:ti_sysbios_knl_Semaphore_construct)
                  00005f50    00000030     sysbios.aem4f : BIOS.obj (.text:ti_sysbios_knl_Semaphore_pendTimeout__I)
                  00005f80    00000030                   : BIOS.obj (.text:ti_sysbios_knl_Task_restore__E)
                  00005fb0    00000030                   : BIOS.obj (.text:ti_sysbios_knl_Task_unblockI__E)
                  00005fe0    00000030     event_pem4f.oem4f (.text:xdc_runtime_Error_policyLog__I)
                  00006010    00000030     ti.targets.arm.rtsarm.aem4f : System.oem4f (.text:xdc_runtime_System_processAtExit__E)
                  00006040    0000002f                                 : Text.oem4f (.text:xdc_runtime_Text_printVisFxn__I)
                  0000606f    00000001     --HOLE-- [fill = 0]
                  00006070    0000002c     dpl_msp432p401x.aem4f : PowerMSP432_tirtos.oem4f (.text:PowerMSP432_updateFreqs)
                  0000609c    0000002c     msp432p4xx_driverlib.lib : rtc_c.o (.text:RTC_C_holdClock)
                  000060c8    0000002c     event_pem4f.oem4f (.text:ti_sysbios_family_arm_m3_Hwi_Handle__label__S)
                  000060f4    0000002c     event_pem4f.oem4f (.text:ti_sysbios_gates_GateHwi_Handle__label__S)
                  00006120    0000002c     event_pem4f.oem4f (.text:ti_sysbios_gates_GateMutex_Handle__label__S)
                  0000614c    0000002c     event_pem4f.oem4f (.text:ti_sysbios_heaps_HeapMem_Handle__label__S)
                  00006178    0000002c     event_pem4f.oem4f (.text:ti_sysbios_knl_Clock_doTick__I)
                  000061a4    0000002c     event_pem4f.oem4f (.text:ti_sysbios_knl_Event_construct)
                  000061d0    0000002c     event_pem4f.oem4f (.text:ti_sysbios_knl_Queue_construct)
                  000061fc    0000002c     event_pem4f.oem4f (.text:ti_sysbios_knl_Swi_Handle__label__S)
                  00006228    0000002c     event_pem4f.oem4f (.text:ti_sysbios_knl_Task_Handle__label__S)
                  00006254    0000002c     ti.targets.arm.rtsarm.aem4f : System.oem4f (.text:xdc_runtime_System_putchar__I)
                  00006280    0000002a     main.obj (.text:LCD_goto_xy)
                  000062aa    00000002     --HOLE-- [fill = 0]
                  000062ac    00000028     msp432p4xx_driverlib.lib : pcm.o (.text:PCM_gotoLPM0)
                  000062d4    00000028     drivers_msp432p401x.aem4f : PowerMSP432.oem4f (.text:Power_registerNotify)
                  000062fc    00000028                               : PowerMSP432.oem4f (.text:disableFaultCounter)
                  00006324    00000028                               : PowerMSP432.oem4f (.text:disableHFXT)
                  0000634c    00000028     sysbios.aem4f : m3_Hwi_asm.obj (.text:ti_sysbios_family_arm_m3_Hwi_excHandlerAsm__I)
                  00006374    00000004     --HOLE-- [fill = 0]
                  00006378    00000028                   : BIOS.obj (.text:ti_sysbios_knl_Clock_addI__E)
                  000063a0    00000028                   : BIOS.obj (.text:ti_sysbios_knl_Semaphore_Instance_finalize__E)
                  000063c8    00000028                   : BIOS.obj (.text:ti_sysbios_knl_Swi_Module_startup__E)
                  000063f0    00000028     ti.targets.arm.rtsarm.aem4f : System.oem4f (.text:xdc_runtime_System_avprintf__E)
                  00006418    00000026     drivers_msp432p401x.aem4f : List.oem4f (.text:List_put)
                  0000643e    00000026                               : List.oem4f (.text:List_remove)
                  00006464    00000026                               : PWMTimerMSP432.oem4f (.text:releaseConstraints)
                  0000648a    00000026     sysbios.aem4f : m3_Hwi_asm.obj (.text:ti_sysbios_family_arm_m3_Hwi_pendSV__I)
                  000064b0    00000026     ti.targets.arm.rtsarm.aem4f : System.oem4f (.text:xdc_runtime_System_vprintf__E)
                  000064d6    00000002     --HOLE-- [fill = 0]
                  000064d8    00000024     msp432p4xx_driverlib.lib : wdt_a.o (.text:WDT_A_holdTimer)
                  000064fc    00000024     event_pem4f.oem4f (.text:ti_sysbios_BIOS_errorRaiseHook__I)
                  00006520    00000024     event_pem4f.oem4f (.text:ti_sysbios_BIOS_registerRTSLock__I)
                  00006544    00000024     event_pem4f.oem4f (.text:ti_sysbios_BIOS_removeRTSLock__I)
                  00006568    00000024     sysbios.aem4f : BIOS.obj (.text:ti_sysbios_family_arm_msp432_ClockFreqs_setFrequency__E)
                  0000658c    00000004     --HOLE-- [fill = 0]
                  00006590    00000024                   : BIOS.obj (.text:ti_sysbios_family_arm_msp432_Timer_postInit__I)
                  000065b4    00000024     event_pem4f.oem4f (.text:ti_sysbios_gates_GateMutex_Object__delete__S)
                  000065d8    00000024     sysbios.aem4f : BIOS.obj (.text:ti_sysbios_knl_Clock_Module_startup__E)
                  000065fc    00000004     --HOLE-- [fill = 0]
                  00006600    00000024                   : BIOS.obj (.text:ti_sysbios_knl_Clock_start__E)
                  00006624    00000004     --HOLE-- [fill = 0]
                  00006628    00000024                   : BIOS.obj (.text:ti_sysbios_knl_Task_restoreHwi__E)
                  0000664c    00000022     event_pem4f.oem4f (.text:xdc_runtime_SysMin_output__I)
                  0000666e    00000002     --HOLE-- [fill = 0]
                  00006670    00000020     msp432p4xx_driverlib.lib : cs.o (.text:CS_setExternalClockSourceFrequency)
                  00006690    00000020     drivers_msp432p401x.aem4f : PowerMSP432.oem4f (.text:Power_unregisterNotify)
                  000066b0    00000020     main.obj (.text:init_potentiometer)
                  000066d0    00000020     rtsv7M4_T_le_v4SPD16_eabi.lib : u_tofd_t2.asm.obj (.text)
                  000066f0    00000020     event_pem4f.oem4f (.text:ti_sysbios_BIOS_rtsLock__I)
                  00006710    00000020     event_pem4f.oem4f (.text:ti_sysbios_family_arm_m3_Hwi_Object__delete__S)
                  00006730    00000020     event_pem4f.oem4f (.text:ti_sysbios_gates_GateHwi_Object__delete__S)
                  00006750    00000020     sysbios.aem4f : BIOS.obj (.text:ti_sysbios_hal_Hwi_Instance_init__E)
                  00006770    00000020     event_pem4f.oem4f (.text:ti_sysbios_heaps_HeapMem_Object__delete__S)
                  00006790    00000020     sysbios.aem4f : BIOS.obj (.text:ti_sysbios_knl_Idle_run__E)
                  000067b0    00000020     event_pem4f.oem4f (.text:ti_sysbios_knl_Semaphore_destruct)
                  000067d0    00000020     ti.targets.arm.rtsarm.aem4f : SysMin.oem4f (.text:xdc_runtime_SysMin_Module_startup__E)
                  000067f0    0000001e     main.obj (.text:LCD_print_str)
                  0000680e    0000001e     drivers_msp432p401x.aem4f : PWMTimerMSP432.oem4f (.text:corroboratePeriod)
                  0000682c    0000001e     sysbios.aem4f : m3_Hwi_asm_switch.obj (.text:ti_sysbios_family_xxx_Hwi_switchAndRunFunc)
                  0000684a    00000002     --HOLE-- [fill = 0]
                  0000684c    0000001c     main.obj (.text:hwiFxn)
                  00006868    0000001c     sysbios.aem4f : BIOS.obj (.text:ti_sysbios_family_arm_m3_Hwi_excHandler__I)
                  00006884    00000004     --HOLE-- [fill = 0]
                  00006888    0000001c                   : BIOS.obj (.text:ti_sysbios_gates_GateMutex_Instance_init__E)
                  000068a4    0000001c     event_pem4f.oem4f (.text:ti_sysbios_knl_Queue_destruct)
                  000068c0    0000001c     sysbios.aem4f : BIOS.obj (.text:ti_sysbios_knl_Queue_put__E)
                  000068dc    00000004     --HOLE-- [fill = 0]
                  000068e0    0000001c                   : BIOS.obj (.text:ti_sysbios_knl_Task_enter__I)
                  000068fc    0000001c     ti.targets.arm.rtsarm.aem4f : Error.oem4f (.text:xdc_runtime_Error_check__E)
                  00006918    0000001c                                 : Error.oem4f (.text:xdc_runtime_Error_raiseX__E)
                  00006934    0000001c                                 : Memory.oem4f (.text:xdc_runtime_Memory_valloc__E)
                  00006950    0000001c                                 : Registry.oem4f (.text:xdc_runtime_Registry_findById__E)
                  0000696c    0000001c                                 : SysMin.oem4f (.text:xdc_runtime_SysMin_exit__E)
                  00006988    0000001c                                 : System.oem4f (.text:xdc_runtime_System_abort__E)
                  000069a4    0000001c                                 : Text.oem4f (.text:xdc_runtime_Text_ropeText__E)
                  000069c0    0000001a     event_pem4f.oem4f (.text:xdc_runtime_System_aprintf__E)
                  000069da    0000001a     event_pem4f.oem4f (.text:xdc_runtime_System_printf__E)
                  000069f4    00000018     event_pem4f.oem4f (.text:.bootCodeSection:ti_sysbios_family_arm_msp432_init_Boot_init__I)
                  00006a0c    00000018     msp432p4xx_driverlib.lib : sysctl_a.o (.text:SysCtl_A_disableNMISource)
                  00006a24    00000018                              : sysctl_a.o (.text:SysCtl_A_enableNMISource)
                  00006a3c    00000018     rtsv7M4_T_le_v4SPD16_eabi.lib : args_main.c.obj (.text:_args_main)
                  00006a54    00000018     main.obj (.text:clkFxn)
                  00006a6c    00000018     drivers_msp432p401x.aem4f : PWMTimerMSP432.oem4f (.text:corroborateDuty)
                  00006a84    00000018     event_pem4f.oem4f (.text:ti_sysbios_BIOS_rtsUnlock__I)
                  00006a9c    00000018     event_pem4f.oem4f (.text:ti_sysbios_family_arm_m3_Hwi_Module__startupDone__F)
                  00006ab4    00000018     sysbios.aem4f : m3_TaskSupport_asm.obj (.text:ti_sysbios_family_arm_m3_TaskSupport_swap__E)
                  00006acc    00000018     event_pem4f.oem4f (.text:ti_sysbios_family_arm_msp432_Timer_Module__startupDone__F)
                  00006ae4    00000004     --HOLE-- [fill = 0]
                  00006ae8    00000018     sysbios.aem4f : BIOS.obj (.text:ti_sysbios_gates_GateMutex_leave__E)
                  00006b00    00000018     ti.targets.arm.rtsarm.aem4f : Error.oem4f (.text:xdc_runtime_Error_init__E)
                  00006b18    00000018                                 : System.oem4f (.text:xdc_runtime_System_exit__E)
                  00006b30    00000016     event_pem4f.oem4f (.text:ti_sysbios_BIOS_exitFunc__I)
                  00006b46    00000016     main.obj (.text:ti_sysbios_hal_Hwi_Params_init)
                  00006b5c    00000016     main.obj (.text:ti_sysbios_knl_Clock_Params_init)
                  00006b72    00000016     main.obj (.text:ti_sysbios_knl_Swi_Params_init)
                  00006b88    00000016     main.obj (.text:ti_sysbios_knl_Task_Params_init)
                  00006b9e    00000002     --HOLE-- [fill = 0]
                  00006ba0    00000016     sysbios.aem4f : BIOS.obj (.text:ti_sysbios_knl_Task_unblock__E)
                  00006bb6    00000002     --HOLE-- [fill = 0]
                  00006bb8    00000014     msp432p4xx_driverlib.lib : pcm.o (.text:PCM_getPowerState)
                  00006bcc    00000014     drivers_msp432p401x.aem4f : PWM.oem4f (.text:PWM_Params_init)
                  00006be0    00000014                               : PowerMSP432.oem4f (.text:Power_idleFunc)
                  00006bf4    00000014     rtsv7M4_T_le_v4SPD16_eabi.lib : strlen.c.obj (.text:strlen)
                  00006c08    00000014     event_pem4f.oem4f (.text:ti_sysbios_family_arm_m3_Hwi_Object__get__S)
                  00006c1c    00000004     --HOLE-- [fill = 0]
                  00006c20    00000014     sysbios.aem4f : BIOS.obj (.text:ti_sysbios_family_arm_m3_Hwi_switchFromBootStack__E)
                  00006c34    00000014     event_pem4f.oem4f (.text:ti_sysbios_heaps_HeapMem_Object__get__S)
                  00006c48    00000014     sysbios.aem4f : BIOS.obj (.text:ti_sysbios_knl_Event_Instance_init__E)
                  00006c5c    00000014     event_pem4f.oem4f (.text:ti_sysbios_knl_Swi_Object__get__S)
                  00006c70    00000012     sysbios.aem4f : BIOS.obj (.text:ti_sysbios_hal_Hwi_Module_startup__E)
                  00006c82    00000006     drivers_msp432p401x.aem4f : PWMTimerMSP432.oem4f (.text:PWMTimerMSP432_control)
                  00006c88    00000012     sysbios.aem4f : BIOS.obj (.text:ti_sysbios_knl_Event_sync__E)
                  00006c9a    00000012     event_pem4f.oem4f (.text:xdc_runtime_Startup_exec__I)
                  00006cac    00000010     dpl_msp432p401x.aem4f : HwiP_tirtos.oem4f (.text:HwiP_Params_init)
                  00006cbc    00000010     msp432p4xx_driverlib.lib : pcm.o (.text:PCM_gotoLPM4)
                  00006ccc    00000010                              : pcm.o (.text:PCM_setPowerMode)
                  00006cdc    00000010                              : pcm.o (.text:PCM_setPowerState)
                  00006cec    00000010     drivers_msp432p401x.aem4f : PowerMSP432.oem4f (.text:PowerMSP432_getNumPerfLevels)
                  00006cfc    00000010     msp432p4xx_driverlib.lib : sysctl_a.o (.text:SysCtl_A_getNMISourceStatus)
                  00006d0c    00000010                              : sysctl.o (.text:SysCtl_getNMISourceStatus)
                  00006d1c    00000004     --HOLE-- [fill = 0]
                  00006d20    00000010     sysbios.aem4f : BIOS.obj (.text:ti_sysbios_BIOS_setCpuFreq__E)
                  00006d30    00000010                   : BIOS.obj (.text:ti_sysbios_BIOS_setThreadType__E)
                  00006d40    00000010                   : BIOS.obj (.text:ti_sysbios_BIOS_start__E)
                  00006d50    00000010                   : m3_TaskSupport_asm.obj (.text:ti_sysbios_family_arm_m3_TaskSupport_glue)
                  00006d60    00000010                   : BIOS.obj (.text:ti_sysbios_family_arm_msp432_init_Boot_disableWatchdog)
                  00006d70    00000010                   : BIOS.obj (.text:ti_sysbios_gates_GateMutex_Instance_finalize__E)
                  00006d80    00000010     event_pem4f.oem4f (.text:ti_sysbios_knl_Mailbox_Object__get__S)
                  00006d90    00000010     sysbios.aem4f : BIOS.obj (.text:ti_sysbios_knl_Swi_disable__E)
                  00006da0    00000010     event_pem4f.oem4f (.text:ti_sysbios_knl_Task_Object__get__S)
                  00006db0    00000010     sysbios.aem4f : BIOS.obj (.text:ti_sysbios_knl_Task_disable__E)
                  00006dc0    00000010     ti.targets.arm.rtsarm.aem4f : Gate.oem4f (.text:xdc_runtime_Gate_leaveSystem__E)
                  00006dd0    00000010                                 : Memory.oem4f (.text:xdc_runtime_Memory_free__E)
                  00006de0    00000010                                 : SysMin.oem4f (.text:xdc_runtime_SysMin_ready__E)
                  00006df0    00000010                                 : System.oem4f (.text:xdc_runtime_System_vsnprintf__E)
                  00006e00    00000010     event_pem4f.oem4f (.text:xdc_runtime_Text_visitRope__I)
                  00006e10    0000000e     rtsv7M4_T_le_v4SPD16_eabi.lib : copy_decompress_none.c.obj (.text:decompress:none:__TI_decompress_none)
                  00006e1e    00000002     --HOLE-- [fill = 0]
                  00006e20    0000000e     sysbios.aem4f : BIOS.obj (.text:ti_sysbios_knl_Clock_removeI__E)
                  00006e2e    00000002     --HOLE-- [fill = 0]
                  00006e30    0000000e                   : BIOS.obj (.text:ti_sysbios_knl_Idle_loop__E)
                  00006e3e    00000002     --HOLE-- [fill = 0]
                  00006e40    0000000e                   : BIOS.obj (.text:ti_sysbios_knl_Queue_empty__E)
                  00006e4e    0000000c     ti_drivers_config.obj (.text:Board_init)
                  00006e5a    0000000c     msp432p4xx_driverlib.lib : cpu.o (.text:CPU_cpsid)
                  00006e66    0000000c                              : cpu.o (.text:CPU_cpsie)
                  00006e72    0000000c     main.obj (.text:LCD_home)
                  00006e7e    00000002     --HOLE-- [fill = 0]
                  00006e80    0000000c     drivers_msp432p401x.aem4f : PowerMSP432.oem4f (.text:Power_getConstraintMask)
                  00006e8c    0000000c                               : PowerMSP432.oem4f (.text:Power_getPerformanceLevel)
                  00006e98    0000000c     rtsv7M4_T_le_v4SPD16_eabi.lib : _lock.c.obj (.text:_register_lock)
                  00006ea4    0000000c                                   : _lock.c.obj (.text:_register_unlock)
                  00006eb0    0000000c                                   : copy_zero_init.c.obj (.text:decompress:ZI:__TI_zero_init)
                  00006ebc    0000000c     event_pem4f.oem4f (.text:ti_sysbios_family_arm_m3_Hwi_Params__init__S)
                  00006ec8    0000000c     sysbios.aem4f : BIOS.obj (.text:ti_sysbios_family_arm_m3_Hwi_disableFxn__E)
                  00006ed4    00000004     --HOLE-- [fill = 0]
                  00006ed8    0000000c                   : BIOS.obj (.text:ti_sysbios_family_arm_m3_Hwi_enableFxn__E)
                  00006ee4    00000004     --HOLE-- [fill = 0]
                  00006ee8    0000000c                   : BIOS.obj (.text:ti_sysbios_family_arm_m3_TaskSupport_checkStack__E)
                  00006ef4    00000004     --HOLE-- [fill = 0]
                  00006ef8    0000000c                   : BIOS.obj (.text:ti_sysbios_family_arm_m3_TaskSupport_getStackAlignment__E)
                  00006f04    00000004     --HOLE-- [fill = 0]
                  00006f08    0000000c                   : BIOS.obj (.text:ti_sysbios_family_arm_msp432_Timer_getMaxTicks__E)
                  00006f14    00000004     --HOLE-- [fill = 0]
                  00006f18    0000000c                   : BIOS.obj (.text:ti_sysbios_gates_GateHwi_enter__E)
                  00006f24    0000000c     event_pem4f.oem4f (.text:ti_sysbios_hal_Hwi_Params__init__S)
                  00006f30    0000000c     main.obj (.text:ti_sysbios_hal_Hwi_handle)
                  00006f3c    0000000c     event_pem4f.oem4f (.text:ti_sysbios_knl_Clock_Params__init__S)
                  00006f48    0000000c     main.obj (.text:ti_sysbios_knl_Clock_handle)
                  00006f54    0000000c     main.obj (.text:ti_sysbios_knl_Event_handle)
                  00006f60    0000000c     event_pem4f.oem4f (.text:ti_sysbios_knl_Queue_Object__get__S)
                  00006f6c    0000000c     event_pem4f.oem4f (.text:ti_sysbios_knl_Swi_Params__init__S)
                  00006f78    0000000c     main.obj (.text:ti_sysbios_knl_Swi_handle)
                  00006f84    0000000c     event_pem4f.oem4f (.text:ti_sysbios_knl_Task_Params__init__S)
                  00006f90    0000000c     ti.targets.arm.rtsarm.aem4f : Gate.oem4f (.text:xdc_runtime_Gate_enterSystem__E)
                  00006f9c    0000000c                                 : Memory.oem4f (.text:xdc_runtime_Memory_calloc__E)
                  00006fa8    0000000c                                 : Memory.oem4f (.text:xdc_runtime_Memory_getMaxDefaultTypeAlign__E)
                  00006fb4    0000000c                                 : Startup.oem4f (.text:xdc_runtime_Startup_rtsDone__E)
                  00006fc0    0000000a     drivers_msp432p401x.aem4f : PWM.oem4f (.text:PWM_start)
                  00006fca    0000000a                               : PWM.oem4f (.text:PWM_stop)
                  00006fd4    00000004     --HOLE-- [fill = 0]
                  00006fd8    0000000a     sysbios.aem4f : BIOS.obj (.text:ti_sysbios_hal_Hwi_Instance_finalize__E)
                  00006fe2    0000000a     event_pem4f.oem4f (.text:xdc_runtime_IHeap_alloc)
                  00006fec    0000000a     event_pem4f.oem4f (.text:xdc_runtime_IHeap_free)
                  00006ff6    00000002     --HOLE-- [fill = 0]
                  00006ff8    00000008     sysbios.aem4f : BIOS.obj (.text:ti_sysbios_family_arm_m3_Hwi_doSwiRestore__I)
                  00007000    00000008                   : BIOS.obj (.text:ti_sysbios_family_arm_m3_Hwi_startup__E)
                  00007008    00000006     drivers_msp432p401x.aem4f : PWMTimerMSP432.oem4f (.text:PWMTimerMSP432_setDutyAndPeriod)
                  0000700e    00000002     --HOLE-- [fill = 0]
                  00007010    00000006     sysbios.aem4f : BIOS.obj (.text:ti_sysbios_family_arm_m3_Hwi_doTaskRestore__I)
                  00007016    00000002     --HOLE-- [fill = 0]
                  00007018    00000006                   : BIOS.obj (.text:ti_sysbios_family_arm_m3_Hwi_restoreFxn__E)
                  0000701e    00000002     --HOLE-- [fill = 0]
                  00007020    00000006                   : BIOS.obj (.text:ti_sysbios_gates_GateHwi_leave__E)
                  00007026    00000002     --HOLE-- [fill = 0]
                  00007028    00000006                   : BIOS.obj (.text:ti_sysbios_heaps_HeapMem_isBlocking__E)
                  0000702e    00000002     --HOLE-- [fill = 0]
                  00007030    00000006                   : BIOS.obj (.text:ti_sysbios_knl_Queue_Instance_init__E)
                  00007036    00000002     --HOLE-- [fill = 0]
                  00007038    00000006                   : BIOS.obj (.text:ti_sysbios_knl_Swi_startup__E)
                  0000703e    00000006     ti.targets.arm.rtsarm.aem4f : System.oem4f (.text:xdc_runtime_System_Module_startup__E)
                  00007044    00000004     --HOLE-- [fill = 0]
                  00007048    00000004     sysbios.aem4f : BIOS.obj (.text:ti_sysbios_gates_GateHwi_query__E)
                  0000704c    00000004     --HOLE-- [fill = 0]
                  00007050    00000004                   : BIOS.obj (.text:ti_sysbios_gates_GateMutex_query__E)
                  00007054    00000004     --HOLE-- [fill = 0]
                  00007058    00000004                   : BIOS.obj (.text:ti_sysbios_knl_Clock_setPeriod__E)
                  0000705c    00000004     --HOLE-- [fill = 0]
                  00007060    00000004                   : BIOS.obj (.text:ti_sysbios_knl_Task_startup__E)
                  00007064    00000004     --HOLE-- [fill = 0]
                  00007068    00000002                   : BIOS.obj (.text:ti_sysbios_BIOS_linkedWithIncorrectBootLibrary__E)
                  0000706a    00000006     --HOLE-- [fill = 0]
                  00007070    00000002                   : BIOS.obj (.text:ti_sysbios_gates_GateHwi_Instance_init__E)
                  00007072    00000006     --HOLE-- [fill = 0]
                  00007078    00000002                   : BIOS.obj (.text:ti_sysbios_knl_Clock_logTick__E)
                  0000707a    00000006     --HOLE-- [fill = 0]
                  00007080    00000002                   : BIOS.obj (.text:ti_sysbios_knl_Swi_Instance_finalize__E)

.const     0    00007084    00002170     
                  00007084    0000191c     event_pem4f.oem4f (.const:xdc_runtime_Text_charTab__A)
                  000089a0    000001db     main.obj (.const:ASCII)
                  00008b7b    00000001     event_pem4f.oem4f (.const:xdc_runtime_Error_policy__C)
                  00008b7c    000000bc     event_pem4f.oem4f (.const:xdc_runtime_Text_nodeTab__A)
                  00008c38    0000003c     event_pem4f.oem4f (.const:ti_sysbios_knl_Task_Object__PARAMS__C)
                  00008c74    00000038     ti_drivers_config.obj (.const:PowerMSP432_config)
                  00008cac    00000030     event_pem4f.oem4f (.const:ti_sysbios_family_arm_m3_Hwi_Object__PARAMS__C)
                  00008cdc    0000002c     event_pem4f.oem4f (.const:ti_sysbios_hal_Hwi_Object__PARAMS__C)
                  00008d08    00000028     event_pem4f.oem4f (.const:ti_sysbios_heaps_HeapMem_Module__FXNS__C)
                  00008d30    00000028     event_pem4f.oem4f (.const:ti_sysbios_knl_Swi_Object__PARAMS__C)
                  00008d58    00000024     drivers_msp432p401x.aem4f : PWMTimerMSP432.oem4f (.const:PWMTimerMSP432_fxnTable)
                  00008d7c    00000024     event_pem4f.oem4f (.const:ti_sysbios_gates_GateHwi_Module__FXNS__C)
                  00008da0    00000024     event_pem4f.oem4f (.const:ti_sysbios_gates_GateMutex_Module__FXNS__C)
                  00008dc4    00000024     event_pem4f.oem4f (.const:ti_sysbios_heaps_HeapMem_Object__PARAMS__C)
                  00008de8    00000024     event_pem4f.oem4f (.const:ti_sysbios_knl_Clock_Object__PARAMS__C)
                  00008e0c    00000024     event_pem4f.oem4f (.const:ti_sysbios_knl_Semaphore_Object__PARAMS__C)
                  00008e30    00000024     event_pem4f.oem4f (.const:xdc_runtime_Startup_sfxnTab__A)
                  00008e54    00000020     event_pem4f.oem4f (.const:ti_sysbios_family_arm_m3_Hwi_Object__DESC__C)
                  00008e74    00000020     event_pem4f.oem4f (.const:ti_sysbios_gates_GateHwi_Object__DESC__C)
                  00008e94    00000020     event_pem4f.oem4f (.const:ti_sysbios_gates_GateMutex_Object__DESC__C)
                  00008eb4    00000020     event_pem4f.oem4f (.const:ti_sysbios_hal_Hwi_Object__DESC__C)
                  00008ed4    00000020     event_pem4f.oem4f (.const:ti_sysbios_heaps_HeapMem_Object__DESC__C)
                  00008ef4    00000020     event_pem4f.oem4f (.const:ti_sysbios_knl_Clock_Object__DESC__C)
                  00008f14    00000020     event_pem4f.oem4f (.const:ti_sysbios_knl_Event_Object__DESC__C)
                  00008f34    00000020     event_pem4f.oem4f (.const:ti_sysbios_knl_Queue_Object__DESC__C)
                  00008f54    00000020     event_pem4f.oem4f (.const:ti_sysbios_knl_Semaphore_Object__DESC__C)
                  00008f74    00000020     event_pem4f.oem4f (.const:ti_sysbios_knl_Swi_Object__DESC__C)
                  00008f94    00000020     event_pem4f.oem4f (.const:ti_sysbios_knl_Task_Object__DESC__C)
                  00008fb4    00000018     ti_drivers_config.obj (.const:PWM_config)
                  00008fcc    00000018     drivers_msp432p401x.aem4f : PWM.oem4f (.const:PWM_defaultParams)
                  00008fe4    00000018     event_pem4f.oem4f (.const:ti_sysbios_gates_GateHwi_Object__PARAMS__C)
                  00008ffc    00000018     event_pem4f.oem4f (.const:ti_sysbios_gates_GateMutex_Object__PARAMS__C)
                  00009014    00000018     event_pem4f.oem4f (.const:ti_sysbios_knl_Event_Object__PARAMS__C)
                  0000902c    00000018     event_pem4f.oem4f (.const:ti_sysbios_knl_Queue_Object__PARAMS__C)
                  00009044    00000012     event_pem4f.oem4f (.const:xdc_runtime_Startup_sfxnRts__A)
                  00009056    00000002     ti_drivers_config.obj (.const)
                  00009058    00000010     drivers_msp432p401x.aem4f : PWMTimerMSP432.oem4f (.const:pwmTimerBaseAddr)
                  00009068    00000010     ti_drivers_config.obj (.const:pwmTimerMSP432HWAttrs)
                  00009078    0000000c     event_pem4f.oem4f (.const:xdc_runtime_Startup_firstFxns__A)
                  00009084    00000008     event_pem4f.oem4f (.const:ti_sysbios_family_arm_m3_Hwi_excHookFuncs__A)
                  0000908c    00000008     event_pem4f.oem4f (.const:ti_sysbios_knl_Idle_funcList__A)
                  00009094    00000008     event_pem4f.oem4f (.const:ti_sysbios_knl_Idle_funcList__C)
                  0000909c    00000008     event_pem4f.oem4f (.const:xdc_runtime_Startup_firstFxns__C)
                  000090a4    00000008     event_pem4f.oem4f (.const:xdc_runtime_Startup_lastFxns__C)
                  000090ac    00000004     event_pem4f.oem4f (.const:ti_sysbios_family_arm_m3_Hwi_E_NMI__C)
                  000090b0    00000004     event_pem4f.oem4f (.const:ti_sysbios_family_arm_m3_Hwi_E_alreadyDefined__C)
                  000090b4    00000004     event_pem4f.oem4f (.const:ti_sysbios_family_arm_m3_Hwi_E_badIntNum__C)
                  000090b8    00000004     event_pem4f.oem4f (.const:ti_sysbios_family_arm_m3_Hwi_E_busFault__C)
                  000090bc    00000004     event_pem4f.oem4f (.const:ti_sysbios_family_arm_m3_Hwi_E_debugMon__C)
                  000090c0    00000004     event_pem4f.oem4f (.const:ti_sysbios_family_arm_m3_Hwi_E_hardFault__C)
                  000090c4    00000004     event_pem4f.oem4f (.const:ti_sysbios_family_arm_m3_Hwi_E_memFault__C)
                  000090c8    00000004     event_pem4f.oem4f (.const:ti_sysbios_family_arm_m3_Hwi_E_noIsr__C)
                  000090cc    00000004     event_pem4f.oem4f (.const:ti_sysbios_family_arm_m3_Hwi_E_reserved__C)
                  000090d0    00000004     event_pem4f.oem4f (.const:ti_sysbios_family_arm_m3_Hwi_E_svCall__C)
                  000090d4    00000004     event_pem4f.oem4f (.const:ti_sysbios_family_arm_m3_Hwi_E_usageFault__C)
                  000090d8    00000004     event_pem4f.oem4f (.const:ti_sysbios_family_arm_m3_Hwi_NUM_INTERRUPTS__C)
                  000090dc    00000004     event_pem4f.oem4f (.const:ti_sysbios_family_arm_m3_Hwi_Object__count__C)
                  000090e0    00000004     event_pem4f.oem4f (.const:ti_sysbios_family_arm_m3_Hwi_ccr__C)
                  000090e4    00000004     event_pem4f.oem4f (.const:ti_sysbios_family_arm_m3_Hwi_excHandlerFunc__C)
                  000090e8    00000004     event_pem4f.oem4f (.const:ti_sysbios_family_arm_m3_Hwi_excHookFuncs__C)
                  000090ec    00000004     event_pem4f.oem4f (.const:ti_sysbios_family_arm_m3_Hwi_nullIsrFunc__C)
                  000090f0    00000004     event_pem4f.oem4f (.const:ti_sysbios_family_arm_m3_Hwi_priGroup__C)
                  000090f4    00000004     event_pem4f.oem4f (.const:ti_sysbios_family_arm_m3_Hwi_swiDisable__C)
                  000090f8    00000004     event_pem4f.oem4f (.const:ti_sysbios_family_arm_m3_Hwi_swiRestore__C)
                  000090fc    00000004     event_pem4f.oem4f (.const:ti_sysbios_family_arm_m3_TaskSupport_stackAlignment__C)
                  00009100    00000004     event_pem4f.oem4f (.const:ti_sysbios_family_arm_msp432_Timer_numTimerDevices__C)
                  00009104    00000004     event_pem4f.oem4f (.const:ti_sysbios_family_arm_msp432_Timer_startupNeeded__C)
                  00009108    00000004     event_pem4f.oem4f (.const:ti_sysbios_gates_GateMutex_Instance_State_sem__O)
                  0000910c    00000004     event_pem4f.oem4f (.const:ti_sysbios_hal_Hwi_E_stackOverflow__C)
                  00009110    00000004     event_pem4f.oem4f (.const:ti_sysbios_heaps_HeapMem_E_memory__C)
                  00009114    00000004     event_pem4f.oem4f (.const:ti_sysbios_heaps_HeapMem_Module__gateObj__C)
                  00009118    00000004     event_pem4f.oem4f (.const:ti_sysbios_heaps_HeapMem_Object__count__C)
                  0000911c    00000004     event_pem4f.oem4f (.const:ti_sysbios_heaps_HeapMem_primaryHeapBaseAddr__C)
                  00009120    00000004     event_pem4f.oem4f (.const:ti_sysbios_heaps_HeapMem_primaryHeapEndAddr__C)
                  00009124    00000004     event_pem4f.oem4f (.const:ti_sysbios_heaps_HeapMem_reqAlign__C)
                  00009128    00000004     event_pem4f.oem4f (.const:ti_sysbios_knl_Clock_Module_State_clockQ__O)
                  0000912c    00000004     event_pem4f.oem4f (.const:ti_sysbios_knl_Event_Instance_State_pendQ__O)
                  00009130    00000004     event_pem4f.oem4f (.const:ti_sysbios_knl_Mailbox_Instance_State_freeQue__O)
                  00009134    00000004     event_pem4f.oem4f (.const:ti_sysbios_knl_Mailbox_Object__count__C)
                  00009138    00000004     event_pem4f.oem4f (.const:ti_sysbios_knl_Mailbox_maxTypeAlign__C)
                  0000913c    00000004     event_pem4f.oem4f (.const:ti_sysbios_knl_Semaphore_Instance_State_pendQ__O)
                  00009140    00000004     event_pem4f.oem4f (.const:ti_sysbios_knl_Semaphore_eventPost__C)
                  00009144    00000004     event_pem4f.oem4f (.const:ti_sysbios_knl_Semaphore_eventSync__C)
                  00009148    00000004     event_pem4f.oem4f (.const:ti_sysbios_knl_Swi_Object__count__C)
                  0000914c    00000004     event_pem4f.oem4f (.const:ti_sysbios_knl_Task_E_spOutOfBounds__C)
                  00009150    00000004     event_pem4f.oem4f (.const:ti_sysbios_knl_Task_E_stackOverflow__C)
                  00009154    00000004     event_pem4f.oem4f (.const:ti_sysbios_knl_Task_Module_State_inactiveQ__O)
                  00009158    00000004     event_pem4f.oem4f (.const:ti_sysbios_knl_Task_Object__count__C)
                  0000915c    00000004     event_pem4f.oem4f (.const:ti_sysbios_knl_Task_allBlockedFunc__C)
                  00009160    00000004     event_pem4f.oem4f (.const:ti_sysbios_knl_Task_defaultStackHeap__C)
                  00009164    00000004     event_pem4f.oem4f (.const:ti_sysbios_knl_Task_defaultStackSize__C)
                  00009168    00000004     event_pem4f.oem4f (.const:ti_sysbios_knl_Task_numConstructedTasks__C)
                  0000916c    00000004     event_pem4f.oem4f (.const:xdc_runtime_Assert_E_assertFailed__C)
                  00009170    00000004     event_pem4f.oem4f (.const:xdc_runtime_Core_A_initializedParams__C)
                  00009174    00000004     event_pem4f.oem4f (.const:xdc_runtime_Core_Module__diagsEnabled__C)
                  00009178    00000004     event_pem4f.oem4f (.const:xdc_runtime_Core_Module__diagsIncluded__C)
                  0000917c    00000004     event_pem4f.oem4f (.const:xdc_runtime_Core_Module__diagsMask__C)
                  00009180    00000004     event_pem4f.oem4f (.const:xdc_runtime_Error_E_memory__C)
                  00009184    00000004     event_pem4f.oem4f (.const:xdc_runtime_Error_policyFxn__C)
                  00009188    00000004     event_pem4f.oem4f (.const:xdc_runtime_Error_raiseHook__C)
                  0000918c    00000004     event_pem4f.oem4f (.const:xdc_runtime_IGateProvider_Interface__BASE__C)
                  00009190    00000004     event_pem4f.oem4f (.const:xdc_runtime_IHeap_Interface__BASE__C)
                  00009194    00000004     event_pem4f.oem4f (.const:xdc_runtime_IModule_Interface__BASE__C)
                  00009198    00000004     event_pem4f.oem4f (.const:xdc_runtime_Memory_defaultHeapInstance__C)
                  0000919c    00000004     event_pem4f.oem4f (.const:xdc_runtime_Startup_execImpl__C)
                  000091a0    00000004     event_pem4f.oem4f (.const:xdc_runtime_Startup_maxPasses__C)
                  000091a4    00000004     event_pem4f.oem4f (.const:xdc_runtime_Startup_sfxnRts__C)
                  000091a8    00000004     event_pem4f.oem4f (.const:xdc_runtime_Startup_sfxnTab__C)
                  000091ac    00000004     event_pem4f.oem4f (.const:xdc_runtime_SysMin_bufSize__C)
                  000091b0    00000004     event_pem4f.oem4f (.const:xdc_runtime_SysMin_outputFunc__C)
                  000091b4    00000004     event_pem4f.oem4f (.const:xdc_runtime_System_Module__gateObj__C)
                  000091b8    00000004     event_pem4f.oem4f (.const:xdc_runtime_System_abortFxn__C)
                  000091bc    00000004     event_pem4f.oem4f (.const:xdc_runtime_System_exitFxn__C)
                  000091c0    00000004     event_pem4f.oem4f (.const:xdc_runtime_System_extendFxn__C)
                  000091c4    00000004     event_pem4f.oem4f (.const:xdc_runtime_System_maxAtexitHandlers__C)
                  000091c8    00000004     event_pem4f.oem4f (.const:xdc_runtime_Text_charTab__C)
                  000091cc    00000004     event_pem4f.oem4f (.const:xdc_runtime_Text_nodeTab__C)
                  000091d0    00000004     event_pem4f.oem4f (.const:xdc_runtime_Text_visitRopeFxn__C)
                  000091d4    00000002     event_pem4f.oem4f (.const:ti_sysbios_family_arm_m3_Hwi_Module__id__C)
                  000091d6    00000002     event_pem4f.oem4f (.const:ti_sysbios_family_arm_msp432_init_Boot_bypassHFXT__C)
                  000091d8    00000002     event_pem4f.oem4f (.const:ti_sysbios_family_arm_msp432_init_Boot_bypassLFXT__C)
                  000091da    00000002     event_pem4f.oem4f (.const:ti_sysbios_family_arm_msp432_init_Boot_enableHFXT__C)
                  000091dc    00000002     event_pem4f.oem4f (.const:ti_sysbios_family_arm_msp432_init_Boot_enableLFXT__C)
                  000091de    00000002     event_pem4f.oem4f (.const:ti_sysbios_hal_Hwi_Module__id__C)
                  000091e0    00000002     event_pem4f.oem4f (.const:ti_sysbios_heaps_HeapMem_Module__id__C)
                  000091e2    00000002     event_pem4f.oem4f (.const:ti_sysbios_knl_Task_Module__id__C)
                  000091e4    00000002     event_pem4f.oem4f (.const:xdc_runtime_Core_Module__id__C)
                  000091e6    00000002     event_pem4f.oem4f (.const:xdc_runtime_Error_Module__loggerDefined__C)
                  000091e8    00000002     event_pem4f.oem4f (.const:xdc_runtime_Error_maxDepth__C)
                  000091ea    00000002     event_pem4f.oem4f (.const:xdc_runtime_Memory_Module__id__C)
                  000091ec    00000002     event_pem4f.oem4f (.const:xdc_runtime_SysMin_flushAtExit__C)
                  000091ee    00000002     event_pem4f.oem4f (.const:xdc_runtime_Text_isLoaded__C)
                  000091f0    00000002     event_pem4f.oem4f (.const:xdc_runtime_Text_registryModsLastId__C)
                  000091f2    00000002     event_pem4f.oem4f (.const:xdc_runtime_Text_unnamedModsLastId__C)

.cinit     0    000091f8    00000238     
                  000091f8    0000020d     (.cinit..data.load) [load image, compression = lzss]
                  00009405    00000003     --HOLE-- [fill = 0]
                  00009408    0000000c     (__TI_handler_table)
                  00009414    00000004     --HOLE-- [fill = 0]
                  00009418    00000008     (.cinit..bss.load) [load image, compression = zero_init]
                  00009420    00000010     (__TI_cinit_table)

.init_array 
*          0    00000000    00000000     UNINITIALIZED

.bss       0    20008140    0000106c     UNINITIALIZED
                  20008140    00000200     event_pem4f.oem4f (.bss:taskStackSection)
                  20008340    00000200     (.common:fanPWMStack)
                  20008540    00000200     (.common:inputTaskStack)
                  20008740    00000200     (.common:lcdTaskStack)
                  20008940    00000200     (.common:tempI2CStack)
                  20008b40    00000200     (.common:xdc_runtime_SysMin_Module_State_0_outbuf__A)
                  20008d40    00000140     (.common:ti_sysbios_family_arm_m3_Hwi_dispatchTable)
                  20008e80    00000120     rtsv7M4_T_le_v4SPD16_eabi.lib : trgmsg.c.obj (.bss:_CIOBUF_)
                  20008fa0    00000050     (.common:fanPWMStruct)
                  20008ff0    00000050     (.common:inputTaskStruct)
                  20009040    00000050     (.common:lcdTaskStruct)
                  20009090    00000050     (.common:tempI2CStruct)
                  200090e0    00000034     (.common:toFarenheitSwiStruct)
                  20009114    00000024     (.common:adcClkStruct)
                  20009138    00000018     (.common:pwmTimerMSP432Objects)
                  20009150    00000014     (.common:newTempReadingStruct)
                  20009164    00000014     (.common:updateLCDEventStruct)
                  20009178    0000000c     (.common:adcInterruptHwiStruct)
                  20009184    00000008     msp432p4xx_driverlib.lib : cs.o (.bss)
                  2000918c    00000008     (.common:parmbuf)
                  20009194    00000004     drivers_msp432p401x.aem4f : TimerMSP432.oem4f (.bss:timerState)
                  20009198    00000004     (.common:adcClkHandle)
                  2000919c    00000004     (.common:adcInterruptHwiHandle)
                  200091a0    00000004     (.common:newTempReadingHandle)
                  200091a4    00000004     (.common:toFarenheitSwiHandle)
                  200091a8    00000004     (.common:updateLCDEventHandle)

.data      0    200091ac    0000069b     UNINITIALIZED
                  200091ac    00000140     drivers_msp432p401x.aem4f : PowerMSP432.oem4f (.data:PowerMSP432_perfLevels)
                  200092ec    00000110                               : PWMTimerMSP432.oem4f (.data:pwmTimerStatus)
                  200093fc    00000080     event_pem4f.oem4f (.data:ti_sysbios_knl_Swi_Module_State_0_readyQ__A)
                  2000947c    00000080     event_pem4f.oem4f (.data:ti_sysbios_knl_Task_Module_State_0_readyQ__A)
                  200094fc    0000004c     event_pem4f.oem4f (.data:ti_sysbios_knl_Task_Object__table__V)
                  20009548    00000044     event_pem4f.oem4f (.data:ti_sysbios_family_arm_msp432_Timer_Object__table__V)
                  2000958c    00000044     event_pem4f.oem4f (.data:ti_sysbios_knl_Task_Module__state__V)
                  200095d0    00000038     event_pem4f.oem4f (.data:ti_sysbios_gates_GateMutex_Object__table__V)
                  20009608    00000034     event_pem4f.oem4f (.data:ti_sysbios_family_arm_m3_Hwi_Module__state__V)
                  2000963c    00000030     event_pem4f.oem4f (.data:ti_sysbios_knl_Swi_Object__table__V)
                  2000966c    0000002c     drivers_msp432p401x.aem4f : PowerMSP432.oem4f (.data:PowerMSP432_module)
                  20009698    0000002c     event_pem4f.oem4f (.data:ti_sysbios_knl_Clock_Module__state__V)
                  200096c4    00000024     event_pem4f.oem4f (.data:ti_sysbios_BIOS_Module__state__V)
                  200096e8    00000020     event_pem4f.oem4f (.data:ti_sysbios_family_arm_msp432_Timer_Module_State_0_device__A)
                  20009708    00000020     event_pem4f.oem4f (.data:xdc_runtime_Error_IgnoreBlock)
                  20009728    0000001c     event_pem4f.oem4f (.data:ti_sysbios_knl_Swi_Module__state__V)
                  20009744    00000018     event_pem4f.oem4f (.data:ti_sysbios_family_arm_m3_Hwi_Object__table__V)
                  2000975c    00000018     event_pem4f.oem4f (.data:ti_sysbios_heaps_HeapMem_Object__table__V)
                  20009774    00000010     event_pem4f.oem4f (.data:ti_sysbios_family_arm_msp432_Timer_Module_State_0_handles__A)
                  20009784    0000000c     event_pem4f.oem4f (.data:ti_sysbios_family_arm_msp432_ClockFreqs_Module__state__V)
                  20009790    0000000c     event_pem4f.oem4f (.data:ti_sysbios_family_arm_msp432_Timer_Module__state__V)
                  2000979c    0000000c     event_pem4f.oem4f (.data:xdc_runtime_SysMin_Module__state__V)
                  200097a8    00000008     rtsv7M4_T_le_v4SPD16_eabi.lib : _lock.c.obj (.data:$O1$$)
                  200097b0    00000008     event_pem4f.oem4f (.data:ti_sysbios_family_arm_m3_Hwi_Module__root__V)
                  200097b8    00000008     event_pem4f.oem4f (.data:ti_sysbios_gates_GateHwi_Module__root__V)
                  200097c0    00000008     event_pem4f.oem4f (.data:ti_sysbios_gates_GateMutex_Module__root__V)
                  200097c8    00000008     event_pem4f.oem4f (.data:ti_sysbios_hal_Hwi_Module__root__V)
                  200097d0    00000008     event_pem4f.oem4f (.data:ti_sysbios_heaps_HeapMem_Module__root__V)
                  200097d8    00000008     event_pem4f.oem4f (.data:ti_sysbios_knl_Clock_Module__root__V)
                  200097e0    00000008     event_pem4f.oem4f (.data:ti_sysbios_knl_Event_Module__root__V)
                  200097e8    00000008     event_pem4f.oem4f (.data:ti_sysbios_knl_Queue_Module__root__V)
                  200097f0    00000008     event_pem4f.oem4f (.data:ti_sysbios_knl_Semaphore_Module__root__V)
                  200097f8    00000008     event_pem4f.oem4f (.data:ti_sysbios_knl_Swi_Module__root__V)
                  20009800    00000008     event_pem4f.oem4f (.data:ti_sysbios_knl_Task_Module__root__V)
                  20009808    00000008     event_pem4f.oem4f (.data:xdc_runtime_Registry_Module__state__V)
                  20009810    00000008     event_pem4f.oem4f (.data:xdc_runtime_Startup_Module__state__V)
                  20009818    00000008     event_pem4f.oem4f (.data:xdc_runtime_System_Module_State_0_atexitHandlers__A)
                  20009820    00000008     event_pem4f.oem4f (.data:xdc_runtime_System_Module__state__V)
                  20009828    00000004     rtsv7M4_T_le_v4SPD16_eabi.lib : stkdepth_vars.c.obj (.data)
                  2000982c    00000004     event_pem4f.oem4f (.data:ti_sysbios_family_arm_m3_Hwi_Module_State_0_excContext__A)
                  20009830    00000004     event_pem4f.oem4f (.data:ti_sysbios_family_arm_m3_Hwi_Module_State_0_excStack__A)
                  20009834    00000004     event_pem4f.oem4f (.data:ti_sysbios_gates_GateHwi_Object__table__V)
                  20009838    00000004     event_pem4f.oem4f (.data:ti_sysbios_knl_Task_Module_State_0_idleTask__A)
                  2000983c    00000004     event_pem4f.oem4f (.data:xdc_runtime_Memory_Module__state__V)
                  20009840    00000002     main.obj (.data)
                  20009842    00000002     event_pem4f.oem4f (.data:ti_sysbios_family_arm_m3_Hwi_Module_State_0_excActive__A)
                  20009844    00000002     event_pem4f.oem4f (.data:xdc_runtime_Error_Module__state__V)
                  20009846    00000001     drivers_msp432p401x.aem4f : PWM.oem4f (.data)

.priheap   0    20000140    00008000     UNINITIALIZED
                  20000140    00008000     --HOLE--

.stack     0    2000fc00    00000400     UNINITIALIZED
                  2000fc00    00000400     --HOLE--

.bootVecs 
*          0    00000000    00000008     DSECT
                  00000000    00000008     boot.aem4f : boot.oem4f (.bootVecs)

.resetVecs 
*          0    00000000    0000003c     
                  00000000    0000003c     event_pem4f.oem4f (.resetVecs)

.vecs      0    20000000    00000140     NOLOAD SECTION
                  20000000    00000140     event_pem4f.oem4f (.vecs)

xdc.meta   0    00000000    000000d6     COPY SECTION
                  00000000    000000d6     event_pem4f.oem4f (xdc.meta)

__llvm_prf_cnts 
*          0    20000000    00000000     UNINITIALIZED

.binit     0    00000000    00000000     

MODULE SUMMARY

       Module                       code    ro data   rw data
       ------                       ----    -------   -------
    .\
       main.obj                     2328    475       5060   
    +--+----------------------------+-------+---------+---------+
       Total:                       2328    475       5060   
                                                             
    .\syscfg\
       ti_drivers_config.obj        14      98        48     
    +--+----------------------------+-------+---------+---------+
       Total:                       14      98        48     
                                                             
    C:\advembed_labs\bartmanFinalLab\Debug\configPkg\package\cfg\
       event_pem4f.oem4f            2154    7971      5408   
    +--+----------------------------+-------+---------+---------+
       Total:                       2154    7971      5408   
                                                             
    C:/ti/simplelink_msp432p4_sdk_3_40_01_02/kernel/tirtos/packages/ti/dpl/lib/dpl_msp432p401x.aem4f
       PowerMSP432_tirtos.oem4f     122     0         0      
       HwiP_tirtos.oem4f            84      0         0      
    +--+----------------------------+-------+---------+---------+
       Total:                       206     0         0      
                                                             
    C:/ti/simplelink_msp432p4_sdk_3_40_01_02/source/ti/devices/msp432p4xx/driverlib/ccs/msp432p4xx_driverlib.lib
       pcm.o                        1770    0         0      
       cs.o                         704     0         16     
       sysctl_a.o                   64      0         0      
       rtc_c.o                      44      0         0      
       wdt_a.o                      36      0         0      
       cpu.o                        28      0         0      
       sysctl.o                     16      0         0      
    +--+----------------------------+-------+---------+---------+
       Total:                       2662    0         16     
                                                             
    C:/ti/simplelink_msp432p4_sdk_3_40_01_02/source/ti/drivers/lib/drivers_msp432p401x.aem4f
       PowerMSP432.oem4f            2196    0         728    
       PWMTimerMSP432.oem4f         1992    52        544    
       TimerMSP432.oem4f            204     0         8      
       PWM.oem4f                    172     24        2      
       List.oem4f                   76      0         0      
    +--+----------------------------+-------+---------+---------+
       Total:                       4640    76        1282   
                                                             
    C:\advembed_labs\bartmanFinalLab\src\sysbios\sysbios.aem4f
       BIOS.obj                     10006   0         0      
       m3_Hwi_asm.obj               318     0         0      
       m3_TaskSupport_asm.obj       180     0         0      
       m3_Hwi_asm_switch.obj        118     0         0      
    +--+----------------------------+-------+---------+---------+
       Total:                       10622   0         0      
                                                             
    C:\ti\ccs1011\ccs\tools\compiler\ti-cgt-arm_20.2.1.LTS\lib\rtsv7M4_T_le_v4SPD16_eabi.lib
       trgmsg.c.obj                 108     0         576    
       fd_add_t2.asm.obj            438     0         0      
       fd_mul_t2.asm.obj            252     0         0      
       memcpy_t2.asm.obj            156     0         0      
       ull_div_t2.asm.obj           150     0         0      
       memset_t2.asm.obj            122     0         0      
       copy_decompress_lzss.c.obj   104     0         0      
       hostwrite.c.obj              88      0         0      
       cpy_tbl.c.obj                76      0         0      
       fd_toi_t2.asm.obj            72      0         0      
       u_divt2.asm.obj              64      0         0      
       _lock.c.obj                  26      0         16     
       u_tofd_t2.asm.obj            32      0         0      
       args_main.c.obj              24      0         0      
       strlen.c.obj                 20      0         0      
       hostopen.c.obj               0       0         16     
       copy_decompress_none.c.obj   14      0         0      
       copy_zero_init.c.obj         12      0         0      
       stkdepth_vars.c.obj          0       0         8      
       exit.c.obj                   4       0         0      
       div0.asm.obj                 2       0         0      
    +--+----------------------------+-------+---------+---------+
       Total:                       1764    0         616    
                                                             
    C:\ti\simplelink_msp432p4_sdk_3_40_01_02\kernel\tirtos\packages\ti\targets\arm\rtsarm\lib\auto_init.aem4f
       auto_init.oem4f              160     0         0      
    +--+----------------------------+-------+---------+---------+
       Total:                       160     0         0      
                                                             
    C:\ti\simplelink_msp432p4_sdk_3_40_01_02\kernel\tirtos\packages\ti\targets\arm\rtsarm\lib\boot.aem4f
       boot.oem4f                   88      0         0      
    +--+----------------------------+-------+---------+---------+
       Total:                       88      0         0      
                                                             
    C:\ti\simplelink_msp432p4_sdk_3_40_01_02\kernel\tirtos\packages\ti\targets\arm\rtsarm\lib\ti.targets.arm.rtsarm.aem4f
       System.oem4f                 1249    0         0      
       Text.oem4f                   596     0         0      
       Error.oem4f                  500     0         0      
       Startup.oem4f                344     0         0      
       Core-mem.oem4f               334     0         0      
       SysMin.oem4f                 248     0         0      
       Core-smem.oem4f              204     0         0      
       Memory.oem4f                 180     0         0      
       Assert.oem4f                 76      0         0      
       Core-params.oem4f            72      0         0      
       Gate.oem4f                   28      0         0      
       Registry.oem4f               28      0         0      
    +--+----------------------------+-------+---------+---------+
       Total:                       3859    0         0      
                                                             
       Stack:                       0       0         2048   
       Linker Generated:            0       561       0      
    +--+----------------------------+-------+---------+---------+
       Grand Total:                 28497   9181      14478  


LINKER GENERATED COPY TABLES

__TI_cinit_table @ 00009420 records: 2, size/record: 8, table size: 16
	.data: load addr=000091f8, load size=0000020d bytes, run addr=200091ac, run size=0000069b bytes, compression=lzss
	.bss: load addr=00009418, load size=00000008 bytes, run addr=20008140, run size=0000106c bytes, compression=zero_init


LINKER GENERATED HANDLER TABLE

__TI_handler_table @ 00009408 records: 3, size/record: 4, table size: 12
	index: 0, handler: __TI_decompress_lzss
	index: 1, handler: __TI_decompress_none
	index: 2, handler: __TI_zero_init


GLOBAL SYMBOLS: SORTED ALPHABETICALLY BY Name 

address   name                                                            
-------   ----                                                            
00006e4f  Board_init                                                      
00000d33  Board_initHook                                                  
000017f5  C$$EXIT                                                         
00005a17  C$$IO$$                                                         
00006e5b  CPU_cpsid                                                       
00006e67  CPU_cpsie                                                       
00001515  CPU_wfi                                                         
00006671  CS_setExternalClockSourceFrequency                              
00002751  CS_startHFXTWithTimeout                                         
00002835  CS_startLFXTWithTimeout                                         
00008000  HEAPSIZE                                                        
[...]
00006f61  ti_sysbios_knl_Queue_Object__get__S                             
00006f6d  ti_sysbios_knl_Swi_Params__init__S                              
00006f85  ti_sysbios_knl_Task_Params__init__S                             
00006f91  xdc_runtime_Gate_enterSystem__E                                 
00006f9d  xdc_runtime_Memory_calloc__E                                    
00006fa9  xdc_runtime_Memory_getMaxDefaultTypeAlign__E                    
00006fb5  xdc_runtime_Startup_rtsDone__E                                  
00006fc1  PWM_start                                                       
00006fcb  PWM_stop                                                        
00006fd9  ti_sysbios_hal_Hwi_Instance_finalize__E                         
00006fe3  xdc_runtime_Memory_HeapProxy_alloc__E                           
00006fed  xdc_runtime_Memory_HeapProxy_free__E                            
00006ff9  ti_sysbios_family_arm_m3_Hwi_doSwiRestore__I                    
00007001  ti_sysbios_family_arm_m3_Hwi_startup__E                         
00007001  ti_sysbios_hal_Hwi_HwiProxy_startup__E                          
00007001  ti_sysbios_hal_Hwi_startup__E                                   
00007009  PWMTimerMSP432_setDutyAndPeriod                                 
00007011  ti_sysbios_family_arm_m3_Hwi_doTaskRestore__I                   
00007019  HwiP_restore                                                    
00007019  ti_sysbios_family_arm_m3_Hwi_restoreFxn__E                      
00007019  ti_sysbios_hal_Hwi_HwiProxy_restore__E                          
00007021  ti_sysbios_gates_GateHwi_leave__E                               
00007029  ti_sysbios_heaps_HeapMem_isBlocking__E                          
00007031  ti_sysbios_knl_Queue_Instance_init__E                           
00007039  ti_sysbios_knl_Swi_startup__E                                   
0000703f  xdc_runtime_System_Module_startup__E                            
00007049  ti_sysbios_gates_GateHwi_query__E                               
00007049  xdc_runtime_Main_Module_GateProxy_query__E                      
00007049  xdc_runtime_System_Module_GateProxy_query__E                    
00007051  ti_sysbios_BIOS_RtsGateProxy_query__E                           
00007051  ti_sysbios_gates_GateMutex_query__E                             
00007051  ti_sysbios_heaps_HeapMem_Module_GateProxy_query__E              
00007059  ti_sysbios_knl_Clock_setPeriod__E                               
00007061  ti_sysbios_knl_Task_startup__E                                  
00007069  ti_sysbios_BIOS_linkedWithIncorrectBootLibrary__E               
00007071  ti_sysbios_gates_GateHwi_Instance_init__E                       
00007079  ti_sysbios_knl_Clock_logTick__E                                 
00007081  ti_sysbios_knl_Swi_Instance_finalize__E                         
00007084  xdc_runtime_Text_charTab__A                                     
00008000  HEAPSIZE                                                        
00008b7b  xdc_runtime_Error_policy__C                                     
00008b7c  xdc_runtime_Text_nodeTab__A                                     
00008c38  ti_sysbios_knl_Task_Object__PARAMS__C                           
00008c74  PowerMSP432_config                                              
00008cac  ti_sysbios_family_arm_m3_Hwi_Object__PARAMS__C                  
00008cdc  ti_sysbios_hal_Hwi_Object__PARAMS__C                            
00008d08  ti_sysbios_heaps_HeapMem_Module__FXNS__C                        
00008d30  ti_sysbios_knl_Swi_Object__PARAMS__C                            
00008d58  PWMTimerMSP432_fxnTable                                         
00008d7c  ti_sysbios_gates_GateHwi_Module__FXNS__C                        
00008da0  ti_sysbios_gates_GateMutex_Module__FXNS__C                      
00008dc4  ti_sysbios_heaps_HeapMem_Object__PARAMS__C                      
00008de8  ti_sysbios_knl_Clock_Object__PARAMS__C                          
00008e0c  ti_sysbios_knl_Semaphore_Object__PARAMS__C                      
00008e30  xdc_runtime_Startup_sfxnTab__A                                  
00008e54  ti_sysbios_family_arm_m3_Hwi_Object__DESC__C                    
00008e74  ti_sysbios_gates_GateHwi_Object__DESC__C                        
00008e94  ti_sysbios_gates_GateMutex_Object__DESC__C                      
00008eb4  ti_sysbios_hal_Hwi_Object__DESC__C                              
00008ed4  ti_sysbios_heaps_HeapMem_Object__DESC__C                        
00008ef4  ti_sysbios_knl_Clock_Object__DESC__C                            
00008f14  ti_sysbios_knl_Event_Object__DESC__C                            
00008f34  ti_sysbios_knl_Queue_Object__DESC__C                            
00008f54  ti_sysbios_knl_Semaphore_Object__DESC__C                        
00008f74  ti_sysbios_knl_Swi_Object__DESC__C                              
00008f94  ti_sysbios_knl_Task_Object__DESC__C                             
00008fb4  PWM_config                                                      
00008fcc  PWM_defaultParams                                               
00008fe4  ti_sysbios_gates_GateHwi_Object__PARAMS__C                      
00008ffc  ti_sysbios_gates_GateMutex_Object__PARAMS__C                    
00009014  ti_sysbios_knl_Event_Object__PARAMS__C                          
0000902c  ti_sysbios_knl_Queue_Object__PARAMS__C                          
00009044  xdc_runtime_Startup_sfxnRts__A                                  
00009056  I2C_count                                                       
00009057  PWM_count                                                       
00009068  pwmTimerMSP432HWAttrs                                           
00009078  xdc_runtime_Startup_firstFxns__A                                
00009084  ti_sysbios_family_arm_m3_Hwi_excHookFuncs__A                    
0000908c  ti_sysbios_knl_Idle_funcList__A                                 
00009094  ti_sysbios_knl_Idle_funcList__C                                 
0000909c  xdc_runtime_Startup_firstFxns__C                                
000090a4  xdc_runtime_Startup_lastFxns__C                                 
000090ac  ti_sysbios_family_arm_m3_Hwi_E_NMI__C                           
000090b0  ti_sysbios_family_arm_m3_Hwi_E_alreadyDefined__C                
000090b4  ti_sysbios_family_arm_m3_Hwi_E_badIntNum__C                     
000090b8  ti_sysbios_family_arm_m3_Hwi_E_busFault__C                      
000090bc  ti_sysbios_family_arm_m3_Hwi_E_debugMon__C                      
000090c0  ti_sysbios_family_arm_m3_Hwi_E_hardFault__C                     
000090c4  ti_sysbios_family_arm_m3_Hwi_E_memFault__C                      
000090c8  ti_sysbios_family_arm_m3_Hwi_E_noIsr__C                         
000090cc  ti_sysbios_family_arm_m3_Hwi_E_reserved__C                      
000090d0  ti_sysbios_family_arm_m3_Hwi_E_svCall__C                        
000090d4  ti_sysbios_family_arm_m3_Hwi_E_usageFault__C                    
000090d8  ti_sysbios_family_arm_m3_Hwi_NUM_INTERRUPTS__C                  
000090dc  ti_sysbios_family_arm_m3_Hwi_Object__count__C                   
000090e0  ti_sysbios_family_arm_m3_Hwi_ccr__C                             
000090e4  ti_sysbios_family_arm_m3_Hwi_excHandlerFunc__C                  
000090e8  ti_sysbios_family_arm_m3_Hwi_excHookFuncs__C                    
000090ec  ti_sysbios_family_arm_m3_Hwi_nullIsrFunc__C                     
000090f0  ti_sysbios_family_arm_m3_Hwi_priGroup__C                        
000090f4  ti_sysbios_family_arm_m3_Hwi_swiDisable__C                      
000090f8  ti_sysbios_family_arm_m3_Hwi_swiRestore__C                      
000090fc  ti_sysbios_family_arm_m3_TaskSupport_stackAlignment__C          
00009100  ti_sysbios_family_arm_msp432_Timer_numTimerDevices__C           
00009104  ti_sysbios_family_arm_msp432_Timer_startupNeeded__C             
00009108  ti_sysbios_gates_GateMutex_Instance_State_sem__O                
0000910c  ti_sysbios_hal_Hwi_E_stackOverflow__C                           
00009110  ti_sysbios_heaps_HeapMem_E_memory__C                            
00009114  ti_sysbios_heaps_HeapMem_Module__gateObj__C                     
00009118  ti_sysbios_heaps_HeapMem_Object__count__C                       
0000911c  ti_sysbios_heaps_HeapMem_primaryHeapBaseAddr__C                 
00009120  ti_sysbios_heaps_HeapMem_primaryHeapEndAddr__C                  
00009124  ti_sysbios_heaps_HeapMem_reqAlign__C                            
00009128  ti_sysbios_knl_Clock_Module_State_clockQ__O                     
0000912c  ti_sysbios_knl_Event_Instance_State_pendQ__O                    
00009130  ti_sysbios_knl_Mailbox_Instance_State_freeQue__O                
00009134  ti_sysbios_knl_Mailbox_Object__count__C                         
00009138  ti_sysbios_knl_Mailbox_maxTypeAlign__C                          
0000913c  ti_sysbios_knl_Semaphore_Instance_State_pendQ__O                
00009140  ti_sysbios_knl_Semaphore_eventPost__C                           
00009144  ti_sysbios_knl_Semaphore_eventSync__C                           
00009148  ti_sysbios_knl_Swi_Object__count__C                             
0000914c  ti_sysbios_knl_Task_E_spOutOfBounds__C                          
00009150  ti_sysbios_knl_Task_E_stackOverflow__C                          
00009154  ti_sysbios_knl_Task_Module_State_inactiveQ__O                   
00009158  ti_sysbios_knl_Task_Object__count__C                            
0000915c  ti_sysbios_knl_Task_allBlockedFunc__C                           
00009160  ti_sysbios_knl_Task_defaultStackHeap__C                         
00009164  ti_sysbios_knl_Task_defaultStackSize__C                         
00009168  ti_sysbios_knl_Task_numConstructedTasks__C                      
0000916c  xdc_runtime_Assert_E_assertFailed__C                            
00009170  xdc_runtime_Core_A_initializedParams__C                         
00009174  xdc_runtime_Core_Module__diagsEnabled__C                        
00009178  xdc_runtime_Core_Module__diagsIncluded__C                       
0000917c  xdc_runtime_Core_Module__diagsMask__C                           
00009180  xdc_runtime_Error_E_memory__C                                   
00009184  xdc_runtime_Error_policyFxn__C                                  
00009188  xdc_runtime_Error_raiseHook__C                                  
0000918c  xdc_runtime_IGateProvider_Interface__BASE__C                    
00009190  xdc_runtime_IHeap_Interface__BASE__C                            
00009194  xdc_runtime_IModule_Interface__BASE__C                          
00009198  xdc_runtime_Memory_defaultHeapInstance__C                       
0000919c  xdc_runtime_Startup_execImpl__C                                 
000091a0  xdc_runtime_Startup_maxPasses__C                                
000091a4  xdc_runtime_Startup_sfxnRts__C                                  
000091a8  xdc_runtime_Startup_sfxnTab__C                                  
000091ac  xdc_runtime_SysMin_bufSize__C                                   
000091b0  xdc_runtime_SysMin_outputFunc__C                                
000091b4  xdc_runtime_System_Module__gateObj__C                           
000091b8  xdc_runtime_System_abortFxn__C                                  
000091bc  xdc_runtime_System_exitFxn__C                                   
000091c0  xdc_runtime_System_extendFxn__C                                 
000091c4  xdc_runtime_System_maxAtexitHandlers__C                         
000091c8  xdc_runtime_Text_charTab__C                                     
000091cc  xdc_runtime_Text_nodeTab__C                                     
000091d0  xdc_runtime_Text_visitRopeFxn__C                                
000091d4  ti_sysbios_family_arm_m3_Hwi_Module__id__C                      
000091d6  ti_sysbios_family_arm_msp432_init_Boot_bypassHFXT__C            
000091d8  ti_sysbios_family_arm_msp432_init_Boot_bypassLFXT__C            
000091da  ti_sysbios_family_arm_msp432_init_Boot_enableHFXT__C            
000091dc  ti_sysbios_family_arm_msp432_init_Boot_enableLFXT__C            
000091de  ti_sysbios_hal_Hwi_Module__id__C                                
000091e0  ti_sysbios_heaps_HeapMem_Module__id__C                          
000091e2  ti_sysbios_knl_Task_Module__id__C                               
000091e4  xdc_runtime_Core_Module__id__C                                  
000091e6  xdc_runtime_Error_Module__loggerDefined__C                      
000091e8  xdc_runtime_Error_maxDepth__C                                   
000091ea  xdc_runtime_Memory_Module__id__C                                
000091ec  xdc_runtime_SysMin_flushAtExit__C                               
000091ee  xdc_runtime_Text_isLoaded__C                                    
000091f0  xdc_runtime_Text_registryModsLastId__C                          
000091f2  xdc_runtime_Text_unnamedModsLastId__C                           
000091f8  __TI_static_base__                                              
00009408  __TI_Handler_Table_Base                                         
00009414  __TI_Handler_Table_Limit                                        
00009420  __TI_CINIT_Base                                                 
00009430  __TI_CINIT_Limit                                                
20000000  __start___llvm_prf_cnts                                         
20000000  __stop___llvm_prf_cnts                                          
20000000  ti_sysbios_family_arm_m3_Hwi_ramVectors                         
20000140  __primary_heap_start__                                          
20008140  __primary_heap_end__                                            
20008140  ti_sysbios_knl_Task_Instance_State_0_stack__A                   
20008340  fanPWMStack                                                     
20008540  inputTaskStack                                                  
20008740  lcdTaskStack                                                    
20008940  tempI2CStack                                                    
20008b40  xdc_runtime_SysMin_Module_State_0_outbuf__A                     
20008d40  ti_sysbios_family_arm_m3_Hwi_dispatchTable                      
20008e80  __CIOBUF_                                                       
20008fa0  fanPWMStruct                                                    
20008ff0  inputTaskStruct                                                 
20009040  lcdTaskStruct                                                   
20009090  tempI2CStruct                                                   
200090e0  toFarenheitSwiStruct                                            
20009114  adcClkStruct                                                    
20009138  pwmTimerMSP432Objects                                           
20009150  newTempReadingStruct                                            
20009164  updateLCDEventStruct                                            
20009178  adcInterruptHwiStruct                                           
2000918c  parmbuf                                                         
20009198  adcClkHandle                                                    
2000919c  adcInterruptHwiHandle                                           
200091a0  newTempReadingHandle                                            
200091a4  toFarenheitSwiHandle                                            
200091a8  updateLCDEventHandle                                            
200091ac  PowerMSP432_perfLevels                                          
200093fc  ti_sysbios_knl_Swi_Module_State_0_readyQ__A                     
2000947c  ti_sysbios_knl_Task_Module_State_0_readyQ__A                    
200094fc  ti_sysbios_knl_Task_Object__table__V                            
20009548  ti_sysbios_family_arm_msp432_Timer_Object__table__V             
2000958c  ti_sysbios_knl_Task_Module__state__V                            
200095d0  ti_sysbios_gates_GateMutex_Object__table__V                     
20009608  ti_sysbios_family_arm_m3_Hwi_Module__state__V                   
2000963c  ti_sysbios_knl_Swi_Object__table__V                             
2000966c  PowerMSP432_module                                              
20009698  ti_sysbios_knl_Clock_Module__state__V                           
200096c4  ti_sysbios_BIOS_Module__state__V                                
200096e8  ti_sysbios_family_arm_msp432_Timer_Module_State_0_device__A     
20009708  xdc_runtime_Error_IgnoreBlock                                   
20009728  ti_sysbios_knl_Swi_Module__state__V                             
20009744  ti_sysbios_family_arm_m3_Hwi_Object__table__V                   
2000975c  ti_sysbios_heaps_HeapMem_Object__table__V                       
20009774  ti_sysbios_family_arm_msp432_Timer_Module_State_0_handles__A    
20009784  ti_sysbios_family_arm_msp432_ClockFreqs_Module__state__V        
20009790  ti_sysbios_family_arm_msp432_Timer_Module__state__V             
2000979c  xdc_runtime_SysMin_Module__state__V                             
200097a8  _lock                                                           
200097ac  _unlock                                                         
200097b0  ti_sysbios_family_arm_m3_Hwi_Module__root__V                    
200097b8  ti_sysbios_gates_GateHwi_Module__root__V                        
200097c0  ti_sysbios_gates_GateMutex_Module__root__V                      
200097c8  ti_sysbios_hal_Hwi_Module__root__V                              
200097d0  ti_sysbios_heaps_HeapMem_Module__root__V                        
200097d8  ti_sysbios_knl_Clock_Module__root__V                            
200097e0  ti_sysbios_knl_Event_Module__root__V                            
200097e8  ti_sysbios_knl_Queue_Module__root__V                            
200097f0  ti_sysbios_knl_Semaphore_Module__root__V                        
200097f8  ti_sysbios_knl_Swi_Module__root__V                              
20009800  ti_sysbios_knl_Task_Module__root__V                             
20009808  xdc_runtime_Registry_Module__state__V                           
20009810  xdc_runtime_Startup_Module__state__V                            
20009818  xdc_runtime_System_Module_State_0_atexitHandlers__A             
20009820  xdc_runtime_System_Module__state__V                             
20009828  main_func_sp                                                    
2000982c  ti_sysbios_family_arm_m3_Hwi_Module_State_0_excContext__A       
20009830  ti_sysbios_family_arm_m3_Hwi_Module_State_0_excStack__A         
20009834  ti_sysbios_gates_GateHwi_Object__table__V                       
20009838  ti_sysbios_knl_Task_Module_State_0_idleTask__A                  
2000983c  xdc_runtime_Memory_Module__state__V                             
20009840  desired_temperature                                             
20009841  actual_temperature                                              
20009842  ti_sysbios_family_arm_m3_Hwi_Module_State_0_excActive__A        
20009844  xdc_runtime_Error_Module__state__V                              
2000fc00  __stack                                                         
20010000  __STACK_END                                                     
4000480c  WDTCTL_SYM                                                      
e000e000  ti_sysbios_family_arm_m3_Hwi_nvic                               
ffffffff  __TI_pprof_out_hndl                                             
ffffffff  __TI_prof_data_size                                             
ffffffff  __TI_prof_data_start                                            
ffffffff  __binit__                                                       
ffffffff  __c_args__                                                      
ffffffff  binit                                                           
UNDEFED   SHT$$INIT_ARRAY$$Base                                           
UNDEFED   SHT$$INIT_ARRAY$$Limit                                          

[647 symbols]
